../Core/Src/main.c:68:6:HAL_TIM_IC_CaptureCallback	16	static
../Core/Src/main.c:73:6:HAL_UART_TxCpltCallback	16	static
../Core/Src/main.c:78:6:HAL_UART_RxCpltCallback	16	static
../Core/Src/main.c:91:5:main	104	static
../Core/Src/main.c:203:6:SystemClock_Config	88	static
../Core/Src/main.c:250:13:MX_TIM2_Init	48	static
../Core/Src/main.c:299:13:MX_TIM3_Init	48	static
../Core/Src/main.c:357:13:MX_USART2_UART_Init	8	static
../Core/Src/main.c:390:13:MX_GPIO_Init	48	static
../Core/Src/main.c:430:6:Error_Handler	4	static,ignoring_inline_asm
