16:57:57 **** Incremental Build of configuration Debug for project lab03_ex3 ****
make -j8 all 
arm-none-eabi-gcc "../Core/Src/main.c" -mcpu=cortex-m4 -std=gnu11 -g3 -DDEBUG -DUSE_HAL_DRIVER -DSTM32F401xE -c -I../Core/Inc -I../Drivers/STM32F4xx_HAL_Driver/Inc -I../Drivers/STM32F4xx_HAL_Driver/Inc/Legacy -I../Drivers/CMSIS/Device/ST/STM32F4xx/Include -I../Drivers/CMSIS/Include -O0 -ffunction-sections -fdata-sections -Wall -fstack-usage -fcyclomatic-complexity -MMD -MP -MF"Core/Src/main.d" -MT"Core/Src/main.o" --specs=nano.specs -mfpu=fpv4-sp-d16 -mfloat-abi=hard -mthumb -o "Core/Src/main.o"
arm-none-eabi-gcc -o "lab03_ex3.elf" @"objects.list"   -mcpu=cortex-m4 -T"C:\Users\morae\STM32CubeIDE\workspace_1.7.0\lab03_ex3\STM32F401RETX_FLASH.ld" --specs=nosys.specs -Wl,-Map="lab03_ex3.map" -Wl,--gc-sections -static --specs=nano.specs -mfpu=fpv4-sp-d16 -mfloat-abi=hard -mthumb -Wl,--start-group -lc -lm -Wl,--end-group
Finished building target: lab03_ex3.elf
 
arm-none-eabi-size  lab03_ex3.elf 
arm-none-eabi-objdump -h -S lab03_ex3.elf  > "lab03_ex3.list"
   text	   data	    bss	    dec	    hex	filename
  12680	     20	   1716	  14416	   3850	lab03_ex3.elf
Finished building: default.size.stdout
 
Finished building: lab03_ex3.list
 

16:57:58 Build Finished. 0 errors, 0 warnings. (took 871ms)

