17:14:17 **** Incremental Build of configuration Debug for project LAB03_EX1 ****
make -j8 all 
arm-none-eabi-gcc "../Core/Src/main.c" -mcpu=cortex-m4 -std=gnu11 -g3 -DDEBUG -DUSE_HAL_DRIVER -DSTM32F401xE -c -I../Core/Inc -I../Drivers/STM32F4xx_HAL_Driver/Inc -I../Drivers/STM32F4xx_HAL_Driver/Inc/Legacy -I../Drivers/CMSIS/Device/ST/STM32F4xx/Include -I../Drivers/CMSIS/Include -O0 -ffunction-sections -fdata-sections -Wall -fstack-usage -fcyclomatic-complexity -MMD -MP -MF"Core/Src/main.d" -MT"Core/Src/main.o" --specs=nano.specs -mfpu=fpv4-sp-d16 -mfloat-abi=hard -mthumb -o "Core/Src/main.o"
arm-none-eabi-gcc -o "LAB03_EX1.elf" @"objects.list"   -mcpu=cortex-m4 -T"C:\Users\morae\STM32CubeIDE\workspace_1.7.0\LAB03_EX1\STM32F401RETX_FLASH.ld" --specs=nosys.specs -Wl,-Map="LAB03_EX1.map" -Wl,--gc-sections -static --specs=nano.specs -mfpu=fpv4-sp-d16 -mfloat-abi=hard -mthumb -Wl,--start-group -lc -lm -Wl,--end-group
Finished building target: LAB03_EX1.elf
 
arm-none-eabi-size  LAB03_EX1.elf 
arm-none-eabi-objdump -h -S LAB03_EX1.elf  > "LAB03_EX1.list"
   text	   data	    bss	    dec	    hex	filename
  11136	     20	   1716	  12872	   3248	LAB03_EX1.elf
Finished building: default.size.stdout
 
Finished building: LAB03_EX1.list
 

17:14:18 Build Finished. 0 errors, 0 warnings. (took 990ms)

