13:27:45 **** Build of configuration Debug for project lab04_ex01 ****
make -j8 all 
arm-none-eabi-gcc "../Core/Src/main.c" -mcpu=cortex-m4 -std=gnu11 -g3 -DDEBUG -DUSE_HAL_DRIVER -DSTM32F401xE -c -I../Core/Inc -I../Drivers/STM32F4xx_HAL_Driver/Inc -I../Drivers/STM32F4xx_HAL_Driver/Inc/Legacy -I../Drivers/CMSIS/Device/ST/STM32F4xx/Include -I../Drivers/CMSIS/Include -O0 -ffunction-sections -fdata-sections -Wall -fstack-usage -fcyclomatic-complexity -MMD -MP -MF"Core/Src/main.d" -MT"Core/Src/main.o" --specs=nano.specs -mfpu=fpv4-sp-d16 -mfloat-abi=hard -mthumb -o "Core/Src/main.o"
../Core/Src/main.c: In function 'main':
../Core/Src/main.c:115:74: warning: implicit declaration of function 'strlen' [-Wimplicit-function-declaration]
  115 |   HAL_UART_Transmit_IT(&huart2, (uint8_t *)welcome_message, sizeof(char)*strlen(welcome_message));
      |                                                                          ^~~~~~
../Core/Src/main.c:21:1: note: include '<string.h>' or provide a declaration of 'strlen'
   20 | #include "main.h"
  +++ |+#include <string.h>
   21 | 
../Core/Src/main.c:115:74: warning: incompatible implicit declaration of built-in function 'strlen' [-Wbuiltin-declaration-mismatch]
  115 |   HAL_UART_Transmit_IT(&huart2, (uint8_t *)welcome_message, sizeof(char)*strlen(welcome_message));
      |                                                                          ^~~~~~
../Core/Src/main.c:115:74: note: include '<string.h>' or provide a declaration of 'strlen'
../Core/Src/main.c:129:41: warning: pointer targets in passing argument 2 of 'HAL_UART_Receive_IT' differ in signedness [-Wpointer-sign]
  129 |            HAL_UART_Receive_IT(&huart2, &received_number, 1);
      |                                         ^~~~~~~~~~~~~~~~
      |                                         |
      |                                         char *
In file included from ../Core/Inc/stm32f4xx_hal_conf.h:411,
                 from ../Drivers/STM32F4xx_HAL_Driver/Inc/stm32f4xx_hal.h:29,
                 from ../Core/Inc/main.h:30,
                 from ../Core/Src/main.c:20:
../Drivers/STM32F4xx_HAL_Driver/Inc/stm32f4xx_hal_uart.h:748:75: note: expected 'uint8_t *' {aka 'unsigned char *'} but argument is of type 'char *'
  748 | HAL_StatusTypeDef HAL_UART_Receive_IT(UART_HandleTypeDef *huart, uint8_t *pData, uint16_t Size);
      |                                                                  ~~~~~~~~~^~~~~
arm-none-eabi-gcc -o "lab04_ex01.elf" @"objects.list"   -mcpu=cortex-m4 -T"C:\Users\morae\STM32CubeIDE\workspace_1.7.0\lab04_ex01\STM32F401RETX_FLASH.ld" --specs=nosys.specs -Wl,-Map="lab04_ex01.map" -Wl,--gc-sections -static --specs=nano.specs -mfpu=fpv4-sp-d16 -mfloat-abi=hard -mthumb -Wl,--start-group -lc -lm -Wl,--end-group
Finished building target: lab04_ex01.elf
 
arm-none-eabi-size  lab04_ex01.elf 
arm-none-eabi-objdump -h -S lab04_ex01.elf  > "lab04_ex01.list"
   text	   data	    bss	    dec	    hex	filename
  11068	     20	   1652	  12740	   31c4	lab04_ex01.elf
Finished building: default.size.stdout
 
Finished building: lab04_ex01.list
 

13:27:48 Build Finished. 0 errors, 3 warnings. (took 3s.522ms)

