15:14:48 **** Build of configuration Debug for project lab04_ex03 ****
make -j8 all 
arm-none-eabi-gcc "../Core/Src/main.c" -mcpu=cortex-m4 -std=gnu11 -g3 -DDEBUG -DUSE_HAL_DRIVER -DSTM32F401xE -c -I../Core/Inc -I../Drivers/STM32F4xx_HAL_Driver/Inc -I../Drivers/STM32F4xx_HAL_Driver/Inc/Legacy -I../Drivers/CMSIS/Device/ST/STM32F4xx/Include -I../Drivers/CMSIS/Include -O0 -ffunction-sections -fdata-sections -Wall -fstack-usage -fcyclomatic-complexity -MMD -MP -MF"Core/Src/main.d" -MT"Core/Src/main.o" --specs=nano.specs -mfpu=fpv4-sp-d16 -mfloat-abi=hard -mthumb -o "Core/Src/main.o"
../Core/Src/main.c: In function 'main':
../Core/Src/main.c:128:74: warning: implicit declaration of function 'strlen' [-Wimplicit-function-declaration]
  128 |   HAL_UART_Transmit_IT(&huart2, (uint8_t *)welcome_message, sizeof(char)*strlen(welcome_message));
      |                                                                          ^~~~~~
../Core/Src/main.c:21:1: note: include '<string.h>' or provide a declaration of 'strlen'
   20 | #include "main.h"
  +++ |+#include <string.h>
   21 | 
../Core/Src/main.c:128:74: warning: incompatible implicit declaration of built-in function 'strlen' [-Wbuiltin-declaration-mismatch]
  128 |   HAL_UART_Transmit_IT(&huart2, (uint8_t *)welcome_message, sizeof(char)*strlen(welcome_message));
      |                                                                          ^~~~~~
../Core/Src/main.c:128:74: note: include '<string.h>' or provide a declaration of 'strlen'
../Core/Src/main.c:154:42: warning: implicit declaration of function 'abs' [-Wimplicit-function-declaration]
  154 |                         duty_cycle = 100*abs(rising_edge[0] - falling_edge[0])/period; // duty cycle in percentage
      |                                          ^~~
../Core/Src/main.c:21:1: note: include '<stdlib.h>' or provide a declaration of 'abs'
   20 | #include "main.h"
  +++ |+#include <stdlib.h>
   21 | 
../Core/Src/main.c:171:38: warning: pointer targets in passing argument 2 of 'HAL_UART_Receive_IT' differ in signedness [-Wpointer-sign]
  171 |         HAL_UART_Receive_IT(&huart2, &received_number, 1);
      |                                      ^~~~~~~~~~~~~~~~
      |                                      |
      |                                      char *
In file included from ../Core/Inc/stm32f4xx_hal_conf.h:411,
                 from ../Drivers/STM32F4xx_HAL_Driver/Inc/stm32f4xx_hal.h:29,
                 from ../Core/Inc/main.h:30,
                 from ../Core/Src/main.c:20:
../Drivers/STM32F4xx_HAL_Driver/Inc/stm32f4xx_hal_uart.h:748:75: note: expected 'uint8_t *' {aka 'unsigned char *'} but argument is of type 'char *'
  748 | HAL_StatusTypeDef HAL_UART_Receive_IT(UART_HandleTypeDef *huart, uint8_t *pData, uint16_t Size);
      |                                                                  ~~~~~~~~~^~~~~
../Core/Src/main.c:177:58: warning: implicit declaration of function 'sprintf' [-Wimplicit-function-declaration]
  177 |                    HAL_UART_Transmit_IT(&huart2, buffer, sprintf(buffer, "The measured frequency is %d Hz \n", freq));
      |                                                          ^~~~~~~
../Core/Src/main.c:21:1: note: include '<stdio.h>' or provide a declaration of 'sprintf'
   20 | #include "main.h"
  +++ |+#include <stdio.h>
   21 | 
../Core/Src/main.c:177:58: warning: incompatible implicit declaration of built-in function 'sprintf' [-Wbuiltin-declaration-mismatch]
  177 |                    HAL_UART_Transmit_IT(&huart2, buffer, sprintf(buffer, "The measured frequency is %d Hz \n", freq));
      |                                                          ^~~~~~~
../Core/Src/main.c:177:58: note: include '<stdio.h>' or provide a declaration of 'sprintf'
../Core/Src/main.c:177:50: warning: pointer targets in passing argument 2 of 'HAL_UART_Transmit_IT' differ in signedness [-Wpointer-sign]
  177 |                    HAL_UART_Transmit_IT(&huart2, buffer, sprintf(buffer, "The measured frequency is %d Hz \n", freq));
      |                                                  ^~~~~~
      |                                                  |
      |                                                  char *
In file included from ../Core/Inc/stm32f4xx_hal_conf.h:411,
                 from ../Drivers/STM32F4xx_HAL_Driver/Inc/stm32f4xx_hal.h:29,
                 from ../Core/Inc/main.h:30,
                 from ../Core/Src/main.c:20:
../Drivers/STM32F4xx_HAL_Driver/Inc/stm32f4xx_hal_uart.h:747:82: note: expected 'const uint8_t *' {aka 'const unsigned char *'} but argument is of type 'char *'
  747 | HAL_StatusTypeDef HAL_UART_Transmit_IT(UART_HandleTypeDef *huart, const uint8_t *pData, uint16_t Size);
      |                                                                   ~~~~~~~~~~~~~~~^~~~~
../Core/Src/main.c:181:58: warning: incompatible implicit declaration of built-in function 'sprintf' [-Wbuiltin-declaration-mismatch]
  181 |                    HAL_UART_Transmit_IT(&huart2, buffer, sprintf(buffer, "The measured duty cycle is %d%% \n", duty_cycle));
      |                                                          ^~~~~~~
../Core/Src/main.c:181:58: note: include '<stdio.h>' or provide a declaration of 'sprintf'
../Core/Src/main.c:181:50: warning: pointer targets in passing argument 2 of 'HAL_UART_Transmit_IT' differ in signedness [-Wpointer-sign]
  181 |                    HAL_UART_Transmit_IT(&huart2, buffer, sprintf(buffer, "The measured duty cycle is %d%% \n", duty_cycle));
      |                                                  ^~~~~~
      |                                                  |
      |                                                  char *
In file included from ../Core/Inc/stm32f4xx_hal_conf.h:411,
                 from ../Drivers/STM32F4xx_HAL_Driver/Inc/stm32f4xx_hal.h:29,
                 from ../Core/Inc/main.h:30,
                 from ../Core/Src/main.c:20:
../Drivers/STM32F4xx_HAL_Driver/Inc/stm32f4xx_hal_uart.h:747:82: note: expected 'const uint8_t *' {aka 'const unsigned char *'} but argument is of type 'char *'
  747 | HAL_StatusTypeDef HAL_UART_Transmit_IT(UART_HandleTypeDef *huart, const uint8_t *pData, uint16_t Size);
      |                                                                   ~~~~~~~~~~~~~~~^~~~~
../Core/Src/main.c:184:66: warning: incompatible implicit declaration of built-in function 'sprintf' [-Wbuiltin-declaration-mismatch]
  184 |                            HAL_UART_Transmit_IT(&huart2, buffer, sprintf(buffer, "MAX frequency is %d \n", max_freq));
      |                                                                  ^~~~~~~
../Core/Src/main.c:184:66: note: include '<stdio.h>' or provide a declaration of 'sprintf'
../Core/Src/main.c:184:58: warning: pointer targets in passing argument 2 of 'HAL_UART_Transmit_IT' differ in signedness [-Wpointer-sign]
  184 |                            HAL_UART_Transmit_IT(&huart2, buffer, sprintf(buffer, "MAX frequency is %d \n", max_freq));
      |                                                          ^~~~~~
      |                                                          |
      |                                                          char *
In file included from ../Core/Inc/stm32f4xx_hal_conf.h:411,
                 from ../Drivers/STM32F4xx_HAL_Driver/Inc/stm32f4xx_hal.h:29,
                 from ../Core/Inc/main.h:30,
                 from ../Core/Src/main.c:20:
../Drivers/STM32F4xx_HAL_Driver/Inc/stm32f4xx_hal_uart.h:747:82: note: expected 'const uint8_t *' {aka 'const unsigned char *'} but argument is of type 'char *'
  747 | HAL_StatusTypeDef HAL_UART_Transmit_IT(UART_HandleTypeDef *huart, const uint8_t *pData, uint16_t Size);
      |                                                                   ~~~~~~~~~~~~~~~^~~~~
../Core/Src/main.c:187:66: warning: incompatible implicit declaration of built-in function 'sprintf' [-Wbuiltin-declaration-mismatch]
  187 |                            HAL_UART_Transmit_IT(&huart2, buffer, sprintf(buffer, "MIN frequency is %d \n", min_freq));
      |                                                                  ^~~~~~~
../Core/Src/main.c:187:66: note: include '<stdio.h>' or provide a declaration of 'sprintf'
../Core/Src/main.c:187:58: warning: pointer targets in passing argument 2 of 'HAL_UART_Transmit_IT' differ in signedness [-Wpointer-sign]
  187 |                            HAL_UART_Transmit_IT(&huart2, buffer, sprintf(buffer, "MIN frequency is %d \n", min_freq));
      |                                                          ^~~~~~
      |                                                          |
      |                                                          char *
In file included from ../Core/Inc/stm32f4xx_hal_conf.h:411,
                 from ../Drivers/STM32F4xx_HAL_Driver/Inc/stm32f4xx_hal.h:29,
                 from ../Core/Inc/main.h:30,
                 from ../Core/Src/main.c:20:
../Drivers/STM32F4xx_HAL_Driver/Inc/stm32f4xx_hal_uart.h:747:82: note: expected 'const uint8_t *' {aka 'const unsigned char *'} but argument is of type 'char *'
  747 | HAL_StatusTypeDef HAL_UART_Transmit_IT(UART_HandleTypeDef *huart, const uint8_t *pData, uint16_t Size);
      |                                                                   ~~~~~~~~~~~~~~~^~~~~
arm-none-eabi-gcc -o "lab04_ex03.elf" @"objects.list"   -mcpu=cortex-m4 -T"C:\Users\morae\STM32CubeIDE\workspace_1.7.0\lab04_ex03\STM32F401RETX_FLASH.ld" --specs=nosys.specs -Wl,-Map="lab04_ex03.map" -Wl,--gc-sections -static --specs=nano.specs -mfpu=fpv4-sp-d16 -mfloat-abi=hard -mthumb -Wl,--start-group -lc -lm -Wl,--end-group
Finished building target: lab04_ex03.elf
 
arm-none-eabi-size  lab04_ex03.elf 
arm-none-eabi-objdump -h -S lab04_ex03.elf  > "lab04_ex03.list"
   text	   data	    bss	    dec	    hex	filename
  18312	    100	   2052	  20464	   4ff0	lab04_ex03.elf
Finished building: default.size.stdout
 
Finished building: lab04_ex03.list
 

15:14:49 Build Finished. 0 errors, 13 warnings. (took 1s.133ms)

