17:21:08 **** Build of configuration Debug for project lab02_ex1 ****
make -j8 all 
arm-none-eabi-gcc "../Core/Src/main.c" -mcpu=cortex-m4 -std=gnu11 -g3 -DDEBUG -DUSE_HAL_DRIVER -DSTM32F401xE -c -I../Core/Inc -I../Drivers/STM32F4xx_HAL_Driver/Inc -I../Drivers/STM32F4xx_HAL_Driver/Inc/Legacy -I../Drivers/CMSIS/Device/ST/STM32F4xx/Include -I../Drivers/CMSIS/Include -O0 -ffunction-sections -fdata-sections -Wall -fstack-usage -fcyclomatic-complexity -MMD -MP -MF"Core/Src/main.d" -MT"Core/Src/main.o" --specs=nano.specs -mfpu=fpv4-sp-d16 -mfloat-abi=hard -mthumb -o "Core/Src/main.o"
arm-none-eabi-gcc -o "lab02_ex1.elf" @"objects.list"   -mcpu=cortex-m4 -T"C:\Users\morae\STM32CubeIDE\workspace_1.7.0\lab02_ex1\STM32F401RETX_FLASH.ld" --specs=nosys.specs -Wl,-Map="lab02_ex1.map" -Wl,--gc-sections -static --specs=nano.specs -mfpu=fpv4-sp-d16 -mfloat-abi=hard -mthumb -Wl,--start-group -lc -lm -Wl,--end-group
Finished building target: lab02_ex1.elf
 
arm-none-eabi-size  lab02_ex1.elf 
arm-none-eabi-objdump -h -S lab02_ex1.elf  > "lab02_ex1.list"
   text	   data	    bss	    dec	    hex	filename
   7900	     24	   1648	   9572	   2564	lab02_ex1.elf
Finished building: default.size.stdout
 
Finished building: lab02_ex1.list
 

17:21:10 Build Finished. 0 errors, 0 warnings. (took 1s.549ms)

