16:50:20 **** Incremental Build of configuration Debug for project lab1_1_2_STM32Cube ****
make -j8 all 
arm-none-eabi-gcc "../Core/Src/main.c" -mcpu=cortex-m4 -std=gnu11 -g3 -DDEBUG -DUSE_HAL_DRIVER -DSTM32F401xE -c -I../Core/Inc -I../Drivers/STM32F4xx_HAL_Driver/Inc -I../Drivers/STM32F4xx_HAL_Driver/Inc/Legacy -I../Drivers/CMSIS/Device/ST/STM32F4xx/Include -I../Drivers/CMSIS/Include -O0 -ffunction-sections -fdata-sections -Wall -fstack-usage -fcyclomatic-complexity -MMD -MP -MF"Core/Src/main.d" -MT"Core/Src/main.o" --specs=nano.specs -mfpu=fpv4-sp-d16 -mfloat-abi=hard -mthumb -o "Core/Src/main.o"
arm-none-eabi-gcc -o "lab1_1_2_STM32Cube.elf" @"objects.list"   -mcpu=cortex-m4 -T"C:\Users\morae\STM32CubeIDE\workspace_1.7.0\lab1_1_2_STM32Cube\STM32F401RETX_FLASH.ld" --specs=nosys.specs -Wl,-Map="lab1_1_2_STM32Cube.map" -Wl,--gc-sections -static --specs=nano.specs -mfpu=fpv4-sp-d16 -mfloat-abi=hard -mthumb -Wl,--start-group -lc -lm -Wl,--end-group
Finished building target: lab1_1_2_STM32Cube.elf
 
arm-none-eabi-size  lab1_1_2_STM32Cube.elf 
arm-none-eabi-objdump -h -S lab1_1_2_STM32Cube.elf  > "lab1_1_2_STM32Cube.list"
   text	   data	    bss	    dec	    hex	filename
   7900	     24	   1648	   9572	   2564	lab1_1_2_STM32Cube.elf
Finished building: default.size.stdout
 
Finished building: lab1_1_2_STM32Cube.list
 

16:50:21 Build Finished. 0 errors, 0 warnings. (took 1s.754ms)

