Archive member included to satisfy reference by file (symbol)

C:/ST/STM32CubeIDE_1.7.0/STM32CubeIDE/plugins/com.st.stm32cube.ide.mcu.externaltools.gnu-tools-for-stm32.11.3.rel1.win32_1.1.100.202309141235/tools/bin/../lib/gcc/arm-none-eabi/11.3.1/../../../../arm-none-eabi/lib/thumb/v7e-m+fp/hard\libc_nano.a(libc_a-exit.o)
                              C:/ST/STM32CubeIDE_1.7.0/STM32CubeIDE/plugins/com.st.stm32cube.ide.mcu.externaltools.gnu-tools-for-stm32.11.3.rel1.win32_1.1.100.202309141235/tools/bin/../lib/gcc/arm-none-eabi/11.3.1/../../../../arm-none-eabi/lib/thumb/v7e-m+fp/hard/crt0.o (exit)
C:/ST/STM32CubeIDE_1.7.0/STM32CubeIDE/plugins/com.st.stm32cube.ide.mcu.externaltools.gnu-tools-for-stm32.11.3.rel1.win32_1.1.100.202309141235/tools/bin/../lib/gcc/arm-none-eabi/11.3.1/../../../../arm-none-eabi/lib/thumb/v7e-m+fp/hard\libc_nano.a(libc_a-findfp.o)
                              C:/ST/STM32CubeIDE_1.7.0/STM32CubeIDE/plugins/com.st.stm32cube.ide.mcu.externaltools.gnu-tools-for-stm32.11.3.rel1.win32_1.1.100.202309141235/tools/bin/../lib/gcc/arm-none-eabi/11.3.1/../../../../arm-none-eabi/lib/thumb/v7e-m+fp/hard\libc_nano.a(libc_a-exit.o) (__stdio_exit_handler)
C:/ST/STM32CubeIDE_1.7.0/STM32CubeIDE/plugins/com.st.stm32cube.ide.mcu.externaltools.gnu-tools-for-stm32.11.3.rel1.win32_1.1.100.202309141235/tools/bin/../lib/gcc/arm-none-eabi/11.3.1/../../../../arm-none-eabi/lib/thumb/v7e-m+fp/hard\libc_nano.a(libc_a-fwalk.o)
                              C:/ST/STM32CubeIDE_1.7.0/STM32CubeIDE/plugins/com.st.stm32cube.ide.mcu.externaltools.gnu-tools-for-stm32.11.3.rel1.win32_1.1.100.202309141235/tools/bin/../lib/gcc/arm-none-eabi/11.3.1/../../../../arm-none-eabi/lib/thumb/v7e-m+fp/hard\libc_nano.a(libc_a-findfp.o) (_fwalk_sglue)
C:/ST/STM32CubeIDE_1.7.0/STM32CubeIDE/plugins/com.st.stm32cube.ide.mcu.externaltools.gnu-tools-for-stm32.11.3.rel1.win32_1.1.100.202309141235/tools/bin/../lib/gcc/arm-none-eabi/11.3.1/../../../../arm-none-eabi/lib/thumb/v7e-m+fp/hard\libc_nano.a(libc_a-sprintf.o)
                              ./Core/Src/main.o (sprintf)
C:/ST/STM32CubeIDE_1.7.0/STM32CubeIDE/plugins/com.st.stm32cube.ide.mcu.externaltools.gnu-tools-for-stm32.11.3.rel1.win32_1.1.100.202309141235/tools/bin/../lib/gcc/arm-none-eabi/11.3.1/../../../../arm-none-eabi/lib/thumb/v7e-m+fp/hard\libc_nano.a(libc_a-stdio.o)
                              C:/ST/STM32CubeIDE_1.7.0/STM32CubeIDE/plugins/com.st.stm32cube.ide.mcu.externaltools.gnu-tools-for-stm32.11.3.rel1.win32_1.1.100.202309141235/tools/bin/../lib/gcc/arm-none-eabi/11.3.1/../../../../arm-none-eabi/lib/thumb/v7e-m+fp/hard\libc_nano.a(libc_a-findfp.o) (__sread)
C:/ST/STM32CubeIDE_1.7.0/STM32CubeIDE/plugins/com.st.stm32cube.ide.mcu.externaltools.gnu-tools-for-stm32.11.3.rel1.win32_1.1.100.202309141235/tools/bin/../lib/gcc/arm-none-eabi/11.3.1/../../../../arm-none-eabi/lib/thumb/v7e-m+fp/hard\libc_nano.a(libc_a-memset.o)
                              C:/ST/STM32CubeIDE_1.7.0/STM32CubeIDE/plugins/com.st.stm32cube.ide.mcu.externaltools.gnu-tools-for-stm32.11.3.rel1.win32_1.1.100.202309141235/tools/bin/../lib/gcc/arm-none-eabi/11.3.1/../../../../arm-none-eabi/lib/thumb/v7e-m+fp/hard/crt0.o (memset)
C:/ST/STM32CubeIDE_1.7.0/STM32CubeIDE/plugins/com.st.stm32cube.ide.mcu.externaltools.gnu-tools-for-stm32.11.3.rel1.win32_1.1.100.202309141235/tools/bin/../lib/gcc/arm-none-eabi/11.3.1/../../../../arm-none-eabi/lib/thumb/v7e-m+fp/hard\libc_nano.a(libc_a-closer.o)
                              C:/ST/STM32CubeIDE_1.7.0/STM32CubeIDE/plugins/com.st.stm32cube.ide.mcu.externaltools.gnu-tools-for-stm32.11.3.rel1.win32_1.1.100.202309141235/tools/bin/../lib/gcc/arm-none-eabi/11.3.1/../../../../arm-none-eabi/lib/thumb/v7e-m+fp/hard\libc_nano.a(libc_a-stdio.o) (_close_r)
C:/ST/STM32CubeIDE_1.7.0/STM32CubeIDE/plugins/com.st.stm32cube.ide.mcu.externaltools.gnu-tools-for-stm32.11.3.rel1.win32_1.1.100.202309141235/tools/bin/../lib/gcc/arm-none-eabi/11.3.1/../../../../arm-none-eabi/lib/thumb/v7e-m+fp/hard\libc_nano.a(libc_a-reent.o)
                              C:/ST/STM32CubeIDE_1.7.0/STM32CubeIDE/plugins/com.st.stm32cube.ide.mcu.externaltools.gnu-tools-for-stm32.11.3.rel1.win32_1.1.100.202309141235/tools/bin/../lib/gcc/arm-none-eabi/11.3.1/../../../../arm-none-eabi/lib/thumb/v7e-m+fp/hard\libc_nano.a(libc_a-closer.o) (errno)
C:/ST/STM32CubeIDE_1.7.0/STM32CubeIDE/plugins/com.st.stm32cube.ide.mcu.externaltools.gnu-tools-for-stm32.11.3.rel1.win32_1.1.100.202309141235/tools/bin/../lib/gcc/arm-none-eabi/11.3.1/../../../../arm-none-eabi/lib/thumb/v7e-m+fp/hard\libc_nano.a(libc_a-impure.o)
                              C:/ST/STM32CubeIDE_1.7.0/STM32CubeIDE/plugins/com.st.stm32cube.ide.mcu.externaltools.gnu-tools-for-stm32.11.3.rel1.win32_1.1.100.202309141235/tools/bin/../lib/gcc/arm-none-eabi/11.3.1/../../../../arm-none-eabi/lib/thumb/v7e-m+fp/hard\libc_nano.a(libc_a-sprintf.o) (_impure_ptr)
[...]
Memory Configuration

Name             Origin             Length             Attributes
RAM              0x0000000020000000 0x0000000000018000 xrw
FLASH            0x0000000008000000 0x0000000000080000 xr
*default*        0x0000000000000000 0xffffffffffffffff

Linker script and memory map

LOAD C:/ST/STM32CubeIDE_1.7.0/STM32CubeIDE/plugins/com.st.stm32cube.ide.mcu.externaltools.gnu-tools-for-stm32.11.3.rel1.win32_1.1.100.202309141235/tools/bin/../lib/gcc/arm-none-eabi/11.3.1/thumb/v7e-m+fp/hard/crti.o
LOAD C:/ST/STM32CubeIDE_1.7.0/STM32CubeIDE/plugins/com.st.stm32cube.ide.mcu.externaltools.gnu-tools-for-stm32.11.3.rel1.win32_1.1.100.202309141235/tools/bin/../lib/gcc/arm-none-eabi/11.3.1/thumb/v7e-m+fp/hard/crtbegin.o
LOAD C:/ST/STM32CubeIDE_1.7.0/STM32CubeIDE/plugins/com.st.stm32cube.ide.mcu.externaltools.gnu-tools-for-stm32.11.3.rel1.win32_1.1.100.202309141235/tools/bin/../lib/gcc/arm-none-eabi/11.3.1/../../../../arm-none-eabi/lib/thumb/v7e-m+fp/hard/crt0.o
LOAD ./Core/Src/main.o
LOAD ./Core/Src/stm32f4xx_hal_msp.o
LOAD ./Core/Src/stm32f4xx_it.o
LOAD ./Core/Src/stm32f4xx_nucleo_bus.o
LOAD ./Core/Src/syscalls.o
LOAD ./Core/Src/sysmem.o
LOAD ./Core/Src/system_stm32f4xx.o
LOAD ./Core/Startup/startup_stm32f401retx.o
LOAD ./Drivers/BSP/Components/hts221/hts221.o
LOAD ./Drivers/BSP/Components/hts221/hts221_reg.o
LOAD ./Drivers/BSP/Components/lis2dw12/lis2dw12.o
LOAD ./Drivers/BSP/Components/lis2dw12/lis2dw12_reg.o
LOAD ./Drivers/BSP/Components/lis2mdl/lis2mdl.o
LOAD ./Drivers/BSP/Components/lis2mdl/lis2mdl_reg.o
LOAD ./Drivers/BSP/Components/lps22hh/lps22hh.o
LOAD ./Drivers/BSP/Components/lps22hh/lps22hh_reg.o
LOAD ./Drivers/BSP/Components/lsm6dso/lsm6dso.o
LOAD ./Drivers/BSP/Components/lsm6dso/lsm6dso_reg.o
LOAD ./Drivers/BSP/Components/stts751/stts751.o
LOAD ./Drivers/BSP/Components/stts751/stts751_reg.o
LOAD ./Drivers/BSP/IKS01A3/iks01a3_env_sensors.o
LOAD ./Drivers/BSP/IKS01A3/iks01a3_env_sensors_ex.o
LOAD ./Drivers/BSP/IKS01A3/iks01a3_motion_sensors.o
LOAD ./Drivers/BSP/IKS01A3/iks01a3_motion_sensors_ex.o
LOAD ./Drivers/STM32F4xx_HAL_Driver/Src/stm32f4xx_hal.o
LOAD ./Drivers/STM32F4xx_HAL_Driver/Src/stm32f4xx_hal_cortex.o
LOAD ./Drivers/STM32F4xx_HAL_Driver/Src/stm32f4xx_hal_dma.o
LOAD ./Drivers/STM32F4xx_HAL_Driver/Src/stm32f4xx_hal_dma_ex.o
LOAD ./Drivers/STM32F4xx_HAL_Driver/Src/stm32f4xx_hal_exti.o
LOAD ./Drivers/STM32F4xx_HAL_Driver/Src/stm32f4xx_hal_flash.o
LOAD ./Drivers/STM32F4xx_HAL_Driver/Src/stm32f4xx_hal_flash_ex.o
LOAD ./Drivers/STM32F4xx_HAL_Driver/Src/stm32f4xx_hal_flash_ramfunc.o
LOAD ./Drivers/STM32F4xx_HAL_Driver/Src/stm32f4xx_hal_gpio.o
LOAD ./Drivers/STM32F4xx_HAL_Driver/Src/stm32f4xx_hal_i2c.o
LOAD ./Drivers/STM32F4xx_HAL_Driver/Src/stm32f4xx_hal_i2c_ex.o
LOAD ./Drivers/STM32F4xx_HAL_Driver/Src/stm32f4xx_hal_pwr.o
LOAD ./Drivers/STM32F4xx_HAL_Driver/Src/stm32f4xx_hal_pwr_ex.o
LOAD ./Drivers/STM32F4xx_HAL_Driver/Src/stm32f4xx_hal_rcc.o
LOAD ./Drivers/STM32F4xx_HAL_Driver/Src/stm32f4xx_hal_rcc_ex.o
LOAD ./Drivers/STM32F4xx_HAL_Driver/Src/stm32f4xx_hal_tim.o
LOAD ./Drivers/STM32F4xx_HAL_Driver/Src/stm32f4xx_hal_tim_ex.o
LOAD ./Drivers/STM32F4xx_HAL_Driver/Src/stm32f4xx_hal_uart.o
START GROUP
LOAD C:/ST/STM32CubeIDE_1.7.0/STM32CubeIDE/plugins/com.st.stm32cube.ide.mcu.externaltools.gnu-tools-for-stm32.11.3.rel1.win32_1.1.100.202309141235/tools/bin/../lib/gcc/arm-none-eabi/11.3.1/../../../../arm-none-eabi/lib/thumb/v7e-m+fp/hard\libc_nano.a
LOAD C:/ST/STM32CubeIDE_1.7.0/STM32CubeIDE/plugins/com.st.stm32cube.ide.mcu.externaltools.gnu-tools-for-stm32.11.3.rel1.win32_1.1.100.202309141235/tools/bin/../lib/gcc/arm-none-eabi/11.3.1/../../../../arm-none-eabi/lib/thumb/v7e-m+fp/hard\libm.a
END GROUP
START GROUP
LOAD C:/ST/STM32CubeIDE_1.7.0/STM32CubeIDE/plugins/com.st.stm32cube.ide.mcu.externaltools.gnu-tools-for-stm32.11.3.rel1.win32_1.1.100.202309141235/tools/bin/../lib/gcc/arm-none-eabi/11.3.1/thumb/v7e-m+fp/hard\libgcc.a
LOAD C:/ST/STM32CubeIDE_1.7.0/STM32CubeIDE/plugins/com.st.stm32cube.ide.mcu.externaltools.gnu-tools-for-stm32.11.3.rel1.win32_1.1.100.202309141235/tools/bin/../lib/gcc/arm-none-eabi/11.3.1/../../../../arm-none-eabi/lib/thumb/v7e-m+fp/hard\libc_nano.a
END GROUP
START GROUP
LOAD C:/ST/STM32CubeIDE_1.7.0/STM32CubeIDE/plugins/com.st.stm32cube.ide.mcu.externaltools.gnu-tools-for-stm32.11.3.rel1.win32_1.1.100.202309141235/tools/bin/../lib/gcc/arm-none-eabi/11.3.1/thumb/v7e-m+fp/hard\libgcc.a
LOAD C:/ST/STM32CubeIDE_1.7.0/STM32CubeIDE/plugins/com.st.stm32cube.ide.mcu.externaltools.gnu-tools-for-stm32.11.3.rel1.win32_1.1.100.202309141235/tools/bin/../lib/gcc/arm-none-eabi/11.3.1/../../../../arm-none-eabi/lib/thumb/v7e-m+fp/hard\libc_nano.a
LOAD C:/ST/STM32CubeIDE_1.7.0/STM32CubeIDE/plugins/com.st.stm32cube.ide.mcu.externaltools.gnu-tools-for-stm32.11.3.rel1.win32_1.1.100.202309141235/tools/bin/../lib/gcc/arm-none-eabi/11.3.1/../../../../arm-none-eabi/lib/thumb/v7e-m+fp/hard\libnosys.a
END GROUP
START GROUP
LOAD C:/ST/STM32CubeIDE_1.7.0/STM32CubeIDE/plugins/com.st.stm32cube.ide.mcu.externaltools.gnu-tools-for-stm32.11.3.rel1.win32_1.1.100.202309141235/tools/bin/../lib/gcc/arm-none-eabi/11.3.1/thumb/v7e-m+fp/hard\libgcc.a
LOAD C:/ST/STM32CubeIDE_1.7.0/STM32CubeIDE/plugins/com.st.stm32cube.ide.mcu.externaltools.gnu-tools-for-stm32.11.3.rel1.win32_1.1.100.202309141235/tools/bin/../lib/gcc/arm-none-eabi/11.3.1/../../../../arm-none-eabi/lib/thumb/v7e-m+fp/hard\libc_nano.a
LOAD C:/ST/STM32CubeIDE_1.7.0/STM32CubeIDE/plugins/com.st.stm32cube.ide.mcu.externaltools.gnu-tools-for-stm32.11.3.rel1.win32_1.1.100.202309141235/tools/bin/../lib/gcc/arm-none-eabi/11.3.1/../../../../arm-none-eabi/lib/thumb/v7e-m+fp/hard\libnosys.a
END GROUP
LOAD C:/ST/STM32CubeIDE_1.7.0/STM32CubeIDE/plugins/com.st.stm32cube.ide.mcu.externaltools.gnu-tools-for-stm32.11.3.rel1.win32_1.1.100.202309141235/tools/bin/../lib/gcc/arm-none-eabi/11.3.1/thumb/v7e-m+fp/hard/crtend.o
LOAD C:/ST/STM32CubeIDE_1.7.0/STM32CubeIDE/plugins/com.st.stm32cube.ide.mcu.externaltools.gnu-tools-for-stm32.11.3.rel1.win32_1.1.100.202309141235/tools/bin/../lib/gcc/arm-none-eabi/11.3.1/thumb/v7e-m+fp/hard/crtn.o
                0x0000000020018000                _estack = (ORIGIN (RAM) + LENGTH (RAM))
                0x0000000000000200                _Min_Heap_Size = 0x200
                0x0000000000000400                _Min_Stack_Size = 0x400

.isr_vector     0x0000000008000000      0x194
                0x0000000008000000                . = ALIGN (0x4)
 *(.isr_vector)
 .isr_vector    0x0000000008000000      0x194 ./Core/Startup/startup_stm32f401retx.o
                0x0000000008000000                g_pfnVectors
                0x0000000008000194                . = ALIGN (0x4)

.text           0x00000000080001a0     0x9d30
                0x00000000080001a0                . = ALIGN (0x4)
 *(.text)
 .text          0x00000000080001a0       0x40 C:/ST/STM32CubeIDE_1.7.0/STM32CubeIDE/plugins/com.st.stm32cube.ide.mcu.externaltools.gnu-tools-for-stm32.11.3.rel1.win32_1.1.100.202309141235/tools/bin/../lib/gcc/arm-none-eabi/11.3.1/thumb/v7e-m+fp/hard/crtbegin.o
 .text          0x00000000080001e0       0x10 C:/ST/STM32CubeIDE_1.7.0/STM32CubeIDE/plugins/com.st.stm32cube.ide.mcu.externaltools.gnu-tools-for-stm32.11.3.rel1.win32_1.1.100.202309141235/tools/bin/../lib/gcc/arm-none-eabi/11.3.1/../../../../arm-none-eabi/lib/thumb/v7e-m+fp/hard\libc_nano.a(libc_a-strlen.o)
                0x00000000080001e0                strlen
 .text          0x00000000080001f0       0xa0 C:/ST/STM32CubeIDE_1.7.0/STM32CubeIDE/plugins/com.st.stm32cube.ide.mcu.externaltools.gnu-tools-for-stm32.11.3.rel1.win32_1.1.100.202309141235/tools/bin/../lib/gcc/arm-none-eabi/11.3.1/../../../../arm-none-eabi/lib/thumb/v7e-m+fp/hard\libc_nano.a(libc_a-memchr.o)
                0x00000000080001f0                memchr
 .text          0x0000000008000290       0x30 C:/ST/STM32CubeIDE_1.7.0/STM32CubeIDE/plugins/com.st.stm32cube.ide.mcu.externaltools.gnu-tools-for-stm32.11.3.rel1.win32_1.1.100.202309141235/tools/bin/../lib/gcc/arm-none-eabi/11.3.1/thumb/v7e-m+fp/hard\libgcc.a(_aeabi_uldivmod.o)
                0x0000000008000290                __aeabi_uldivmod
 .text          0x00000000080002c0      0x2c8 C:/ST/STM32CubeIDE_1.7.0/STM32CubeIDE/plugins/com.st.stm32cube.ide.mcu.externaltools.gnu-tools-for-stm32.11.3.rel1.win32_1.1.100.202309141235/tools/bin/../lib/gcc/arm-none-eabi/11.3.1/thumb/v7e-m+fp/hard\libgcc.a(_udivmoddi4.o)
                0x00000000080002c0                __udivmoddi4
 .text          0x0000000008000588        0x4 C:/ST/STM32CubeIDE_1.7.0/STM32CubeIDE/plugins/com.st.stm32cube.ide.mcu.externaltools.gnu-tools-for-stm32.11.3.rel1.win32_1.1.100.202309141235/tools/bin/../lib/gcc/arm-none-eabi/11.3.1/thumb/v7e-m+fp/hard\libgcc.a(_dvmd_tls.o)
                0x0000000008000588                __aeabi_idiv0
                0x0000000008000588                __aeabi_ldiv0
 *(.text*)
 .text.HAL_TIM_PeriodElapsedCallback
                0x000000000800058c       0x20 ./Core/Src/main.o
                0x000000000800058c                HAL_TIM_PeriodElapsedCallback
 .text.main     0x00000000080005ac       0xe0 ./Core/Src/main.o
                0x00000000080005ac                main
 .text.SystemClock_Config
                0x000000000800068c       0xd8 ./Core/Src/main.o
                0x000000000800068c                SystemClock_Config
 .text.MX_TIM3_Init
                0x0000000008000764       0x9c ./Core/Src/main.o
 .text.MX_USART2_UART_Init
                0x0000000008000800       0x54 ./Core/Src/main.o
 .text.MX_GPIO_Init
                0x0000000008000854       0xdc ./Core/Src/main.o
 .text.Error_Handler
                0x0000000008000930        0xa ./Core/Src/main.o
                0x0000000008000930                Error_Handler
 *fill*         0x000000000800093a        0x2 
 .text.HAL_MspInit
                0x000000000800093c       0x50 ./Core/Src/stm32f4xx_hal_msp.o
                0x000000000800093c                HAL_MspInit
 .text.HAL_TIM_Base_MspInit
                0x000000000800098c       0x50 ./Core/Src/stm32f4xx_hal_msp.o
                0x000000000800098c                HAL_TIM_Base_MspInit
 .text.HAL_UART_MspInit
                0x00000000080009dc       0xa0 ./Core/Src/stm32f4xx_hal_msp.o
                0x00000000080009dc                HAL_UART_MspInit
 .text.NMI_Handler
                0x0000000008000a7c        0x6 ./Core/Src/stm32f4xx_it.o
                0x0000000008000a7c                NMI_Handler
 .text.HardFault_Handler
                0x0000000008000a82        0x6 ./Core/Src/stm32f4xx_it.o
                0x0000000008000a82                HardFault_Handler
 .text.MemManage_Handler
                0x0000000008000a88        0x6 ./Core/Src/stm32f4xx_it.o
                0x0000000008000a88                MemManage_Handler
 .text.BusFault_Handler
                0x0000000008000a8e        0x6 ./Core/Src/stm32f4xx_it.o
                0x0000000008000a8e                BusFault_Handler
 .text.UsageFault_Handler
                0x0000000008000a94        0x6 ./Core/Src/stm32f4xx_it.o
                0x0000000008000a94                UsageFault_Handler
 .text.SVC_Handler
                0x0000000008000a9a        0xe ./Core/Src/stm32f4xx_it.o
                0x0000000008000a9a                SVC_Handler
 .text.DebugMon_Handler
                0x0000000008000aa8        0xe ./Core/Src/stm32f4xx_it.o
                0x0000000008000aa8                DebugMon_Handler
 .text.PendSV_Handler
                0x0000000008000ab6        0xe ./Core/Src/stm32f4xx_it.o
                0x0000000008000ab6                PendSV_Handler
 .text.SysTick_Handler
                0x0000000008000ac4        0xc ./Core/Src/stm32f4xx_it.o
                0x0000000008000ac4                SysTick_Handler
 .text.TIM3_IRQHandler
                0x0000000008000ad0       0x14 ./Core/Src/stm32f4xx_it.o
                0x0000000008000ad0                TIM3_IRQHandler
 .text.USART2_IRQHandler
                0x0000000008000ae4       0x14 ./Core/Src/stm32f4xx_it.o
                0x0000000008000ae4                USART2_IRQHandler
 .text.BSP_I2C1_Init
                0x0000000008000af8       0x64 ./Core/Src/stm32f4xx_nucleo_bus.o
                0x0000000008000af8                BSP_I2C1_Init
 .text.BSP_I2C1_DeInit
                0x0000000008000b5c       0x50 ./Core/Src/stm32f4xx_nucleo_bus.o
                0x0000000008000b5c                BSP_I2C1_DeInit
 .text.BSP_I2C1_WriteReg
                0x0000000008000bac       0x64 ./Core/Src/stm32f4xx_nucleo_bus.o
                0x0000000008000bac                BSP_I2C1_WriteReg
 .text.BSP_I2C1_ReadReg
                0x0000000008000c10       0x64 ./Core/Src/stm32f4xx_nucleo_bus.o
                0x0000000008000c10                BSP_I2C1_ReadReg
 .text.BSP_GetTick
                0x0000000008000c74        0xe ./Core/Src/stm32f4xx_nucleo_bus.o
                0x0000000008000c74                BSP_GetTick
 *fill*         0x0000000008000c82        0x2 
 .text.MX_I2C1_Init
                0x0000000008000c84       0x68 ./Core/Src/stm32f4xx_nucleo_bus.o
                0x0000000008000c84                MX_I2C1_Init
 .text.I2C1_MspInit
                0x0000000008000cec       0x94 ./Core/Src/stm32f4xx_nucleo_bus.o
 .text.I2C1_MspDeInit
                0x0000000008000d80       0x38 ./Core/Src/stm32f4xx_nucleo_bus.o
 .text._sbrk    0x0000000008000db8       0x6c ./Core/Src/sysmem.o
                0x0000000008000db8                _sbrk
 .text.SystemInit
                0x0000000008000e24       0x24 ./Core/Src/system_stm32f4xx.o
                0x0000000008000e24                SystemInit
 .text.Reset_Handler
                0x0000000008000e48       0x50 ./Core/Startup/startup_stm32f401retx.o
                0x0000000008000e48                Reset_Handler
 .text.Default_Handler
                0x0000000008000e98        0x2 ./Core/Startup/startup_stm32f401retx.o
                0x0000000008000e98                RTC_Alarm_IRQHandler
                0x0000000008000e98                EXTI2_IRQHandler
                0x0000000008000e98                SPI4_IRQHandler
                0x0000000008000e98                TIM1_CC_IRQHandler
                0x0000000008000e98                DMA2_Stream5_IRQHandler
                0x0000000008000e98                DMA1_Stream5_IRQHandler
                0x0000000008000e98                PVD_IRQHandler
                0x0000000008000e98                SDIO_IRQHandler
                0x0000000008000e98                TAMP_STAMP_IRQHandler
                0x0000000008000e98                EXTI3_IRQHandler
                0x0000000008000e98                TIM1_UP_TIM10_IRQHandler
                0x0000000008000e98                I2C3_ER_IRQHandler
                0x0000000008000e98                EXTI0_IRQHandler
                0x0000000008000e98                I2C2_EV_IRQHandler
                0x0000000008000e98                DMA1_Stream2_IRQHandler
                0x0000000008000e98                FPU_IRQHandler
                0x0000000008000e98                DMA2_Stream2_IRQHandler
                0x0000000008000e98                SPI1_IRQHandler
                0x0000000008000e98                TIM1_BRK_TIM9_IRQHandler
                0x0000000008000e98                DMA2_Stream3_IRQHandler
                0x0000000008000e98                USART6_IRQHandler
                0x0000000008000e98                DMA2_Stream0_IRQHandler
                0x0000000008000e98                TIM4_IRQHandler
                0x0000000008000e98                I2C1_EV_IRQHandler
                0x0000000008000e98                DMA1_Stream6_IRQHandler
                0x0000000008000e98                DMA1_Stream1_IRQHandler
                0x0000000008000e98                RCC_IRQHandler
                0x0000000008000e98                Default_Handler
                0x0000000008000e98                EXTI15_10_IRQHandler
                0x0000000008000e98                ADC_IRQHandler
                0x0000000008000e98                DMA1_Stream7_IRQHandler
                0x0000000008000e98                TIM5_IRQHandler
                0x0000000008000e98                DMA2_Stream7_IRQHandler
                0x0000000008000e98                I2C3_EV_IRQHandler
                0x0000000008000e98                EXTI9_5_IRQHandler
                0x0000000008000e98                RTC_WKUP_IRQHandler
                0x0000000008000e98                SPI2_IRQHandler
                0x0000000008000e98                DMA1_Stream0_IRQHandler
                0x0000000008000e98                EXTI4_IRQHandler
                0x0000000008000e98                WWDG_IRQHandler
                0x0000000008000e98                TIM2_IRQHandler
                0x0000000008000e98                OTG_FS_WKUP_IRQHandler
                0x0000000008000e98                TIM1_TRG_COM_TIM11_IRQHandler
                0x0000000008000e98                EXTI1_IRQHandler
                0x0000000008000e98                I2C2_ER_IRQHandler
                0x0000000008000e98                DMA2_Stream1_IRQHandler
                0x0000000008000e98                FLASH_IRQHandler
                0x0000000008000e98                DMA2_Stream4_IRQHandler
                0x0000000008000e98                USART1_IRQHandler
                0x0000000008000e98                OTG_FS_IRQHandler
                0x0000000008000e98                SPI3_IRQHandler
                0x0000000008000e98                DMA1_Stream4_IRQHandler
                0x0000000008000e98                I2C1_ER_IRQHandler
                0x0000000008000e98                DMA2_Stream6_IRQHandler
                0x0000000008000e98                DMA1_Stream3_IRQHandler
 *fill*         0x0000000008000e9a        0x2 
 .text.LIS2DW12_RegisterBusIO
                0x0000000008000e9c       0xd4 ./Drivers/BSP/Components/lis2dw12/lis2dw12.o
                0x0000000008000e9c                LIS2DW12_RegisterBusIO
 .text.LIS2DW12_Init
                0x0000000008000f70       0xc4 ./Drivers/BSP/Components/lis2dw12/lis2dw12.o
                0x0000000008000f70                LIS2DW12_Init
 .text.LIS2DW12_DeInit
                0x0000000008001034       0x44 ./Drivers/BSP/Components/lis2dw12/lis2dw12.o
                0x0000000008001034                LIS2DW12_DeInit
 .text.LIS2DW12_ReadID
                0x0000000008001078       0x2c ./Drivers/BSP/Components/lis2dw12/lis2dw12.o
                0x0000000008001078                LIS2DW12_ReadID
 .text.LIS2DW12_GetCapabilities
                0x00000000080010a4       0x5c ./Drivers/BSP/Components/lis2dw12/lis2dw12.o
                0x00000000080010a4                LIS2DW12_GetCapabilities
 .text.LIS2DW12_ACC_Enable
                0x0000000008001100       0x52 ./Drivers/BSP/Components/lis2dw12/lis2dw12.o
                0x0000000008001100                LIS2DW12_ACC_Enable
 .text.LIS2DW12_ACC_Disable
                0x0000000008001152       0x40 ./Drivers/BSP/Components/lis2dw12/lis2dw12.o
                0x0000000008001152                LIS2DW12_ACC_Disable
 *fill*         0x0000000008001192        0x2 
 .text.LIS2DW12_ACC_GetSensitivity
                0x0000000008001194      0x150 ./Drivers/BSP/Components/lis2dw12/lis2dw12.o
                0x0000000008001194                LIS2DW12_ACC_GetSensitivity
 .text.LIS2DW12_ACC_GetOutputDataRate
                0x00000000080012e4      0x2fc ./Drivers/BSP/Components/lis2dw12/lis2dw12.o
                0x00000000080012e4                LIS2DW12_ACC_GetOutputDataRate
 .text.LIS2DW12_ACC_SetOutputDataRate
                0x00000000080015e0       0x24 ./Drivers/BSP/Components/lis2dw12/lis2dw12.o
                0x00000000080015e0                LIS2DW12_ACC_SetOutputDataRate
 .text.LIS2DW12_ACC_SetOutputDataRate_With_Mode
                0x0000000008001604       0x4c ./Drivers/BSP/Components/lis2dw12/lis2dw12.o
                0x0000000008001604                LIS2DW12_ACC_SetOutputDataRate_With_Mode
 .text.LIS2DW12_ACC_GetFullScale
                0x0000000008001650       0x84 ./Drivers/BSP/Components/lis2dw12/lis2dw12.o
                0x0000000008001650                LIS2DW12_ACC_GetFullScale
 .text.LIS2DW12_ACC_SetFullScale
                0x00000000080016d4       0x50 ./Drivers/BSP/Components/lis2dw12/lis2dw12.o
                0x00000000080016d4                LIS2DW12_ACC_SetFullScale
 .text.LIS2DW12_ACC_GetAxesRaw
                0x0000000008001724      0x104 ./Drivers/BSP/Components/lis2dw12/lis2dw12.o
                0x0000000008001724                LIS2DW12_ACC_GetAxesRaw
 .text.LIS2DW12_ACC_GetAxes
                0x0000000008001828       0xaa ./Drivers/BSP/Components/lis2dw12/lis2dw12.o
                0x0000000008001828                LIS2DW12_ACC_GetAxes
 .text.LIS2DW12_Write_Reg
                0x00000000080018d2       0x36 ./Drivers/BSP/Components/lis2dw12/lis2dw12.o
                0x00000000080018d2                LIS2DW12_Write_Reg
 .text.LIS2DW12_ACC_SetOutputDataRate_When_Enabled
                0x0000000008001908      0x238 ./Drivers/BSP/Components/lis2dw12/lis2dw12.o
 .text.LIS2DW12_ACC_SetOutputDataRate_When_Disabled
                0x0000000008001b40      0x124 ./Drivers/BSP/Components/lis2dw12/lis2dw12.o
 .text.ReadRegWrap
                0x0000000008001c64       0x36 ./Drivers/BSP/Components/lis2dw12/lis2dw12.o
 .text.WriteRegWrap
                0x0000000008001c9a       0x36 ./Drivers/BSP/Components/lis2dw12/lis2dw12.o
 .text.lis2dw12_read_reg
                0x0000000008001cd0       0x30 ./Drivers/BSP/Components/lis2dw12/lis2dw12_reg.o
                0x0000000008001cd0                lis2dw12_read_reg
 .text.lis2dw12_write_reg
                0x0000000008001d00       0x30 ./Drivers/BSP/Components/lis2dw12/lis2dw12_reg.o
                0x0000000008001d00                lis2dw12_write_reg
 .text.lis2dw12_power_mode_set
                0x0000000008001d30       0x9c ./Drivers/BSP/Components/lis2dw12/lis2dw12_reg.o
                0x0000000008001d30                lis2dw12_power_mode_set
 .text.lis2dw12_power_mode_get
                0x0000000008001dcc      0x174 ./Drivers/BSP/Components/lis2dw12/lis2dw12_reg.o
                0x0000000008001dcc                lis2dw12_power_mode_get
 .text.lis2dw12_data_rate_set
                0x0000000008001f40       0x8a ./Drivers/BSP/Components/lis2dw12/lis2dw12_reg.o
                0x0000000008001f40                lis2dw12_data_rate_set
 *fill*         0x0000000008001fca        0x2 
 .text.lis2dw12_data_rate_get
                0x0000000008001fcc      0x194 ./Drivers/BSP/Components/lis2dw12/lis2dw12_reg.o
                0x0000000008001fcc                lis2dw12_data_rate_get
 .text.lis2dw12_block_data_update_set
                0x0000000008002160       0x4c ./Drivers/BSP/Components/lis2dw12/lis2dw12_reg.o
                0x0000000008002160                lis2dw12_block_data_update_set
 .text.lis2dw12_full_scale_set
                0x00000000080021ac       0x4c ./Drivers/BSP/Components/lis2dw12/lis2dw12_reg.o
                0x00000000080021ac                lis2dw12_full_scale_set
 .text.lis2dw12_full_scale_get
                0x00000000080021f8       0x70 ./Drivers/BSP/Components/lis2dw12/lis2dw12_reg.o
                0x00000000080021f8                lis2dw12_full_scale_get
 .text.lis2dw12_acceleration_raw_get
                0x0000000008002268       0x96 ./Drivers/BSP/Components/lis2dw12/lis2dw12_reg.o
                0x0000000008002268                lis2dw12_acceleration_raw_get
 .text.lis2dw12_device_id_get
                0x00000000080022fe       0x22 ./Drivers/BSP/Components/lis2dw12/lis2dw12_reg.o
                0x00000000080022fe                lis2dw12_device_id_get
 .text.lis2dw12_auto_increment_set
                0x0000000008002320       0x4c ./Drivers/BSP/Components/lis2dw12/lis2dw12_reg.o
                0x0000000008002320                lis2dw12_auto_increment_set
 .text.lis2dw12_fifo_mode_set
                0x000000000800236c       0x4c ./Drivers/BSP/Components/lis2dw12/lis2dw12_reg.o
                0x000000000800236c                lis2dw12_fifo_mode_set
 .text.LIS2MDL_RegisterBusIO
                0x00000000080023b8      0x100 ./Drivers/BSP/Components/lis2mdl/lis2mdl.o
                0x00000000080023b8                LIS2MDL_RegisterBusIO
 .text.LIS2MDL_Init
                0x00000000080024b8      0x10c ./Drivers/BSP/Components/lis2mdl/lis2mdl.o
                0x00000000080024b8                LIS2MDL_Init
 .text.LIS2MDL_DeInit
                0x00000000080025c4       0x2c ./Drivers/BSP/Components/lis2mdl/lis2mdl.o
                0x00000000080025c4                LIS2MDL_DeInit
 .text.LIS2MDL_ReadID
                0x00000000080025f0       0x4c ./Drivers/BSP/Components/lis2mdl/lis2mdl.o
                0x00000000080025f0                LIS2MDL_ReadID
 .text.LIS2MDL_GetCapabilities
                0x000000000800263c       0x5c ./Drivers/BSP/Components/lis2mdl/lis2mdl.o
                0x000000000800263c                LIS2MDL_GetCapabilities
 .text.LIS2MDL_MAG_Enable
                0x0000000008002698       0x84 ./Drivers/BSP/Components/lis2mdl/lis2mdl.o
                0x0000000008002698                LIS2MDL_MAG_Enable
 .text.LIS2MDL_MAG_Disable
                0x000000000800271c       0x86 ./Drivers/BSP/Components/lis2mdl/lis2mdl.o
                0x000000000800271c                LIS2MDL_MAG_Disable
 .text.LIS2MDL_MAG_GetSensitivity
                0x00000000080027a2       0x20 ./Drivers/BSP/Components/lis2mdl/lis2mdl.o
                0x00000000080027a2                LIS2MDL_MAG_GetSensitivity
 *fill*         0x00000000080027c2        0x2 
 .text.LIS2MDL_MAG_GetOutputDataRate
                0x00000000080027c4       0x8c ./Drivers/BSP/Components/lis2mdl/lis2mdl.o
                0x00000000080027c4                LIS2MDL_MAG_GetOutputDataRate
 .text.LIS2MDL_MAG_SetOutputDataRate
                0x0000000008002850       0xc8 ./Drivers/BSP/Components/lis2mdl/lis2mdl.o
                0x0000000008002850                LIS2MDL_MAG_SetOutputDataRate
 .text.LIS2MDL_MAG_GetFullScale
                0x0000000008002918       0x1e ./Drivers/BSP/Components/lis2mdl/lis2mdl.o
                0x0000000008002918                LIS2MDL_MAG_GetFullScale
 .text.LIS2MDL_MAG_SetFullScale
                0x0000000008002936       0x18 ./Drivers/BSP/Components/lis2mdl/lis2mdl.o
                0x0000000008002936                LIS2MDL_MAG_SetFullScale
 .text.LIS2MDL_MAG_GetAxesRaw
                0x000000000800294e       0x48 ./Drivers/BSP/Components/lis2mdl/lis2mdl.o
                0x000000000800294e                LIS2MDL_MAG_GetAxesRaw
 .text.LIS2MDL_MAG_GetAxes
                0x0000000008002996      0x114 ./Drivers/BSP/Components/lis2mdl/lis2mdl.o
                0x0000000008002996                LIS2MDL_MAG_GetAxes
 .text.LIS2MDL_Write_Reg
                0x0000000008002aaa       0x56 ./Drivers/BSP/Components/lis2mdl/lis2mdl.o
                0x0000000008002aaa                LIS2MDL_Write_Reg
 .text.ReadMagRegWrap
                0x0000000008002b00       0x82 ./Drivers/BSP/Components/lis2mdl/lis2mdl.o
 .text.WriteMagRegWrap
                0x0000000008002b82       0x82 ./Drivers/BSP/Components/lis2mdl/lis2mdl.o
 .text.LSM6DSOX_SENSORHUB_LIS2MDL_ReadShData
                0x0000000008002c04      0x27e ./Drivers/BSP/Components/lis2mdl/lis2mdl.o
 .text.LSM6DSOX_SENSORHUB_LIS2MDL_WriteShData
                0x0000000008002e82      0x23c ./Drivers/BSP/Components/lis2mdl/lis2mdl.o
 .text.lis2mdl_read_reg
                0x00000000080030be       0x30 ./Drivers/BSP/Components/lis2mdl/lis2mdl_reg.o
                0x00000000080030be                lis2mdl_read_reg
 .text.lis2mdl_write_reg
                0x00000000080030ee       0x30 ./Drivers/BSP/Components/lis2mdl/lis2mdl_reg.o
                0x00000000080030ee                lis2mdl_write_reg
 .text.lis2mdl_operating_mode_set
                0x000000000800311e       0x4c ./Drivers/BSP/Components/lis2mdl/lis2mdl_reg.o
                0x000000000800311e                lis2mdl_operating_mode_set
 .text.lis2mdl_data_rate_set
                0x000000000800316a       0x4c ./Drivers/BSP/Components/lis2mdl/lis2mdl_reg.o
                0x000000000800316a                lis2mdl_data_rate_set
 *fill*         0x00000000080031b6        0x2 
 .text.lis2mdl_data_rate_get
                0x00000000080031b8       0x70 ./Drivers/BSP/Components/lis2mdl/lis2mdl_reg.o
                0x00000000080031b8                lis2mdl_data_rate_get
 .text.lis2mdl_block_data_update_set
                0x0000000008003228       0x4c ./Drivers/BSP/Components/lis2mdl/lis2mdl_reg.o
                0x0000000008003228                lis2mdl_block_data_update_set
 .text.lis2mdl_magnetic_raw_get
                0x0000000008003274       0x96 ./Drivers/BSP/Components/lis2mdl/lis2mdl_reg.o
                0x0000000008003274                lis2mdl_magnetic_raw_get
 .text.lis2mdl_device_id_get
                0x000000000800330a       0x22 ./Drivers/BSP/Components/lis2mdl/lis2mdl_reg.o
                0x000000000800330a                lis2mdl_device_id_get
 .text.lis2mdl_self_test_set
                0x000000000800332c       0x4c ./Drivers/BSP/Components/lis2mdl/lis2mdl_reg.o
                0x000000000800332c                lis2mdl_self_test_set
 .text.lis2mdl_i2c_interface_set
                0x0000000008003378       0x4c ./Drivers/BSP/Components/lis2mdl/lis2mdl_reg.o
                0x0000000008003378                lis2mdl_i2c_interface_set
 .text.LSM6DSO_RegisterBusIO
                0x00000000080033c4       0xd4 ./Drivers/BSP/Components/lsm6dso/lsm6dso.o
                0x00000000080033c4                LSM6DSO_RegisterBusIO
 .text.LSM6DSO_Init
                0x0000000008003498       0xf2 ./Drivers/BSP/Components/lsm6dso/lsm6dso.o
                0x0000000008003498                LSM6DSO_Init
 .text.LSM6DSO_DeInit
                0x000000000800358a       0x4e ./Drivers/BSP/Components/lsm6dso/lsm6dso.o
                0x000000000800358a                LSM6DSO_DeInit
 .text.LSM6DSO_ReadID
                0x00000000080035d8       0x2c ./Drivers/BSP/Components/lsm6dso/lsm6dso.o
                0x00000000080035d8                LSM6DSO_ReadID
 .text.LSM6DSO_GetCapabilities
                0x0000000008003604       0x5c ./Drivers/BSP/Components/lsm6dso/lsm6dso.o
                0x0000000008003604                LSM6DSO_GetCapabilities
 .text.LSM6DSO_ACC_Enable
                0x0000000008003660       0x48 ./Drivers/BSP/Components/lsm6dso/lsm6dso.o
                0x0000000008003660                LSM6DSO_ACC_Enable
 .text.LSM6DSO_ACC_Disable
                0x00000000080036a8       0x5e ./Drivers/BSP/Components/lsm6dso/lsm6dso.o
                0x00000000080036a8                LSM6DSO_ACC_Disable
 *fill*         0x0000000008003706        0x2 
 .text.LSM6DSO_ACC_GetSensitivity
                0x0000000008003708       0x8c ./Drivers/BSP/Components/lsm6dso/lsm6dso.o
                0x0000000008003708                LSM6DSO_ACC_GetSensitivity
 .text.LSM6DSO_ACC_GetOutputDataRate
                0x0000000008003794      0x108 ./Drivers/BSP/Components/lsm6dso/lsm6dso.o
                0x0000000008003794                LSM6DSO_ACC_GetOutputDataRate
 .text.LSM6DSO_ACC_SetOutputDataRate
                0x000000000800389c       0x22 ./Drivers/BSP/Components/lsm6dso/lsm6dso.o
                0x000000000800389c                LSM6DSO_ACC_SetOutputDataRate
 *fill*         0x00000000080038be        0x2 
 .text.LSM6DSO_ACC_SetOutputDataRate_With_Mode
                0x00000000080038c0      0x33c ./Drivers/BSP/Components/lsm6dso/lsm6dso.o
                0x00000000080038c0                LSM6DSO_ACC_SetOutputDataRate_With_Mode
 .text.LSM6DSO_ACC_GetFullScale
                0x0000000008003bfc       0x7c ./Drivers/BSP/Components/lsm6dso/lsm6dso.o
                0x0000000008003bfc                LSM6DSO_ACC_GetFullScale
 .text.LSM6DSO_ACC_SetFullScale
                0x0000000008003c78       0x50 ./Drivers/BSP/Components/lsm6dso/lsm6dso.o
                0x0000000008003c78                LSM6DSO_ACC_SetFullScale
 .text.LSM6DSO_ACC_GetAxesRaw
                0x0000000008003cc8       0x48 ./Drivers/BSP/Components/lsm6dso/lsm6dso.o
                0x0000000008003cc8                LSM6DSO_ACC_GetAxesRaw
 .text.LSM6DSO_ACC_GetAxes
                0x0000000008003d10       0xae ./Drivers/BSP/Components/lsm6dso/lsm6dso.o
                0x0000000008003d10                LSM6DSO_ACC_GetAxes
 .text.LSM6DSO_GYRO_Enable
                0x0000000008003dbe       0x48 ./Drivers/BSP/Components/lsm6dso/lsm6dso.o
                0x0000000008003dbe                LSM6DSO_GYRO_Enable
 .text.LSM6DSO_GYRO_Disable
                0x0000000008003e06       0x5e ./Drivers/BSP/Components/lsm6dso/lsm6dso.o
                0x0000000008003e06                LSM6DSO_GYRO_Disable
 .text.LSM6DSO_GYRO_GetSensitivity
                0x0000000008003e64       0xa4 ./Drivers/BSP/Components/lsm6dso/lsm6dso.o
                0x0000000008003e64                LSM6DSO_GYRO_GetSensitivity
 .text.LSM6DSO_GYRO_GetOutputDataRate
                0x0000000008003f08       0xf8 ./Drivers/BSP/Components/lsm6dso/lsm6dso.o
                0x0000000008003f08                LSM6DSO_GYRO_GetOutputDataRate
 .text.LSM6DSO_GYRO_SetOutputDataRate
                0x0000000008004000       0x22 ./Drivers/BSP/Components/lsm6dso/lsm6dso.o
                0x0000000008004000                LSM6DSO_GYRO_SetOutputDataRate
 *fill*         0x0000000008004022        0x2 
 .text.LSM6DSO_GYRO_SetOutputDataRate_With_Mode
                0x0000000008004024      0x12c ./Drivers/BSP/Components/lsm6dso/lsm6dso.o
                0x0000000008004024                LSM6DSO_GYRO_SetOutputDataRate_With_Mode
 .text.LSM6DSO_GYRO_GetFullScale
                0x0000000008004150       0x94 ./Drivers/BSP/Components/lsm6dso/lsm6dso.o
                0x0000000008004150                LSM6DSO_GYRO_GetFullScale
 .text.LSM6DSO_GYRO_SetFullScale
                0x00000000080041e4       0x5e ./Drivers/BSP/Components/lsm6dso/lsm6dso.o
                0x00000000080041e4                LSM6DSO_GYRO_SetFullScale
 .text.LSM6DSO_GYRO_GetAxesRaw
                0x0000000008004242       0x48 ./Drivers/BSP/Components/lsm6dso/lsm6dso.o
                0x0000000008004242                LSM6DSO_GYRO_GetAxesRaw
 .text.LSM6DSO_GYRO_GetAxes
                0x000000000800428a       0xa8 ./Drivers/BSP/Components/lsm6dso/lsm6dso.o
                0x000000000800428a                LSM6DSO_GYRO_GetAxes
 .text.LSM6DSO_Write_Reg
                0x0000000008004332       0x36 ./Drivers/BSP/Components/lsm6dso/lsm6dso.o
                0x0000000008004332                LSM6DSO_Write_Reg
 .text.LSM6DSO_ACC_SetOutputDataRate_When_Enabled
                0x0000000008004368      0x130 ./Drivers/BSP/Components/lsm6dso/lsm6dso.o
 .text.LSM6DSO_ACC_SetOutputDataRate_When_Disabled
                0x0000000008004498      0x120 ./Drivers/BSP/Components/lsm6dso/lsm6dso.o
 .text.LSM6DSO_GYRO_SetOutputDataRate_When_Enabled
                0x00000000080045b8      0x118 ./Drivers/BSP/Components/lsm6dso/lsm6dso.o
 .text.LSM6DSO_GYRO_SetOutputDataRate_When_Disabled
                0x00000000080046d0      0x104 ./Drivers/BSP/Components/lsm6dso/lsm6dso.o
 .text.ReadRegWrap
                0x00000000080047d4       0x36 ./Drivers/BSP/Components/lsm6dso/lsm6dso.o
 .text.WriteRegWrap
                0x000000000800480a       0x36 ./Drivers/BSP/Components/lsm6dso/lsm6dso.o
 .text.lsm6dso_read_reg
                0x0000000008004840       0x30 ./Drivers/BSP/Components/lsm6dso/lsm6dso_reg.o
                0x0000000008004840                lsm6dso_read_reg
 .text.lsm6dso_write_reg
                0x0000000008004870       0x30 ./Drivers/BSP/Components/lsm6dso/lsm6dso_reg.o
                0x0000000008004870                lsm6dso_write_reg
 .text.lsm6dso_xl_full_scale_set
                0x00000000080048a0       0x4c ./Drivers/BSP/Components/lsm6dso/lsm6dso_reg.o
                0x00000000080048a0                lsm6dso_xl_full_scale_set
 .text.lsm6dso_xl_full_scale_get
                0x00000000080048ec       0x70 ./Drivers/BSP/Components/lsm6dso/lsm6dso_reg.o
                0x00000000080048ec                lsm6dso_xl_full_scale_get
 .text.lsm6dso_xl_data_rate_set
                0x000000000800495c      0x1f4 ./Drivers/BSP/Components/lsm6dso/lsm6dso_reg.o
                0x000000000800495c                lsm6dso_xl_data_rate_set
 .text.lsm6dso_xl_data_rate_get
                0x0000000008004b50       0xd0 ./Drivers/BSP/Components/lsm6dso/lsm6dso_reg.o
                0x0000000008004b50                lsm6dso_xl_data_rate_get
 .text.lsm6dso_gy_full_scale_set
                0x0000000008004c20       0x4c ./Drivers/BSP/Components/lsm6dso/lsm6dso_reg.o
                0x0000000008004c20                lsm6dso_gy_full_scale_set
 .text.lsm6dso_gy_full_scale_get
                0x0000000008004c6c       0x84 ./Drivers/BSP/Components/lsm6dso/lsm6dso_reg.o
                0x0000000008004c6c                lsm6dso_gy_full_scale_get
 .text.lsm6dso_gy_data_rate_set
                0x0000000008004cf0      0x1f4 ./Drivers/BSP/Components/lsm6dso/lsm6dso_reg.o
                0x0000000008004cf0                lsm6dso_gy_data_rate_set
 .text.lsm6dso_gy_data_rate_get
                0x0000000008004ee4       0xc4 ./Drivers/BSP/Components/lsm6dso/lsm6dso_reg.o
                0x0000000008004ee4                lsm6dso_gy_data_rate_get
 .text.lsm6dso_block_data_update_set
                0x0000000008004fa8       0x4c ./Drivers/BSP/Components/lsm6dso/lsm6dso_reg.o
                0x0000000008004fa8                lsm6dso_block_data_update_set
 .text.lsm6dso_angular_rate_raw_get
                0x0000000008004ff4       0x96 ./Drivers/BSP/Components/lsm6dso/lsm6dso_reg.o
                0x0000000008004ff4                lsm6dso_angular_rate_raw_get
 .text.lsm6dso_acceleration_raw_get
                0x000000000800508a       0x96 ./Drivers/BSP/Components/lsm6dso/lsm6dso_reg.o
                0x000000000800508a                lsm6dso_acceleration_raw_get
 .text.lsm6dso_mem_bank_set
                0x0000000008005120       0x3a ./Drivers/BSP/Components/lsm6dso/lsm6dso_reg.o
                0x0000000008005120                lsm6dso_mem_bank_set
 .text.lsm6dso_device_id_get
                0x000000000800515a       0x22 ./Drivers/BSP/Components/lsm6dso/lsm6dso_reg.o
                0x000000000800515a                lsm6dso_device_id_get
 .text.lsm6dso_auto_increment_set
                0x000000000800517c       0x4c ./Drivers/BSP/Components/lsm6dso/lsm6dso_reg.o
                0x000000000800517c                lsm6dso_auto_increment_set
 .text.lsm6dso_i3c_disable_set
                0x00000000080051c8       0x90 ./Drivers/BSP/Components/lsm6dso/lsm6dso_reg.o
                0x00000000080051c8                lsm6dso_i3c_disable_set
 .text.lsm6dso_fifo_mode_set
                0x0000000008005258       0x4c ./Drivers/BSP/Components/lsm6dso/lsm6dso_reg.o
                0x0000000008005258                lsm6dso_fifo_mode_set
 .text.lsm6dso_fsm_enable_get
                0x00000000080052a4       0x42 ./Drivers/BSP/Components/lsm6dso/lsm6dso_reg.o
                0x00000000080052a4                lsm6dso_fsm_enable_get
 *fill*         0x00000000080052e6        0x2 
 .text.lsm6dso_fsm_data_rate_get
                0x00000000080052e8       0x9c ./Drivers/BSP/Components/lsm6dso/lsm6dso_reg.o
                0x00000000080052e8                lsm6dso_fsm_data_rate_get
 .text.IKS01A3_MOTION_SENSOR_Init
                0x0000000008005384      0x1f8 ./Drivers/BSP/IKS01A3/iks01a3_motion_sensors.o
                0x0000000008005384                IKS01A3_MOTION_SENSOR_Init
 .text.IKS01A3_MOTION_SENSOR_Enable
                0x000000000800557c       0x84 ./Drivers/BSP/IKS01A3/iks01a3_motion_sensors.o
                0x000000000800557c                IKS01A3_MOTION_SENSOR_Enable
 .text.IKS01A3_MOTION_SENSOR_GetAxes
                0x0000000008005600       0x88 ./Drivers/BSP/IKS01A3/iks01a3_motion_sensors.o
                0x0000000008005600                IKS01A3_MOTION_SENSOR_GetAxes
 .text.LSM6DSO_0_Probe
                0x0000000008005688      0x180 ./Drivers/BSP/IKS01A3/iks01a3_motion_sensors.o
 .text.LIS2DW12_0_Probe
                0x0000000008005808      0x150 ./Drivers/BSP/IKS01A3/iks01a3_motion_sensors.o
 .text.LIS2MDL_0_Probe
                0x0000000008005958      0x150 ./Drivers/BSP/IKS01A3/iks01a3_motion_sensors.o
 .text.HAL_Init
                0x0000000008005aa8       0x44 ./Drivers/STM32F4xx_HAL_Driver/Src/stm32f4xx_hal.o
                0x0000000008005aa8                HAL_Init
 .text.HAL_InitTick
                0x0000000008005aec       0x60 ./Drivers/STM32F4xx_HAL_Driver/Src/stm32f4xx_hal.o
                0x0000000008005aec                HAL_InitTick
 .text.HAL_IncTick
                0x0000000008005b4c       0x28 ./Drivers/STM32F4xx_HAL_Driver/Src/stm32f4xx_hal.o
                0x0000000008005b4c                HAL_IncTick
 .text.HAL_GetTick
                0x0000000008005b74       0x18 ./Drivers/STM32F4xx_HAL_Driver/Src/stm32f4xx_hal.o
                0x0000000008005b74                HAL_GetTick
 .text.HAL_Delay
                0x0000000008005b8c       0x48 ./Drivers/STM32F4xx_HAL_Driver/Src/stm32f4xx_hal.o
                0x0000000008005b8c                HAL_Delay
 .text.__NVIC_SetPriorityGrouping
                0x0000000008005bd4       0x48 ./Drivers/STM32F4xx_HAL_Driver/Src/stm32f4xx_hal_cortex.o
 .text.__NVIC_GetPriorityGrouping
                0x0000000008005c1c       0x1c ./Drivers/STM32F4xx_HAL_Driver/Src/stm32f4xx_hal_cortex.o
 .text.__NVIC_EnableIRQ
                0x0000000008005c38       0x3c ./Drivers/STM32F4xx_HAL_Driver/Src/stm32f4xx_hal_cortex.o
 .text.__NVIC_SetPriority
                0x0000000008005c74       0x54 ./Drivers/STM32F4xx_HAL_Driver/Src/stm32f4xx_hal_cortex.o
 .text.NVIC_EncodePriority
                0x0000000008005cc8       0x66 ./Drivers/STM32F4xx_HAL_Driver/Src/stm32f4xx_hal_cortex.o
 *fill*         0x0000000008005d2e        0x2 
 .text.SysTick_Config
                0x0000000008005d30       0x44 ./Drivers/STM32F4xx_HAL_Driver/Src/stm32f4xx_hal_cortex.o
 .text.HAL_NVIC_SetPriorityGrouping
                0x0000000008005d74       0x16 ./Drivers/STM32F4xx_HAL_Driver/Src/stm32f4xx_hal_cortex.o
                0x0000000008005d74                HAL_NVIC_SetPriorityGrouping
 .text.HAL_NVIC_SetPriority
                0x0000000008005d8a       0x38 ./Drivers/STM32F4xx_HAL_Driver/Src/stm32f4xx_hal_cortex.o
                0x0000000008005d8a                HAL_NVIC_SetPriority
 .text.HAL_NVIC_EnableIRQ
                0x0000000008005dc2       0x1c ./Drivers/STM32F4xx_HAL_Driver/Src/stm32f4xx_hal_cortex.o
                0x0000000008005dc2                HAL_NVIC_EnableIRQ
 .text.HAL_SYSTICK_Config
                0x0000000008005dde       0x18 ./Drivers/STM32F4xx_HAL_Driver/Src/stm32f4xx_hal_cortex.o
                0x0000000008005dde                HAL_SYSTICK_Config
 .text.HAL_DMA_Abort
                0x0000000008005df6       0xe0 ./Drivers/STM32F4xx_HAL_Driver/Src/stm32f4xx_hal_dma.o
                0x0000000008005df6                HAL_DMA_Abort
 .text.HAL_DMA_Abort_IT
                0x0000000008005ed6       0x44 ./Drivers/STM32F4xx_HAL_Driver/Src/stm32f4xx_hal_dma.o
                0x0000000008005ed6                HAL_DMA_Abort_IT
 *fill*         0x0000000008005f1a        0x2 
 .text.HAL_GPIO_Init
                0x0000000008005f1c      0x308 ./Drivers/STM32F4xx_HAL_Driver/Src/stm32f4xx_hal_gpio.o
                0x0000000008005f1c                HAL_GPIO_Init
 .text.HAL_GPIO_DeInit
                0x0000000008006224      0x1c8 ./Drivers/STM32F4xx_HAL_Driver/Src/stm32f4xx_hal_gpio.o
                0x0000000008006224                HAL_GPIO_DeInit
 .text.HAL_GPIO_WritePin
                0x00000000080063ec       0x32 ./Drivers/STM32F4xx_HAL_Driver/Src/stm32f4xx_hal_gpio.o
                0x00000000080063ec                HAL_GPIO_WritePin
 *fill*         0x000000000800641e        0x2 
 .text.HAL_I2C_Init
                0x0000000008006420      0x288 ./Drivers/STM32F4xx_HAL_Driver/Src/stm32f4xx_hal_i2c.o
                0x0000000008006420                HAL_I2C_Init
 .text.HAL_I2C_DeInit
                0x00000000080066a8       0x5e ./Drivers/STM32F4xx_HAL_Driver/Src/stm32f4xx_hal_i2c.o
                0x00000000080066a8                HAL_I2C_DeInit
 .text.HAL_I2C_MspInit
                0x0000000008006706       0x14 ./Drivers/STM32F4xx_HAL_Driver/Src/stm32f4xx_hal_i2c.o
                0x0000000008006706                HAL_I2C_MspInit
 .text.HAL_I2C_MspDeInit
                0x000000000800671a       0x14 ./Drivers/STM32F4xx_HAL_Driver/Src/stm32f4xx_hal_i2c.o
                0x000000000800671a                HAL_I2C_MspDeInit
 *fill*         0x000000000800672e        0x2 
 .text.HAL_I2C_Mem_Write
                0x0000000008006730      0x1f4 ./Drivers/STM32F4xx_HAL_Driver/Src/stm32f4xx_hal_i2c.o
                0x0000000008006730                HAL_I2C_Mem_Write
 .text.HAL_I2C_Mem_Read
                0x0000000008006924      0x464 ./Drivers/STM32F4xx_HAL_Driver/Src/stm32f4xx_hal_i2c.o
                0x0000000008006924                HAL_I2C_Mem_Read
 .text.HAL_I2C_GetState
                0x0000000008006d88       0x1c ./Drivers/STM32F4xx_HAL_Driver/Src/stm32f4xx_hal_i2c.o
                0x0000000008006d88                HAL_I2C_GetState
 .text.HAL_I2C_GetError
                0x0000000008006da4       0x18 ./Drivers/STM32F4xx_HAL_Driver/Src/stm32f4xx_hal_i2c.o
                0x0000000008006da4                HAL_I2C_GetError
 .text.I2C_RequestMemoryWrite
                0x0000000008006dbc      0x12c ./Drivers/STM32F4xx_HAL_Driver/Src/stm32f4xx_hal_i2c.o
 .text.I2C_RequestMemoryRead
                0x0000000008006ee8      0x1d0 ./Drivers/STM32F4xx_HAL_Driver/Src/stm32f4xx_hal_i2c.o
 .text.I2C_WaitOnFlagUntilTimeout
                0x00000000080070b8       0xf4 ./Drivers/STM32F4xx_HAL_Driver/Src/stm32f4xx_hal_i2c.o
 .text.I2C_WaitOnMasterAddressFlagUntilTimeout
                0x00000000080071ac      0x140 ./Drivers/STM32F4xx_HAL_Driver/Src/stm32f4xx_hal_i2c.o
 .text.I2C_WaitOnTXEFlagUntilTimeout
                0x00000000080072ec       0x90 ./Drivers/STM32F4xx_HAL_Driver/Src/stm32f4xx_hal_i2c.o
 .text.I2C_WaitOnBTFFlagUntilTimeout
                0x000000000800737c       0x90 ./Drivers/STM32F4xx_HAL_Driver/Src/stm32f4xx_hal_i2c.o
 .text.I2C_WaitOnRXNEFlagUntilTimeout
                0x000000000800740c       0xba ./Drivers/STM32F4xx_HAL_Driver/Src/stm32f4xx_hal_i2c.o
 .text.I2C_IsAcknowledgeFailed
                0x00000000080074c6       0x5e ./Drivers/STM32F4xx_HAL_Driver/Src/stm32f4xx_hal_i2c.o
 .text.HAL_RCC_OscConfig
                0x0000000008007524      0x4f0 ./Drivers/STM32F4xx_HAL_Driver/Src/stm32f4xx_hal_rcc.o
                0x0000000008007524                HAL_RCC_OscConfig
 .text.HAL_RCC_ClockConfig
                0x0000000008007a14      0x1cc ./Drivers/STM32F4xx_HAL_Driver/Src/stm32f4xx_hal_rcc.o
                0x0000000008007a14                HAL_RCC_ClockConfig
 .text.HAL_RCC_GetSysClockFreq
                0x0000000008007be0      0x20c ./Drivers/STM32F4xx_HAL_Driver/Src/stm32f4xx_hal_rcc.o
                0x0000000008007be0                HAL_RCC_GetSysClockFreq
 .text.HAL_RCC_GetHCLKFreq
                0x0000000008007dec       0x18 ./Drivers/STM32F4xx_HAL_Driver/Src/stm32f4xx_hal_rcc.o
                0x0000000008007dec                HAL_RCC_GetHCLKFreq
 .text.HAL_RCC_GetPCLK1Freq
                0x0000000008007e04       0x28 ./Drivers/STM32F4xx_HAL_Driver/Src/stm32f4xx_hal_rcc.o
                0x0000000008007e04                HAL_RCC_GetPCLK1Freq
 .text.HAL_RCC_GetPCLK2Freq
                0x0000000008007e2c       0x28 ./Drivers/STM32F4xx_HAL_Driver/Src/stm32f4xx_hal_rcc.o
                0x0000000008007e2c                HAL_RCC_GetPCLK2Freq
 .text.HAL_TIM_Base_Init
                0x0000000008007e54       0x9e ./Drivers/STM32F4xx_HAL_Driver/Src/stm32f4xx_hal_tim.o
                0x0000000008007e54                HAL_TIM_Base_Init
 *fill*         0x0000000008007ef2        0x2 
 .text.HAL_TIM_Base_Start_IT
                0x0000000008007ef4       0xc4 ./Drivers/STM32F4xx_HAL_Driver/Src/stm32f4xx_hal_tim.o
                0x0000000008007ef4                HAL_TIM_Base_Start_IT
 .text.HAL_TIM_IRQHandler
                0x0000000008007fb8      0x1e0 ./Drivers/STM32F4xx_HAL_Driver/Src/stm32f4xx_hal_tim.o
                0x0000000008007fb8                HAL_TIM_IRQHandler
 .text.HAL_TIM_ConfigClockSource
                0x0000000008008198      0x18e ./Drivers/STM32F4xx_HAL_Driver/Src/stm32f4xx_hal_tim.o
                0x0000000008008198                HAL_TIM_ConfigClockSource
 .text.HAL_TIM_OC_DelayElapsedCallback
                0x0000000008008326       0x14 ./Drivers/STM32F4xx_HAL_Driver/Src/stm32f4xx_hal_tim.o
                0x0000000008008326                HAL_TIM_OC_DelayElapsedCallback
 .text.HAL_TIM_IC_CaptureCallback
                0x000000000800833a       0x14 ./Drivers/STM32F4xx_HAL_Driver/Src/stm32f4xx_hal_tim.o
                0x000000000800833a                HAL_TIM_IC_CaptureCallback
 .text.HAL_TIM_PWM_PulseFinishedCallback
                0x000000000800834e       0x14 ./Drivers/STM32F4xx_HAL_Driver/Src/stm32f4xx_hal_tim.o
                0x000000000800834e                HAL_TIM_PWM_PulseFinishedCallback
 .text.HAL_TIM_TriggerCallback
                0x0000000008008362       0x14 ./Drivers/STM32F4xx_HAL_Driver/Src/stm32f4xx_hal_tim.o
                0x0000000008008362                HAL_TIM_TriggerCallback
 *fill*         0x0000000008008376        0x2 
 .text.TIM_Base_SetConfig
                0x0000000008008378      0x118 ./Drivers/STM32F4xx_HAL_Driver/Src/stm32f4xx_hal_tim.o
                0x0000000008008378                TIM_Base_SetConfig
 .text.TIM_TI1_ConfigInputStage
                0x0000000008008490       0x5e ./Drivers/STM32F4xx_HAL_Driver/Src/stm32f4xx_hal_tim.o
 .text.TIM_TI2_ConfigInputStage
                0x00000000080084ee       0x60 ./Drivers/STM32F4xx_HAL_Driver/Src/stm32f4xx_hal_tim.o
 .text.TIM_ITRx_SetConfig
                0x000000000800854e       0x36 ./Drivers/STM32F4xx_HAL_Driver/Src/stm32f4xx_hal_tim.o
 .text.TIM_ETR_SetConfig
                0x0000000008008584       0x40 ./Drivers/STM32F4xx_HAL_Driver/Src/stm32f4xx_hal_tim.o
                0x0000000008008584                TIM_ETR_SetConfig
 .text.HAL_TIMEx_MasterConfigSynchronization
                0x00000000080085c4       0xdc ./Drivers/STM32F4xx_HAL_Driver/Src/stm32f4xx_hal_tim_ex.o
                0x00000000080085c4                HAL_TIMEx_MasterConfigSynchronization
 .text.HAL_TIMEx_CommutCallback
                0x00000000080086a0       0x14 ./Drivers/STM32F4xx_HAL_Driver/Src/stm32f4xx_hal_tim_ex.o
                0x00000000080086a0                HAL_TIMEx_CommutCallback
 .text.HAL_TIMEx_BreakCallback
                0x00000000080086b4       0x14 ./Drivers/STM32F4xx_HAL_Driver/Src/stm32f4xx_hal_tim_ex.o
                0x00000000080086b4                HAL_TIMEx_BreakCallback
 .text.HAL_UART_Init
                0x00000000080086c8       0xa0 ./Drivers/STM32F4xx_HAL_Driver/Src/stm32f4xx_hal_uart.o
                0x00000000080086c8                HAL_UART_Init
 .text.HAL_UART_Transmit_IT
                0x0000000008008768       0x6c ./Drivers/STM32F4xx_HAL_Driver/Src/stm32f4xx_hal_uart.o
                0x0000000008008768                HAL_UART_Transmit_IT
 .text.HAL_UART_IRQHandler
                0x00000000080087d4      0x524 ./Drivers/STM32F4xx_HAL_Driver/Src/stm32f4xx_hal_uart.o
                0x00000000080087d4                HAL_UART_IRQHandler
 .text.HAL_UART_TxCpltCallback
                0x0000000008008cf8       0x14 ./Drivers/STM32F4xx_HAL_Driver/Src/stm32f4xx_hal_uart.o
                0x0000000008008cf8                HAL_UART_TxCpltCallback
 .text.HAL_UART_RxCpltCallback
                0x0000000008008d0c       0x14 ./Drivers/STM32F4xx_HAL_Driver/Src/stm32f4xx_hal_uart.o
                0x0000000008008d0c                HAL_UART_RxCpltCallback
 .text.HAL_UART_ErrorCallback
                0x0000000008008d20       0x14 ./Drivers/STM32F4xx_HAL_Driver/Src/stm32f4xx_hal_uart.o
                0x0000000008008d20                HAL_UART_ErrorCallback
 .text.HAL_UARTEx_RxEventCallback
                0x0000000008008d34       0x18 ./Drivers/STM32F4xx_HAL_Driver/Src/stm32f4xx_hal_uart.o
                0x0000000008008d34                HAL_UARTEx_RxEventCallback
 .text.UART_EndRxTransfer
                0x0000000008008d4c       0xc6 ./Drivers/STM32F4xx_HAL_Driver/Src/stm32f4xx_hal_uart.o
 .text.UART_DMAAbortOnError
                0x0000000008008e12       0x28 ./Drivers/STM32F4xx_HAL_Driver/Src/stm32f4xx_hal_uart.o
 .text.UART_Transmit_IT
                0x0000000008008e3a       0xa0 ./Drivers/STM32F4xx_HAL_Driver/Src/stm32f4xx_hal_uart.o
 .text.UART_EndTransmit_IT
                0x0000000008008eda       0x30 ./Drivers/STM32F4xx_HAL_Driver/Src/stm32f4xx_hal_uart.o
 .text.UART_Receive_IT
                0x0000000008008f0a      0x17c ./Drivers/STM32F4xx_HAL_Driver/Src/stm32f4xx_hal_uart.o
 *fill*         0x0000000008009086        0x2 
 .text.UART_SetConfig
                0x0000000008009088      0x4e8 ./Drivers/STM32F4xx_HAL_Driver/Src/stm32f4xx_hal_uart.o
 .text.sprintf  0x0000000008009570       0x40 C:/ST/STM32CubeIDE_1.7.0/STM32CubeIDE/plugins/com.st.stm32cube.ide.mcu.externaltools.gnu-tools-for-stm32.11.3.rel1.win32_1.1.100.202309141235/tools/bin/../lib/gcc/arm-none-eabi/11.3.1/../../../../arm-none-eabi/lib/thumb/v7e-m+fp/hard\libc_nano.a(libc_a-sprintf.o)
                0x0000000008009570                siprintf
                0x0000000008009570                sprintf
 .text.memset   0x00000000080095b0       0x10 C:/ST/STM32CubeIDE_1.7.0/STM32CubeIDE/plugins/com.st.stm32cube.ide.mcu.externaltools.gnu-tools-for-stm32.11.3.rel1.win32_1.1.100.202309141235/tools/bin/../lib/gcc/arm-none-eabi/11.3.1/../../../../arm-none-eabi/lib/thumb/v7e-m+fp/hard\libc_nano.a(libc_a-memset.o)
                0x00000000080095b0                memset
 .text.__errno  0x00000000080095c0        0xc C:/ST/STM32CubeIDE_1.7.0/STM32CubeIDE/plugins/com.st.stm32cube.ide.mcu.externaltools.gnu-tools-for-stm32.11.3.rel1.win32_1.1.100.202309141235/tools/bin/../lib/gcc/arm-none-eabi/11.3.1/../../../../arm-none-eabi/lib/thumb/v7e-m+fp/hard\libc_nano.a(libc_a-errno.o)
                0x00000000080095c0                __errno
 .text.__libc_init_array
                0x00000000080095cc       0x48 C:/ST/STM32CubeIDE_1.7.0/STM32CubeIDE/plugins/com.st.stm32cube.ide.mcu.externaltools.gnu-tools-for-stm32.11.3.rel1.win32_1.1.100.202309141235/tools/bin/../lib/gcc/arm-none-eabi/11.3.1/../../../../arm-none-eabi/lib/thumb/v7e-m+fp/hard\libc_nano.a(libc_a-init.o)
                0x00000000080095cc                __libc_init_array
 .text.__retarget_lock_acquire_recursive
                0x0000000008009614        0x2 C:/ST/STM32CubeIDE_1.7.0/STM32CubeIDE/plugins/com.st.stm32cube.ide.mcu.externaltools.gnu-tools-for-stm32.11.3.rel1.win32_1.1.100.202309141235/tools/bin/../lib/gcc/arm-none-eabi/11.3.1/../../../../arm-none-eabi/lib/thumb/v7e-m+fp/hard\libc_nano.a(libc_a-lock.o)
                0x0000000008009614                __retarget_lock_acquire_recursive
 .text.__retarget_lock_release_recursive
                0x0000000008009616        0x2 C:/ST/STM32CubeIDE_1.7.0/STM32CubeIDE/plugins/com.st.stm32cube.ide.mcu.externaltools.gnu-tools-for-stm32.11.3.rel1.win32_1.1.100.202309141235/tools/bin/../lib/gcc/arm-none-eabi/11.3.1/../../../../arm-none-eabi/lib/thumb/v7e-m+fp/hard\libc_nano.a(libc_a-lock.o)
                0x0000000008009616                __retarget_lock_release_recursive
 .text._free_r  0x0000000008009618       0x98 C:/ST/STM32CubeIDE_1.7.0/STM32CubeIDE/plugins/com.st.stm32cube.ide.mcu.externaltools.gnu-tools-for-stm32.11.3.rel1.win32_1.1.100.202309141235/tools/bin/../lib/gcc/arm-none-eabi/11.3.1/../../../../arm-none-eabi/lib/thumb/v7e-m+fp/hard\libc_nano.a(libc_a-freer.o)
                0x0000000008009618                _free_r
 .text.sbrk_aligned
                0x00000000080096b0       0x40 C:/ST/STM32CubeIDE_1.7.0/STM32CubeIDE/plugins/com.st.stm32cube.ide.mcu.externaltools.gnu-tools-for-stm32.11.3.rel1.win32_1.1.100.202309141235/tools/bin/../lib/gcc/arm-none-eabi/11.3.1/../../../../arm-none-eabi/lib/thumb/v7e-m+fp/hard\libc_nano.a(libc_a-mallocr.o)
 .text._malloc_r
                0x00000000080096f0      0x100 C:/ST/STM32CubeIDE_1.7.0/STM32CubeIDE/plugins/com.st.stm32cube.ide.mcu.externaltools.gnu-tools-for-stm32.11.3.rel1.win32_1.1.100.202309141235/tools/bin/../lib/gcc/arm-none-eabi/11.3.1/../../../../arm-none-eabi/lib/thumb/v7e-m+fp/hard\libc_nano.a(libc_a-mallocr.o)
                0x00000000080096f0                _malloc_r
 .text.__malloc_lock
                0x00000000080097f0        0xc C:/ST/STM32CubeIDE_1.7.0/STM32CubeIDE/plugins/com.st.stm32cube.ide.mcu.externaltools.gnu-tools-for-stm32.11.3.rel1.win32_1.1.100.202309141235/tools/bin/../lib/gcc/arm-none-eabi/11.3.1/../../../../arm-none-eabi/lib/thumb/v7e-m+fp/hard\libc_nano.a(libc_a-mlock.o)
                0x00000000080097f0                __malloc_lock
 .text.__malloc_unlock
                0x00000000080097fc        0xc C:/ST/STM32CubeIDE_1.7.0/STM32CubeIDE/plugins/com.st.stm32cube.ide.mcu.externaltools.gnu-tools-for-stm32.11.3.rel1.win32_1.1.100.202309141235/tools/bin/../lib/gcc/arm-none-eabi/11.3.1/../../../../arm-none-eabi/lib/thumb/v7e-m+fp/hard\libc_nano.a(libc_a-mlock.o)
                0x00000000080097fc                __malloc_unlock
 .text.__ssputs_r
                0x0000000008009808       0xb4 C:/ST/STM32CubeIDE_1.7.0/STM32CubeIDE/plugins/com.st.stm32cube.ide.mcu.externaltools.gnu-tools-for-stm32.11.3.rel1.win32_1.1.100.202309141235/tools/bin/../lib/gcc/arm-none-eabi/11.3.1/../../../../arm-none-eabi/lib/thumb/v7e-m+fp/hard\libc_nano.a(libc_a-nano-svfprintf.o)
                0x0000000008009808                __ssputs_r
 .text._svfprintf_r
                0x00000000080098bc      0x1fc C:/ST/STM32CubeIDE_1.7.0/STM32CubeIDE/plugins/com.st.stm32cube.ide.mcu.externaltools.gnu-tools-for-stm32.11.3.rel1.win32_1.1.100.202309141235/tools/bin/../lib/gcc/arm-none-eabi/11.3.1/../../../../arm-none-eabi/lib/thumb/v7e-m+fp/hard\libc_nano.a(libc_a-nano-svfprintf.o)
                0x00000000080098bc                _svfiprintf_r
                0x00000000080098bc                _svfprintf_r
 .text._printf_common
                0x0000000008009ab8       0xda C:/ST/STM32CubeIDE_1.7.0/STM32CubeIDE/plugins/com.st.stm32cube.ide.mcu.externaltools.gnu-tools-for-stm32.11.3.rel1.win32_1.1.100.202309141235/tools/bin/../lib/gcc/arm-none-eabi/11.3.1/../../../../arm-none-eabi/lib/thumb/v7e-m+fp/hard\libc_nano.a(libc_a-nano-vfprintf_i.o)
                0x0000000008009ab8                _printf_common
 *fill*         0x0000000008009b92        0x2 
 .text._printf_i
                0x0000000008009b94      0x244 C:/ST/STM32CubeIDE_1.7.0/STM32CubeIDE/plugins/com.st.stm32cube.ide.mcu.externaltools.gnu-tools-for-stm32.11.3.rel1.win32_1.1.100.202309141235/tools/bin/../lib/gcc/arm-none-eabi/11.3.1/../../../../arm-none-eabi/lib/thumb/v7e-m+fp/hard\libc_nano.a(libc_a-nano-vfprintf_i.o)
                0x0000000008009b94                _printf_i
 .text.memmove  0x0000000008009dd8       0x34 C:/ST/STM32CubeIDE_1.7.0/STM32CubeIDE/plugins/com.st.stm32cube.ide.mcu.externaltools.gnu-tools-for-stm32.11.3.rel1.win32_1.1.100.202309141235/tools/bin/../lib/gcc/arm-none-eabi/11.3.1/../../../../arm-none-eabi/lib/thumb/v7e-m+fp/hard\libc_nano.a(libc_a-memmove.o)
                0x0000000008009dd8                memmove
 .text._sbrk_r  0x0000000008009e0c       0x20 C:/ST/STM32CubeIDE_1.7.0/STM32CubeIDE/plugins/com.st.stm32cube.ide.mcu.externaltools.gnu-tools-for-stm32.11.3.rel1.win32_1.1.100.202309141235/tools/bin/../lib/gcc/arm-none-eabi/11.3.1/../../../../arm-none-eabi/lib/thumb/v7e-m+fp/hard\libc_nano.a(libc_a-sbrkr.o)
                0x0000000008009e0c                _sbrk_r
 .text.memcpy   0x0000000008009e2c       0x1c C:/ST/STM32CubeIDE_1.7.0/STM32CubeIDE/plugins/com.st.stm32cube.ide.mcu.externaltools.gnu-tools-for-stm32.11.3.rel1.win32_1.1.100.202309141235/tools/bin/../lib/gcc/arm-none-eabi/11.3.1/../../../../arm-none-eabi/lib/thumb/v7e-m+fp/hard\libc_nano.a(libc_a-memcpy-stub.o)
                0x0000000008009e2c                memcpy
 .text._realloc_r
                0x0000000008009e48       0x5e C:/ST/STM32CubeIDE_1.7.0/STM32CubeIDE/plugins/com.st.stm32cube.ide.mcu.externaltools.gnu-tools-for-stm32.11.3.rel1.win32_1.1.100.202309141235/tools/bin/../lib/gcc/arm-none-eabi/11.3.1/../../../../arm-none-eabi/lib/thumb/v7e-m+fp/hard\libc_nano.a(libc_a-reallocr.o)
                0x0000000008009e48                _realloc_r
 .text._malloc_usable_size_r
                0x0000000008009ea6       0x10 C:/ST/STM32CubeIDE_1.7.0/STM32CubeIDE/plugins/com.st.stm32cube.ide.mcu.externaltools.gnu-tools-for-stm32.11.3.rel1.win32_1.1.100.202309141235/tools/bin/../lib/gcc/arm-none-eabi/11.3.1/../../../../arm-none-eabi/lib/thumb/v7e-m+fp/hard\libc_nano.a(libc_a-msizer.o)
                0x0000000008009ea6                _malloc_usable_size_r
 *(.glue_7)
 .glue_7        0x0000000008009eb6        0x0 linker stubs
 *(.glue_7t)
 .glue_7t       0x0000000008009eb6        0x0 linker stubs
 *(.eh_frame)
 *fill*         0x0000000008009eb6        0x2 
 .eh_frame      0x0000000008009eb8        0x0 C:/ST/STM32CubeIDE_1.7.0/STM32CubeIDE/plugins/com.st.stm32cube.ide.mcu.externaltools.gnu-tools-for-stm32.11.3.rel1.win32_1.1.100.202309141235/tools/bin/../lib/gcc/arm-none-eabi/11.3.1/thumb/v7e-m+fp/hard/crtbegin.o
 *(.init)
 .init          0x0000000008009eb8        0x4 C:/ST/STM32CubeIDE_1.7.0/STM32CubeIDE/plugins/com.st.stm32cube.ide.mcu.externaltools.gnu-tools-for-stm32.11.3.rel1.win32_1.1.100.202309141235/tools/bin/../lib/gcc/arm-none-eabi/11.3.1/thumb/v7e-m+fp/hard/crti.o
                0x0000000008009eb8                _init
 .init          0x0000000008009ebc        0x8 C:/ST/STM32CubeIDE_1.7.0/STM32CubeIDE/plugins/com.st.stm32cube.ide.mcu.externaltools.gnu-tools-for-stm32.11.3.rel1.win32_1.1.100.202309141235/tools/bin/../lib/gcc/arm-none-eabi/11.3.1/thumb/v7e-m+fp/hard/crtn.o
 *(.fini)
 .fini          0x0000000008009ec4        0x4 C:/ST/STM32CubeIDE_1.7.0/STM32CubeIDE/plugins/com.st.stm32cube.ide.mcu.externaltools.gnu-tools-for-stm32.11.3.rel1.win32_1.1.100.202309141235/tools/bin/../lib/gcc/arm-none-eabi/11.3.1/thumb/v7e-m+fp/hard/crti.o
                0x0000000008009ec4                _fini
 .fini          0x0000000008009ec8        0x8 C:/ST/STM32CubeIDE_1.7.0/STM32CubeIDE/plugins/com.st.stm32cube.ide.mcu.externaltools.gnu-tools-for-stm32.11.3.rel1.win32_1.1.100.202309141235/tools/bin/../lib/gcc/arm-none-eabi/11.3.1/thumb/v7e-m+fp/hard/crtn.o
                0x0000000008009ed0                . = ALIGN (0x4)
                0x0000000008009ed0                _etext = .

.vfp11_veneer   0x0000000008009ed0        0x0
 .vfp11_veneer  0x0000000008009ed0        0x0 linker stubs

.v4_bx          0x0000000008009ed0        0x0
 .v4_bx         0x0000000008009ed0        0x0 linker stubs

.iplt           0x0000000008009ed0        0x0
 .iplt          0x0000000008009ed0        0x0 C:/ST/STM32CubeIDE_1.7.0/STM32CubeIDE/plugins/com.st.stm32cube.ide.mcu.externaltools.gnu-tools-for-stm32.11.3.rel1.win32_1.1.100.202309141235/tools/bin/../lib/gcc/arm-none-eabi/11.3.1/thumb/v7e-m+fp/hard/crtbegin.o

.rodata         0x0000000008009ed0       0x88
                0x0000000008009ed0                . = ALIGN (0x4)
 *(.rodata)
 .rodata        0x0000000008009ed0       0x3a ./Core/Src/main.o
 *(.rodata*)
 *fill*         0x0000000008009f0a        0x2 
 .rodata.AHBPrescTable
                0x0000000008009f0c       0x10 ./Core/Src/system_stm32f4xx.o
                0x0000000008009f0c                AHBPrescTable
 .rodata.APBPrescTable
                0x0000000008009f1c        0x8 ./Core/Src/system_stm32f4xx.o
                0x0000000008009f1c                APBPrescTable
 .rodata._svfprintf_r.str1.1
                0x0000000008009f24       0x11 C:/ST/STM32CubeIDE_1.7.0/STM32CubeIDE/plugins/com.st.stm32cube.ide.mcu.externaltools.gnu-tools-for-stm32.11.3.rel1.win32_1.1.100.202309141235/tools/bin/../lib/gcc/arm-none-eabi/11.3.1/../../../../arm-none-eabi/lib/thumb/v7e-m+fp/hard\libc_nano.a(libc_a-nano-svfprintf.o)
 .rodata._printf_i.str1.1
                0x0000000008009f35       0x22 C:/ST/STM32CubeIDE_1.7.0/STM32CubeIDE/plugins/com.st.stm32cube.ide.mcu.externaltools.gnu-tools-for-stm32.11.3.rel1.win32_1.1.100.202309141235/tools/bin/../lib/gcc/arm-none-eabi/11.3.1/../../../../arm-none-eabi/lib/thumb/v7e-m+fp/hard\libc_nano.a(libc_a-nano-vfprintf_i.o)
                0x0000000008009f58                . = ALIGN (0x4)
 *fill*         0x0000000008009f57        0x1 

.ARM.extab      0x0000000008009f58        0x0
                0x0000000008009f58                . = ALIGN (0x4)
 *(.ARM.extab* .gnu.linkonce.armextab.*)
                0x0000000008009f58                . = ALIGN (0x4)

.ARM            0x0000000008009f58        0x8
                0x0000000008009f58                . = ALIGN (0x4)
                0x0000000008009f58                __exidx_start = .
 *(.ARM.exidx*)
 .ARM.exidx     0x0000000008009f58        0x8 C:/ST/STM32CubeIDE_1.7.0/STM32CubeIDE/plugins/com.st.stm32cube.ide.mcu.externaltools.gnu-tools-for-stm32.11.3.rel1.win32_1.1.100.202309141235/tools/bin/../lib/gcc/arm-none-eabi/11.3.1/thumb/v7e-m+fp/hard\libgcc.a(_udivmoddi4.o)
                0x0000000008009f60                __exidx_end = .
                0x0000000008009f60                . = ALIGN (0x4)

.rel.dyn        0x0000000008009f60        0x0
 .rel.iplt      0x0000000008009f60        0x0 C:/ST/STM32CubeIDE_1.7.0/STM32CubeIDE/plugins/com.st.stm32cube.ide.mcu.externaltools.gnu-tools-for-stm32.11.3.rel1.win32_1.1.100.202309141235/tools/bin/../lib/gcc/arm-none-eabi/11.3.1/thumb/v7e-m+fp/hard/crtbegin.o

.preinit_array  0x0000000008009f60        0x0
                0x0000000008009f60                . = ALIGN (0x4)
                0x0000000008009f60                PROVIDE (__preinit_array_start = .)
 *(.preinit_array*)
                0x0000000008009f60                PROVIDE (__preinit_array_end = .)
                0x0000000008009f60                . = ALIGN (0x4)

.init_array     0x0000000008009f60        0x4
                0x0000000008009f60                . = ALIGN (0x4)
                0x0000000008009f60                PROVIDE (__init_array_start = .)
 *(SORT_BY_NAME(.init_array.*))
 *(.init_array*)
 .init_array    0x0000000008009f60        0x4 C:/ST/STM32CubeIDE_1.7.0/STM32CubeIDE/plugins/com.st.stm32cube.ide.mcu.externaltools.gnu-tools-for-stm32.11.3.rel1.win32_1.1.100.202309141235/tools/bin/../lib/gcc/arm-none-eabi/11.3.1/thumb/v7e-m+fp/hard/crtbegin.o
                0x0000000008009f64                PROVIDE (__init_array_end = .)
                0x0000000008009f64                . = ALIGN (0x4)

.fini_array     0x0000000008009f64        0x4
                0x0000000008009f64                . = ALIGN (0x4)
                [!provide]                        PROVIDE (__fini_array_start = .)
 *(SORT_BY_NAME(.fini_array.*))
 *(.fini_array*)
 .fini_array    0x0000000008009f64        0x4 C:/ST/STM32CubeIDE_1.7.0/STM32CubeIDE/plugins/com.st.stm32cube.ide.mcu.externaltools.gnu-tools-for-stm32.11.3.rel1.win32_1.1.100.202309141235/tools/bin/../lib/gcc/arm-none-eabi/11.3.1/thumb/v7e-m+fp/hard/crtbegin.o
                [!provide]                        PROVIDE (__fini_array_end = .)
                0x0000000008009f68                . = ALIGN (0x4)
                0x0000000008009f68                _sidata = LOADADDR (.data)

.data           0x0000000020000000      0x130 load address 0x0000000008009f68
                0x0000000020000000                . = ALIGN (0x4)
                0x0000000020000000                _sdata = .
 *(.data)
 *(.data*)
 .data.SystemCoreClock
                0x0000000020000000        0x4 ./Core/Src/system_stm32f4xx.o
                0x0000000020000000                SystemCoreClock
 .data.LIS2DW12_COMMON_Driver
                0x0000000020000004       0x10 ./Drivers/BSP/Components/lis2dw12/lis2dw12.o
                0x0000000020000004                LIS2DW12_COMMON_Driver
 .data.LIS2DW12_ACC_Driver
                0x0000000020000014       0x24 ./Drivers/BSP/Components/lis2dw12/lis2dw12.o
                0x0000000020000014                LIS2DW12_ACC_Driver
 .data.LIS2MDL_COMMON_Driver
                0x0000000020000038       0x10 ./Drivers/BSP/Components/lis2mdl/lis2mdl.o
                0x0000000020000038                LIS2MDL_COMMON_Driver
 .data.LIS2MDL_MAG_Driver
                0x0000000020000048       0x24 ./Drivers/BSP/Components/lis2mdl/lis2mdl.o
                0x0000000020000048                LIS2MDL_MAG_Driver
 .data.LSM6DSO_COMMON_Driver
                0x000000002000006c       0x10 ./Drivers/BSP/Components/lsm6dso/lsm6dso.o
                0x000000002000006c                LSM6DSO_COMMON_Driver
 .data.LSM6DSO_ACC_Driver
                0x000000002000007c       0x24 ./Drivers/BSP/Components/lsm6dso/lsm6dso.o
                0x000000002000007c                LSM6DSO_ACC_Driver
 .data.LSM6DSO_GYRO_Driver
                0x00000000200000a0       0x24 ./Drivers/BSP/Components/lsm6dso/lsm6dso.o
                0x00000000200000a0                LSM6DSO_GYRO_Driver
 .data.FunctionIndex
                0x00000000200000c4       0x14 ./Drivers/BSP/IKS01A3/iks01a3_motion_sensors.o
 .data.uwTickPrio
                0x00000000200000d8        0x4 ./Drivers/STM32F4xx_HAL_Driver/Src/stm32f4xx_hal.o
                0x00000000200000d8                uwTickPrio
 .data.uwTickFreq
                0x00000000200000dc        0x1 ./Drivers/STM32F4xx_HAL_Driver/Src/stm32f4xx_hal.o
                0x00000000200000dc                uwTickFreq
 *fill*         0x00000000200000dd        0x3 
 .data._impure_data
                0x00000000200000e0       0x4c C:/ST/STM32CubeIDE_1.7.0/STM32CubeIDE/plugins/com.st.stm32cube.ide.mcu.externaltools.gnu-tools-for-stm32.11.3.rel1.win32_1.1.100.202309141235/tools/bin/../lib/gcc/arm-none-eabi/11.3.1/../../../../arm-none-eabi/lib/thumb/v7e-m+fp/hard\libc_nano.a(libc_a-impure.o)
                0x00000000200000e0                _impure_data
 .data._impure_ptr
                0x000000002000012c        0x4 C:/ST/STM32CubeIDE_1.7.0/STM32CubeIDE/plugins/com.st.stm32cube.ide.mcu.externaltools.gnu-tools-for-stm32.11.3.rel1.win32_1.1.100.202309141235/tools/bin/../lib/gcc/arm-none-eabi/11.3.1/../../../../arm-none-eabi/lib/thumb/v7e-m+fp/hard\libc_nano.a(libc_a-impure.o)
                0x000000002000012c                _impure_ptr
 *(.RamFunc)
 *(.RamFunc*)
                0x0000000020000130                . = ALIGN (0x4)
                0x0000000020000130                _edata = .

.igot.plt       0x0000000020000130        0x0 load address 0x000000000800a098
 .igot.plt      0x0000000020000130        0x0 C:/ST/STM32CubeIDE_1.7.0/STM32CubeIDE/plugins/com.st.stm32cube.ide.mcu.externaltools.gnu-tools-for-stm32.11.3.rel1.win32_1.1.100.202309141235/tools/bin/../lib/gcc/arm-none-eabi/11.3.1/thumb/v7e-m+fp/hard/crtbegin.o
                0x0000000020000130                . = ALIGN (0x4)

.bss            0x0000000020000130      0x348 load address 0x000000000800a098
                0x0000000020000130                _sbss = .
                0x0000000020000130                __bss_start__ = _sbss
 *(.bss)
 .bss           0x0000000020000130       0x1c C:/ST/STM32CubeIDE_1.7.0/STM32CubeIDE/plugins/com.st.stm32cube.ide.mcu.externaltools.gnu-tools-for-stm32.11.3.rel1.win32_1.1.100.202309141235/tools/bin/../lib/gcc/arm-none-eabi/11.3.1/thumb/v7e-m+fp/hard/crtbegin.o
 *(.bss*)
 .bss.htim3     0x000000002000014c       0x48 ./Core/Src/main.o
                0x000000002000014c                htim3
 .bss.huart2    0x0000000020000194       0x48 ./Core/Src/main.o
                0x0000000020000194                huart2
 .bss.tim2Flag  0x00000000200001dc        0x4 ./Core/Src/main.o
                0x00000000200001dc                tim2Flag
 .bss.hi2c1     0x00000000200001e0       0x54 ./Core/Src/stm32f4xx_nucleo_bus.o
                0x00000000200001e0                hi2c1
 .bss.I2C1InitCounter
                0x0000000020000234        0x4 ./Core/Src/stm32f4xx_nucleo_bus.o
 .bss.__sbrk_heap_end
                0x0000000020000238        0x4 ./Core/Src/sysmem.o
 .bss.MotionCompObj
                0x000000002000023c        0xc ./Drivers/BSP/IKS01A3/iks01a3_motion_sensors.o
                0x000000002000023c                MotionCompObj
 .bss.MotionFuncDrv
                0x0000000020000248       0x24 ./Drivers/BSP/IKS01A3/iks01a3_motion_sensors.o
 .bss.MotionDrv
                0x000000002000026c        0xc ./Drivers/BSP/IKS01A3/iks01a3_motion_sensors.o
 .bss.MotionCtx
                0x0000000020000278        0xc ./Drivers/BSP/IKS01A3/iks01a3_motion_sensors.o
 .bss.lsm6dso_obj_0.2
                0x0000000020000284       0x38 ./Drivers/BSP/IKS01A3/iks01a3_motion_sensors.o
 .bss.lis2dw12_obj_0.1
                0x00000000200002bc       0x3c ./Drivers/BSP/IKS01A3/iks01a3_motion_sensors.o
 .bss.lis2mdl_obj_0.0
                0x00000000200002f8       0x34 ./Drivers/BSP/IKS01A3/iks01a3_motion_sensors.o
 .bss.uwTick    0x000000002000032c        0x4 ./Drivers/STM32F4xx_HAL_Driver/Src/stm32f4xx_hal.o
                0x000000002000032c                uwTick
 .bss.__sf      0x0000000020000330      0x138 C:/ST/STM32CubeIDE_1.7.0/STM32CubeIDE/plugins/com.st.stm32cube.ide.mcu.externaltools.gnu-tools-for-stm32.11.3.rel1.win32_1.1.100.202309141235/tools/bin/../lib/gcc/arm-none-eabi/11.3.1/../../../../arm-none-eabi/lib/thumb/v7e-m+fp/hard\libc_nano.a(libc_a-findfp.o)
                0x0000000020000330                __sf
 .bss.errno     0x0000000020000468        0x4 C:/ST/STM32CubeIDE_1.7.0/STM32CubeIDE/plugins/com.st.stm32cube.ide.mcu.externaltools.gnu-tools-for-stm32.11.3.rel1.win32_1.1.100.202309141235/tools/bin/../lib/gcc/arm-none-eabi/11.3.1/../../../../arm-none-eabi/lib/thumb/v7e-m+fp/hard\libc_nano.a(libc_a-reent.o)
                0x0000000020000468                errno
 .bss.__lock___malloc_recursive_mutex
                0x000000002000046c        0x1 C:/ST/STM32CubeIDE_1.7.0/STM32CubeIDE/plugins/com.st.stm32cube.ide.mcu.externaltools.gnu-tools-for-stm32.11.3.rel1.win32_1.1.100.202309141235/tools/bin/../lib/gcc/arm-none-eabi/11.3.1/../../../../arm-none-eabi/lib/thumb/v7e-m+fp/hard\libc_nano.a(libc_a-lock.o)
                0x000000002000046c                __lock___malloc_recursive_mutex
 *fill*         0x000000002000046d        0x3 
 .bss.__malloc_free_list
                0x0000000020000470        0x4 C:/ST/STM32CubeIDE_1.7.0/STM32CubeIDE/plugins/com.st.stm32cube.ide.mcu.externaltools.gnu-tools-for-stm32.11.3.rel1.win32_1.1.100.202309141235/tools/bin/../lib/gcc/arm-none-eabi/11.3.1/../../../../arm-none-eabi/lib/thumb/v7e-m+fp/hard\libc_nano.a(libc_a-mallocr.o)
                0x0000000020000470                __malloc_free_list
 .bss.__malloc_sbrk_start
                0x0000000020000474        0x4 C:/ST/STM32CubeIDE_1.7.0/STM32CubeIDE/plugins/com.st.stm32cube.ide.mcu.externaltools.gnu-tools-for-stm32.11.3.rel1.win32_1.1.100.202309141235/tools/bin/../lib/gcc/arm-none-eabi/11.3.1/../../../../arm-none-eabi/lib/thumb/v7e-m+fp/hard\libc_nano.a(libc_a-mallocr.o)
                0x0000000020000474                __malloc_sbrk_start
 *(COMMON)
                0x0000000020000478                . = ALIGN (0x4)
                0x0000000020000478                _ebss = .
                0x0000000020000478                __bss_end__ = _ebss

._user_heap_stack
                0x0000000020000478      0x600 load address 0x000000000800a098
                0x0000000020000478                . = ALIGN (0x8)
                [!provide]                        PROVIDE (end = .)
                0x0000000020000478                PROVIDE (_end = .)
                0x0000000020000678                . = (. + _Min_Heap_Size)
 *fill*         0x0000000020000478      0x200 
                0x0000000020000a78                . = (. + _Min_Stack_Size)
 *fill*         0x0000000020000678      0x400 
                0x0000000020000a78                . = ALIGN (0x8)

/DISCARD/
 libc.a(*)
 libm.a(*)
 libgcc.a(*)

.ARM.attributes
                0x0000000000000000       0x30
 *(.ARM.attributes)
 .ARM.attributes
                0x0000000000000000       0x1e C:/ST/STM32CubeIDE_1.7.0/STM32CubeIDE/plugins/com.st.stm32cube.ide.mcu.externaltools.gnu-tools-for-stm32.11.3.rel1.win32_1.1.100.202309141235/tools/bin/../lib/gcc/arm-none-eabi/11.3.1/thumb/v7e-m+fp/hard/crti.o
 .ARM.attributes
                0x000000000000001e       0x34 C:/ST/STM32CubeIDE_1.7.0/STM32CubeIDE/plugins/com.st.stm32cube.ide.mcu.externaltools.gnu-tools-for-stm32.11.3.rel1.win32_1.1.100.202309141235/tools/bin/../lib/gcc/arm-none-eabi/11.3.1/thumb/v7e-m+fp/hard/crtbegin.o
 .ARM.attributes
                0x0000000000000052       0x34 ./Core/Src/main.o
 .ARM.attributes
                0x0000000000000086       0x34 ./Core/Src/stm32f4xx_hal_msp.o
 .ARM.attributes
                0x00000000000000ba       0x34 ./Core/Src/stm32f4xx_it.o
 .ARM.attributes
                0x00000000000000ee       0x34 ./Core/Src/stm32f4xx_nucleo_bus.o
 .ARM.attributes
                0x0000000000000122       0x34 ./Core/Src/sysmem.o
 .ARM.attributes
                0x0000000000000156       0x34 ./Core/Src/system_stm32f4xx.o
 .ARM.attributes
                0x000000000000018a       0x21 ./Core/Startup/startup_stm32f401retx.o
 .ARM.attributes
                0x00000000000001ab       0x34 ./Drivers/BSP/Components/lis2dw12/lis2dw12.o
 .ARM.attributes
                0x00000000000001df       0x34 ./Drivers/BSP/Components/lis2dw12/lis2dw12_reg.o
 .ARM.attributes
                0x0000000000000213       0x34 ./Drivers/BSP/Components/lis2mdl/lis2mdl.o
 .ARM.attributes
                0x0000000000000247       0x34 ./Drivers/BSP/Components/lis2mdl/lis2mdl_reg.o
 .ARM.attributes
                0x000000000000027b       0x34 ./Drivers/BSP/Components/lsm6dso/lsm6dso.o
 .ARM.attributes
                0x00000000000002af       0x34 ./Drivers/BSP/Components/lsm6dso/lsm6dso_reg.o
 .ARM.attributes
                0x00000000000002e3       0x34 ./Drivers/BSP/IKS01A3/iks01a3_motion_sensors.o
 .ARM.attributes
                0x0000000000000317       0x34 ./Drivers/STM32F4xx_HAL_Driver/Src/stm32f4xx_hal.o
 .ARM.attributes
                0x000000000000034b       0x34 ./Drivers/STM32F4xx_HAL_Driver/Src/stm32f4xx_hal_cortex.o
 .ARM.attributes
                0x000000000000037f       0x34 ./Drivers/STM32F4xx_HAL_Driver/Src/stm32f4xx_hal_dma.o
 .ARM.attributes
                0x00000000000003b3       0x34 ./Drivers/STM32F4xx_HAL_Driver/Src/stm32f4xx_hal_gpio.o
 .ARM.attributes
                0x00000000000003e7       0x34 ./Drivers/STM32F4xx_HAL_Driver/Src/stm32f4xx_hal_i2c.o
 .ARM.attributes
                0x000000000000041b       0x34 ./Drivers/STM32F4xx_HAL_Driver/Src/stm32f4xx_hal_rcc.o
 .ARM.attributes
                0x000000000000044f       0x34 ./Drivers/STM32F4xx_HAL_Driver/Src/stm32f4xx_hal_tim.o
 .ARM.attributes
                0x0000000000000483       0x34 ./Drivers/STM32F4xx_HAL_Driver/Src/stm32f4xx_hal_tim_ex.o
 .ARM.attributes
                0x00000000000004b7       0x34 ./Drivers/STM32F4xx_HAL_Driver/Src/stm32f4xx_hal_uart.o
 .ARM.attributes
                0x00000000000004eb       0x34 C:/ST/STM32CubeIDE_1.7.0/STM32CubeIDE/plugins/com.st.stm32cube.ide.mcu.externaltools.gnu-tools-for-stm32.11.3.rel1.win32_1.1.100.202309141235/tools/bin/../lib/gcc/arm-none-eabi/11.3.1/../../../../arm-none-eabi/lib/thumb/v7e-m+fp/hard\libc_nano.a(libc_a-findfp.o)
 .ARM.attributes
                0x000000000000051f       0x34 C:/ST/STM32CubeIDE_1.7.0/STM32CubeIDE/plugins/com.st.stm32cube.ide.mcu.externaltools.gnu-tools-for-stm32.11.3.rel1.win32_1.1.100.202309141235/tools/bin/../lib/gcc/arm-none-eabi/11.3.1/../../../../arm-none-eabi/lib/thumb/v7e-m+fp/hard\libc_nano.a(libc_a-sprintf.o)
 .ARM.attributes
                0x0000000000000553       0x34 C:/ST/STM32CubeIDE_1.7.0/STM32CubeIDE/plugins/com.st.stm32cube.ide.mcu.externaltools.gnu-tools-for-stm32.11.3.rel1.win32_1.1.100.202309141235/tools/bin/../lib/gcc/arm-none-eabi/11.3.1/../../../../arm-none-eabi/lib/thumb/v7e-m+fp/hard\libc_nano.a(libc_a-memset.o)
 .ARM.attributes
                0x0000000000000587       0x34 C:/ST/STM32CubeIDE_1.7.0/STM32CubeIDE/plugins/com.st.stm32cube.ide.mcu.externaltools.gnu-tools-for-stm32.11.3.rel1.win32_1.1.100.202309141235/tools/bin/../lib/gcc/arm-none-eabi/11.3.1/../../../../arm-none-eabi/lib/thumb/v7e-m+fp/hard\libc_nano.a(libc_a-reent.o)
 .ARM.attributes
                0x00000000000005bb       0x34 C:/ST/STM32CubeIDE_1.7.0/STM32CubeIDE/plugins/com.st.stm32cube.ide.mcu.externaltools.gnu-tools-for-stm32.11.3.rel1.win32_1.1.100.202309141235/tools/bin/../lib/gcc/arm-none-eabi/11.3.1/../../../../arm-none-eabi/lib/thumb/v7e-m+fp/hard\libc_nano.a(libc_a-impure.o)
 .ARM.attributes
                0x00000000000005ef       0x34 C:/ST/STM32CubeIDE_1.7.0/STM32CubeIDE/plugins/com.st.stm32cube.ide.mcu.externaltools.gnu-tools-for-stm32.11.3.rel1.win32_1.1.100.202309141235/tools/bin/../lib/gcc/arm-none-eabi/11.3.1/../../../../arm-none-eabi/lib/thumb/v7e-m+fp/hard\libc_nano.a(libc_a-errno.o)
 .ARM.attributes
                0x0000000000000623       0x34 C:/ST/STM32CubeIDE_1.7.0/STM32CubeIDE/plugins/com.st.stm32cube.ide.mcu.externaltools.gnu-tools-for-stm32.11.3.rel1.win32_1.1.100.202309141235/tools/bin/../lib/gcc/arm-none-eabi/11.3.1/../../../../arm-none-eabi/lib/thumb/v7e-m+fp/hard\libc_nano.a(libc_a-init.o)
 .ARM.attributes
                0x0000000000000657       0x34 C:/ST/STM32CubeIDE_1.7.0/STM32CubeIDE/plugins/com.st.stm32cube.ide.mcu.externaltools.gnu-tools-for-stm32.11.3.rel1.win32_1.1.100.202309141235/tools/bin/../lib/gcc/arm-none-eabi/11.3.1/../../../../arm-none-eabi/lib/thumb/v7e-m+fp/hard\libc_nano.a(libc_a-lock.o)
 .ARM.attributes
                0x000000000000068b       0x17 C:/ST/STM32CubeIDE_1.7.0/STM32CubeIDE/plugins/com.st.stm32cube.ide.mcu.externaltools.gnu-tools-for-stm32.11.3.rel1.win32_1.1.100.202309141235/tools/bin/../lib/gcc/arm-none-eabi/11.3.1/../../../../arm-none-eabi/lib/thumb/v7e-m+fp/hard\libc_nano.a(libc_a-strlen.o)
 .ARM.attributes
                0x00000000000006a2       0x34 C:/ST/STM32CubeIDE_1.7.0/STM32CubeIDE/plugins/com.st.stm32cube.ide.mcu.externaltools.gnu-tools-for-stm32.11.3.rel1.win32_1.1.100.202309141235/tools/bin/../lib/gcc/arm-none-eabi/11.3.1/../../../../arm-none-eabi/lib/thumb/v7e-m+fp/hard\libc_nano.a(libc_a-freer.o)
 .ARM.attributes
                0x00000000000006d6       0x34 C:/ST/STM32CubeIDE_1.7.0/STM32CubeIDE/plugins/com.st.stm32cube.ide.mcu.externaltools.gnu-tools-for-stm32.11.3.rel1.win32_1.1.100.202309141235/tools/bin/../lib/gcc/arm-none-eabi/11.3.1/../../../../arm-none-eabi/lib/thumb/v7e-m+fp/hard\libc_nano.a(libc_a-mallocr.o)
 .ARM.attributes
                0x000000000000070a       0x34 C:/ST/STM32CubeIDE_1.7.0/STM32CubeIDE/plugins/com.st.stm32cube.ide.mcu.externaltools.gnu-tools-for-stm32.11.3.rel1.win32_1.1.100.202309141235/tools/bin/../lib/gcc/arm-none-eabi/11.3.1/../../../../arm-none-eabi/lib/thumb/v7e-m+fp/hard\libc_nano.a(libc_a-mlock.o)
 .ARM.attributes
                0x000000000000073e       0x34 C:/ST/STM32CubeIDE_1.7.0/STM32CubeIDE/plugins/com.st.stm32cube.ide.mcu.externaltools.gnu-tools-for-stm32.11.3.rel1.win32_1.1.100.202309141235/tools/bin/../lib/gcc/arm-none-eabi/11.3.1/../../../../arm-none-eabi/lib/thumb/v7e-m+fp/hard\libc_nano.a(libc_a-nano-svfprintf.o)
 .ARM.attributes
                0x0000000000000772       0x34 C:/ST/STM32CubeIDE_1.7.0/STM32CubeIDE/plugins/com.st.stm32cube.ide.mcu.externaltools.gnu-tools-for-stm32.11.3.rel1.win32_1.1.100.202309141235/tools/bin/../lib/gcc/arm-none-eabi/11.3.1/../../../../arm-none-eabi/lib/thumb/v7e-m+fp/hard\libc_nano.a(libc_a-nano-vfprintf_i.o)
 .ARM.attributes
                0x00000000000007a6       0x34 C:/ST/STM32CubeIDE_1.7.0/STM32CubeIDE/plugins/com.st.stm32cube.ide.mcu.externaltools.gnu-tools-for-stm32.11.3.rel1.win32_1.1.100.202309141235/tools/bin/../lib/gcc/arm-none-eabi/11.3.1/../../../../arm-none-eabi/lib/thumb/v7e-m+fp/hard\libc_nano.a(libc_a-memmove.o)
 .ARM.attributes
                0x00000000000007da       0x34 C:/ST/STM32CubeIDE_1.7.0/STM32CubeIDE/plugins/com.st.stm32cube.ide.mcu.externaltools.gnu-tools-for-stm32.11.3.rel1.win32_1.1.100.202309141235/tools/bin/../lib/gcc/arm-none-eabi/11.3.1/../../../../arm-none-eabi/lib/thumb/v7e-m+fp/hard\libc_nano.a(libc_a-sbrkr.o)
 .ARM.attributes
                0x000000000000080e       0x1c C:/ST/STM32CubeIDE_1.7.0/STM32CubeIDE/plugins/com.st.stm32cube.ide.mcu.externaltools.gnu-tools-for-stm32.11.3.rel1.win32_1.1.100.202309141235/tools/bin/../lib/gcc/arm-none-eabi/11.3.1/../../../../arm-none-eabi/lib/thumb/v7e-m+fp/hard\libc_nano.a(libc_a-memchr.o)
 .ARM.attributes
                0x000000000000082a       0x34 C:/ST/STM32CubeIDE_1.7.0/STM32CubeIDE/plugins/com.st.stm32cube.ide.mcu.externaltools.gnu-tools-for-stm32.11.3.rel1.win32_1.1.100.202309141235/tools/bin/../lib/gcc/arm-none-eabi/11.3.1/../../../../arm-none-eabi/lib/thumb/v7e-m+fp/hard\libc_nano.a(libc_a-memcpy-stub.o)
 .ARM.attributes
                0x000000000000085e       0x34 C:/ST/STM32CubeIDE_1.7.0/STM32CubeIDE/plugins/com.st.stm32cube.ide.mcu.externaltools.gnu-tools-for-stm32.11.3.rel1.win32_1.1.100.202309141235/tools/bin/../lib/gcc/arm-none-eabi/11.3.1/../../../../arm-none-eabi/lib/thumb/v7e-m+fp/hard\libc_nano.a(libc_a-reallocr.o)
 .ARM.attributes
                0x0000000000000892       0x34 C:/ST/STM32CubeIDE_1.7.0/STM32CubeIDE/plugins/com.st.stm32cube.ide.mcu.externaltools.gnu-tools-for-stm32.11.3.rel1.win32_1.1.100.202309141235/tools/bin/../lib/gcc/arm-none-eabi/11.3.1/../../../../arm-none-eabi/lib/thumb/v7e-m+fp/hard\libc_nano.a(libc_a-msizer.o)
 .ARM.attributes
                0x00000000000008c6       0x1e C:/ST/STM32CubeIDE_1.7.0/STM32CubeIDE/plugins/com.st.stm32cube.ide.mcu.externaltools.gnu-tools-for-stm32.11.3.rel1.win32_1.1.100.202309141235/tools/bin/../lib/gcc/arm-none-eabi/11.3.1/thumb/v7e-m+fp/hard\libgcc.a(_aeabi_uldivmod.o)
 .ARM.attributes
                0x00000000000008e4       0x34 C:/ST/STM32CubeIDE_1.7.0/STM32CubeIDE/plugins/com.st.stm32cube.ide.mcu.externaltools.gnu-tools-for-stm32.11.3.rel1.win32_1.1.100.202309141235/tools/bin/../lib/gcc/arm-none-eabi/11.3.1/thumb/v7e-m+fp/hard\libgcc.a(_udivmoddi4.o)
 .ARM.attributes
                0x0000000000000918       0x1e C:/ST/STM32CubeIDE_1.7.0/STM32CubeIDE/plugins/com.st.stm32cube.ide.mcu.externaltools.gnu-tools-for-stm32.11.3.rel1.win32_1.1.100.202309141235/tools/bin/../lib/gcc/arm-none-eabi/11.3.1/thumb/v7e-m+fp/hard\libgcc.a(_dvmd_tls.o)
 .ARM.attributes
                0x0000000000000936       0x1e C:/ST/STM32CubeIDE_1.7.0/STM32CubeIDE/plugins/com.st.stm32cube.ide.mcu.externaltools.gnu-tools-for-stm32.11.3.rel1.win32_1.1.100.202309141235/tools/bin/../lib/gcc/arm-none-eabi/11.3.1/thumb/v7e-m+fp/hard/crtn.o
OUTPUT(lab05_ex1.elf elf32-littlearm)
LOAD linker stubs
LOAD C:/ST/STM32CubeIDE_1.7.0/STM32CubeIDE/plugins/com.st.stm32cube.ide.mcu.externaltools.gnu-tools-for-stm32.11.3.rel1.win32_1.1.100.202309141235/tools/bin/../lib/gcc/arm-none-eabi/11.3.1/../../../../arm-none-eabi/lib/thumb/v7e-m+fp/hard\libc.a
LOAD C:/ST/STM32CubeIDE_1.7.0/STM32CubeIDE/plugins/com.st.stm32cube.ide.mcu.externaltools.gnu-tools-for-stm32.11.3.rel1.win32_1.1.100.202309141235/tools/bin/../lib/gcc/arm-none-eabi/11.3.1/../../../../arm-none-eabi/lib/thumb/v7e-m+fp/hard\libm.a
LOAD C:/ST/STM32CubeIDE_1.7.0/STM32CubeIDE/plugins/com.st.stm32cube.ide.mcu.externaltools.gnu-tools-for-stm32.11.3.rel1.win32_1.1.100.202309141235/tools/bin/../lib/gcc/arm-none-eabi/11.3.1/thumb/v7e-m+fp/hard\libgcc.a

.comment        0x0000000000000000       0x43
 .comment       0x0000000000000000       0x43 C:/ST/STM32CubeIDE_1.7.0/STM32CubeIDE/plugins/com.st.stm32cube.ide.mcu.externaltools.gnu-tools-for-stm32.11.3.rel1.win32_1.1.100.202309141235/tools/bin/../lib/gcc/arm-none-eabi/11.3.1/thumb/v7e-m+fp/hard/crtbegin.o
                                         0x44 (size before relaxing)
 .comment       0x0000000000000043       0x44 ./Core/Src/main.o
 .comment       0x0000000000000043       0x44 ./Core/Src/stm32f4xx_hal_msp.o
 .comment       0x0000000000000043       0x44 ./Core/Src/stm32f4xx_it.o
 .comment       0x0000000000000043       0x44 ./Core/Src/stm32f4xx_nucleo_bus.o
 .comment       0x0000000000000043       0x44 ./Core/Src/sysmem.o
 .comment       0x0000000000000043       0x44 ./Core/Src/system_stm32f4xx.o
 .comment       0x0000000000000043       0x44 ./Drivers/BSP/Components/lis2dw12/lis2dw12.o
 .comment       0x0000000000000043       0x44 ./Drivers/BSP/Components/lis2dw12/lis2dw12_reg.o
 .comment       0x0000000000000043       0x44 ./Drivers/BSP/Components/lis2mdl/lis2mdl.o
 .comment       0x0000000000000043       0x44 ./Drivers/BSP/Components/lis2mdl/lis2mdl_reg.o
 .comment       0x0000000000000043       0x44 ./Drivers/BSP/Components/lsm6dso/lsm6dso.o
 .comment       0x0000000000000043       0x44 ./Drivers/BSP/Components/lsm6dso/lsm6dso_reg.o
 .comment       0x0000000000000043       0x44 ./Drivers/BSP/IKS01A3/iks01a3_motion_sensors.o
 .comment       0x0000000000000043       0x44 ./Drivers/STM32F4xx_HAL_Driver/Src/stm32f4xx_hal.o
 .comment       0x0000000000000043       0x44 ./Drivers/STM32F4xx_HAL_Driver/Src/stm32f4xx_hal_cortex.o
 .comment       0x0000000000000043       0x44 ./Drivers/STM32F4xx_HAL_Driver/Src/stm32f4xx_hal_dma.o
 .comment       0x0000000000000043       0x44 ./Drivers/STM32F4xx_HAL_Driver/Src/stm32f4xx_hal_gpio.o
 .comment       0x0000000000000043       0x44 ./Drivers/STM32F4xx_HAL_Driver/Src/stm32f4xx_hal_i2c.o
 .comment       0x0000000000000043       0x44 ./Drivers/STM32F4xx_HAL_Driver/Src/stm32f4xx_hal_rcc.o
 .comment       0x0000000000000043       0x44 ./Drivers/STM32F4xx_HAL_Driver/Src/stm32f4xx_hal_tim.o
 .comment       0x0000000000000043       0x44 ./Drivers/STM32F4xx_HAL_Driver/Src/stm32f4xx_hal_tim_ex.o
 .comment       0x0000000000000043       0x44 ./Drivers/STM32F4xx_HAL_Driver/Src/stm32f4xx_hal_uart.o

.debug_info     0x0000000000000000    0x2b5a8
 .debug_info    0x0000000000000000     0x126b ./Core/Src/main.o
 .debug_info    0x000000000000126b      0xee0 ./Core/Src/stm32f4xx_hal_msp.o
 .debug_info    0x000000000000214b      0x999 ./Core/Src/stm32f4xx_it.o
 .debug_info    0x0000000000002ae4      0xdfa ./Core/Src/stm32f4xx_nucleo_bus.o
 .debug_info    0x00000000000038de      0x168 ./Core/Src/sysmem.o
 .debug_info    0x0000000000003a46      0x53e ./Core/Src/system_stm32f4xx.o
 .debug_info    0x0000000000003f84       0x23 ./Core/Startup/startup_stm32f401retx.o
 .debug_info    0x0000000000003fa7     0x1c21 ./Drivers/BSP/Components/lis2dw12/lis2dw12.o
 .debug_info    0x0000000000005bc8     0x3439 ./Drivers/BSP/Components/lis2dw12/lis2dw12_reg.o
 .debug_info    0x0000000000009001     0x1300 ./Drivers/BSP/Components/lis2mdl/lis2mdl.o
 .debug_info    0x000000000000a301     0x1656 ./Drivers/BSP/Components/lis2mdl/lis2mdl_reg.o
 .debug_info    0x000000000000b957     0x69ae ./Drivers/BSP/Components/lsm6dso/lsm6dso.o
 .debug_info    0x0000000000012305     0xb85e ./Drivers/BSP/Components/lsm6dso/lsm6dso_reg.o
 .debug_info    0x000000000001db63     0x1a11 ./Drivers/BSP/IKS01A3/iks01a3_motion_sensors.o
 .debug_info    0x000000000001f574      0x8bb ./Drivers/STM32F4xx_HAL_Driver/Src/stm32f4xx_hal.o
 .debug_info    0x000000000001fe2f      0xcc1 ./Drivers/STM32F4xx_HAL_Driver/Src/stm32f4xx_hal_cortex.o
 .debug_info    0x0000000000020af0      0x8e6 ./Drivers/STM32F4xx_HAL_Driver/Src/stm32f4xx_hal_dma.o
 .debug_info    0x00000000000213d6      0x6f9 ./Drivers/STM32F4xx_HAL_Driver/Src/stm32f4xx_hal_gpio.o
 .debug_info    0x0000000000021acf     0x2426 ./Drivers/STM32F4xx_HAL_Driver/Src/stm32f4xx_hal_i2c.o
 .debug_info    0x0000000000023ef5      0x8f3 ./Drivers/STM32F4xx_HAL_Driver/Src/stm32f4xx_hal_rcc.o
 .debug_info    0x00000000000247e8     0x2996 ./Drivers/STM32F4xx_HAL_Driver/Src/stm32f4xx_hal_tim.o
 .debug_info    0x000000000002717e     0x14d4 ./Drivers/STM32F4xx_HAL_Driver/Src/stm32f4xx_hal_tim_ex.o
 .debug_info    0x0000000000028652     0x2f56 ./Drivers/STM32F4xx_HAL_Driver/Src/stm32f4xx_hal_uart.o

.debug_abbrev   0x0000000000000000     0x34ba
 .debug_abbrev  0x0000000000000000      0x2df ./Core/Src/main.o
 .debug_abbrev  0x00000000000002df      0x1de ./Core/Src/stm32f4xx_hal_msp.o
 .debug_abbrev  0x00000000000004bd      0x1af ./Core/Src/stm32f4xx_it.o
 .debug_abbrev  0x000000000000066c      0x2b5 ./Core/Src/stm32f4xx_nucleo_bus.o
 .debug_abbrev  0x0000000000000921       0xbc ./Core/Src/sysmem.o
 .debug_abbrev  0x00000000000009dd      0x11a ./Core/Src/system_stm32f4xx.o
 .debug_abbrev  0x0000000000000af7       0x12 ./Core/Startup/startup_stm32f401retx.o
 .debug_abbrev  0x0000000000000b09      0x309 ./Drivers/BSP/Components/lis2dw12/lis2dw12.o
 .debug_abbrev  0x0000000000000e12      0x24e ./Drivers/BSP/Components/lis2dw12/lis2dw12_reg.o
 .debug_abbrev  0x0000000000001060      0x2bb ./Drivers/BSP/Components/lis2mdl/lis2mdl.o
 .debug_abbrev  0x000000000000131b      0x23d ./Drivers/BSP/Components/lis2mdl/lis2mdl_reg.o
 .debug_abbrev  0x0000000000001558      0x34c ./Drivers/BSP/Components/lsm6dso/lsm6dso.o
 .debug_abbrev  0x00000000000018a4      0x285 ./Drivers/BSP/Components/lsm6dso/lsm6dso_reg.o
 .debug_abbrev  0x0000000000001b29      0x27d ./Drivers/BSP/IKS01A3/iks01a3_motion_sensors.o
 .debug_abbrev  0x0000000000001da6      0x24b ./Drivers/STM32F4xx_HAL_Driver/Src/stm32f4xx_hal.o
 .debug_abbrev  0x0000000000001ff1      0x328 ./Drivers/STM32F4xx_HAL_Driver/Src/stm32f4xx_hal_cortex.o
 .debug_abbrev  0x0000000000002319      0x221 ./Drivers/STM32F4xx_HAL_Driver/Src/stm32f4xx_hal_dma.o
 .debug_abbrev  0x000000000000253a      0x1d3 ./Drivers/STM32F4xx_HAL_Driver/Src/stm32f4xx_hal_gpio.o
 .debug_abbrev  0x000000000000270d      0x2bc ./Drivers/STM32F4xx_HAL_Driver/Src/stm32f4xx_hal_i2c.o
 .debug_abbrev  0x00000000000029c9      0x2b5 ./Drivers/STM32F4xx_HAL_Driver/Src/stm32f4xx_hal_rcc.o
 .debug_abbrev  0x0000000000002c7e      0x28b ./Drivers/STM32F4xx_HAL_Driver/Src/stm32f4xx_hal_tim.o
 .debug_abbrev  0x0000000000002f09      0x296 ./Drivers/STM32F4xx_HAL_Driver/Src/stm32f4xx_hal_tim_ex.o
 .debug_abbrev  0x000000000000319f      0x31b ./Drivers/STM32F4xx_HAL_Driver/Src/stm32f4xx_hal_uart.o

.debug_aranges  0x0000000000000000     0x2518
 .debug_aranges
                0x0000000000000000       0x50 ./Core/Src/main.o
 .debug_aranges
                0x0000000000000050       0x40 ./Core/Src/stm32f4xx_hal_msp.o
 .debug_aranges
                0x0000000000000090       0x70 ./Core/Src/stm32f4xx_it.o
 .debug_aranges
                0x0000000000000100       0x80 ./Core/Src/stm32f4xx_nucleo_bus.o