Archive member included to satisfy reference by file (symbol)

C:/ST/STM32CubeIDE_1.7.0/STM32CubeIDE/plugins/com.st.stm32cube.ide.mcu.externaltools.gnu-tools-for-stm32.11.3.rel1.win32_1.1.100.202309141235/tools/bin/../lib/gcc/arm-none-eabi/11.3.1/../../../../arm-none-eabi/lib/thumb/v7e-m+fp/hard\libc_nano.a(libc_a-exit.o)
                              C:/ST/STM32CubeIDE_1.7.0/STM32CubeIDE/plugins/com.st.stm32cube.ide.mcu.externaltools.gnu-tools-for-stm32.11.3.rel1.win32_1.1.100.202309141235/tools/bin/../lib/gcc/arm-none-eabi/11.3.1/../../../../arm-none-eabi/lib/thumb/v7e-m+fp/hard/crt0.o (exit)
C:/ST/STM32CubeIDE_1.7.0/STM32CubeIDE/plugins/com.st.stm32cube.ide.mcu.externaltools.gnu-tools-for-stm32.11.3.rel1.win32_1.1.100.202309141235/tools/bin/../lib/gcc/arm-none-eabi/11.3.1/../../../../arm-none-eabi/lib/thumb/v7e-m+fp/hard\libc_nano.a(libc_a-findfp.o)
                              C:/ST/STM32CubeIDE_1.7.0/STM32CubeIDE/plugins/com.st.stm32cube.ide.mcu.externaltools.gnu-tools-for-stm32.11.3.rel1.win32_1.1.100.202309141235/tools/bin/../lib/gcc/arm-none-eabi/11.3.1/../../../../arm-none-eabi/lib/thumb/v7e-m+fp/hard\libc_nano.a(libc_a-exit.o) (__stdio_exit_handler)
C:/ST/STM32CubeIDE_1.7.0/STM32CubeIDE/plugins/com.st.stm32cube.ide.mcu.externaltools.gnu-tools-for-stm32.11.3.rel1.win32_1.1.100.202309141235/tools/bin/../lib/gcc/arm-none-eabi/11.3.1/../../../../arm-none-eabi/lib/thumb/v7e-m+fp/hard\libc_nano.a(libc_a-fwalk.o)
                              C:/ST/STM32CubeIDE_1.7.0/STM32CubeIDE/plugins/com.st.stm32cube.ide.mcu.externaltools.gnu-tools-for-stm32.11.3.rel1.win32_1.1.100.202309141235/tools/bin/../lib/gcc/arm-none-eabi/11.3.1/../../../../arm-none-eabi/lib/thumb/v7e-m+fp/hard\libc_nano.a(libc_a-findfp.o) (_fwalk_sglue)
C:/ST/STM32CubeIDE_1.7.0/STM32CubeIDE/plugins/com.st.stm32cube.ide.mcu.externaltools.gnu-tools-for-stm32.11.3.rel1.win32_1.1.100.202309141235/tools/bin/../lib/gcc/arm-none-eabi/11.3.1/../../../../arm-none-eabi/lib/thumb/v7e-m+fp/hard\libc_nano.a(libc_a-sprintf.o)
                              ./Core/Src/main.o (sprintf)
C:/ST/STM32CubeIDE_1.7.0/STM32CubeIDE/plugins/com.st.stm32cube.ide.mcu.externaltools.gnu-tools-for-stm32.11.3.rel1.win32_1.1.100.202309141235/tools/bin/../lib/gcc/arm-none-eabi/11.3.1/../../../../arm-none-eabi/lib/thumb/v7e-m+fp/hard\libc_nano.a(libc_a-stdio.o)
                              C:/ST/STM32CubeIDE_1.7.0/STM32CubeIDE/plugins/com.st.stm32cube.ide.mcu.externaltools.gnu-tools-for-stm32.11.3.rel1.win32_1.1.100.202309141235/tools/bin/../lib/gcc/arm-none-eabi/11.3.1/../../../../arm-none-eabi/lib/thumb/v7e-m+fp/hard\libc_nano.a(libc_a-findfp.o) (__sread)
C:/ST/STM32CubeIDE_1.7.0/STM32CubeIDE/plugins/com.st.stm32cube.ide.mcu.externaltools.gnu-tools-for-stm32.11.3.rel1.win32_1.1.100.202309141235/tools/bin/../lib/gcc/arm-none-eabi/11.3.1/../../../../arm-none-eabi/lib/thumb/v7e-m+fp/hard\libc_nano.a(libc_a-memset.o)
                              C:/ST/STM32CubeIDE_1.7.0/STM32CubeIDE/plugins/com.st.stm32cube.ide.mcu.externaltools.gnu-tools-for-stm32.11.3.rel1.win32_1.1.100.202309141235/tools/bin/../lib/gcc/arm-none-eabi/11.3.1/../../../../arm-none-eabi/lib/thumb/v7e-m+fp/hard/crt0.o (memset)
C:/ST/STM32CubeIDE_1.7.0/STM32CubeIDE/plugins/com.st.stm32cube.ide.mcu.externaltools.gnu-tools-for-stm32.11.3.rel1.win32_1.1.100.202309141235/tools/bin/../lib/gcc/arm-none-eabi/11.3.1/../../../../arm-none-eabi/lib/thumb/v7e-m+fp/hard\libc_nano.a(libc_a-closer.o)
                              C:/ST/STM32CubeIDE_1.7.0/STM32CubeIDE/plugins/com.st.stm32cube.ide.mcu.externaltools.gnu-tools-for-stm32.11.3.rel1.win32_1.1.100.202309141235/tools/bin/../lib/gcc/arm-none-eabi/11.3.1/../../../../arm-none-eabi/lib/thumb/v7e-m+fp/hard\libc_nano.a(libc_a-stdio.o) (_close_r)
C:/ST/STM32CubeIDE_1.7.0/STM32CubeIDE/plugins/com.st.stm32cube.ide.mcu.externaltools.gnu-tools-for-stm32.11.3.rel1.win32_1.1.100.202309141235/tools/bin/../lib/gcc/arm-none-eabi/11.3.1/../../../../arm-none-eabi/lib/thumb/v7e-m+fp/hard\libc_nano.a(libc_a-reent.o)
                              C:/ST/STM32CubeIDE_1.7.0/STM32CubeIDE/plugins/com.st.stm32cube.ide.mcu.externaltools.gnu-tools-for-stm32.11.3.rel1.win32_1.1.100.202309141235/tools/bin/../lib/gcc/arm-none-eabi/11.3.1/../../../../arm-none-eabi/lib/thumb/v7e-m+fp/hard\libc_nano.a(libc_a-closer.o) (errno)
C:/ST/STM32CubeIDE_1.7.0/STM32CubeIDE/plugins/com.st.stm32cube.ide.mcu.externaltools.gnu-tools-for-stm32.11.3.rel1.win32_1.1.100.202309141235/tools/bin/../lib/gcc/arm-none-eabi/11.3.1/../../../../arm-none-eabi/lib/thumb/v7e-m+fp/hard\libc_nano.a(libc_a-impure.o)
                              C:/ST/STM32CubeIDE_1.7.0/STM32CubeIDE/plugins/com.st.stm32cube.ide.mcu.externaltools.gnu-tools-for-stm32.11.3.rel1.win32_1.1.100.202309141235/tools/bin/../lib/gcc/arm-none-eabi/11.3.1/../../../../arm-none-eabi/lib/thumb/v7e-m+fp/hard\libc_nano.a(libc_a-sprintf.o) (_impure_ptr)
[...]
Memory Configuration

Name             Origin             Length             Attributes
RAM              0x0000000020000000 0x0000000000018000 xrw
FLASH            0x0000000008000000 0x0000000000080000 xr
*default*        0x0000000000000000 0xffffffffffffffff

Linker script and memory map

LOAD C:/ST/STM32CubeIDE_1.7.0/STM32CubeIDE/plugins/com.st.stm32cube.ide.mcu.externaltools.gnu-tools-for-stm32.11.3.rel1.win32_1.1.100.202309141235/tools/bin/../lib/gcc/arm-none-eabi/11.3.1/thumb/v7e-m+fp/hard/crti.o
LOAD C:/ST/STM32CubeIDE_1.7.0/STM32CubeIDE/plugins/com.st.stm32cube.ide.mcu.externaltools.gnu-tools-for-stm32.11.3.rel1.win32_1.1.100.202309141235/tools/bin/../lib/gcc/arm-none-eabi/11.3.1/thumb/v7e-m+fp/hard/crtbegin.o
LOAD C:/ST/STM32CubeIDE_1.7.0/STM32CubeIDE/plugins/com.st.stm32cube.ide.mcu.externaltools.gnu-tools-for-stm32.11.3.rel1.win32_1.1.100.202309141235/tools/bin/../lib/gcc/arm-none-eabi/11.3.1/../../../../arm-none-eabi/lib/thumb/v7e-m+fp/hard/crt0.o
LOAD ./Core/Src/main.o
LOAD ./Core/Src/stm32f4xx_hal_msp.o
LOAD ./Core/Src/stm32f4xx_it.o
LOAD ./Core/Src/stm32f4xx_nucleo_bus.o
LOAD ./Core/Src/syscalls.o
LOAD ./Core/Src/sysmem.o
LOAD ./Core/Src/system_stm32f4xx.o
LOAD ./Core/Startup/startup_stm32f401retx.o
LOAD ./Drivers/BSP/Components/hts221/hts221.o
LOAD ./Drivers/BSP/Components/hts221/hts221_reg.o
LOAD ./Drivers/BSP/Components/lis2dw12/lis2dw12.o
LOAD ./Drivers/BSP/Components/lis2dw12/lis2dw12_reg.o
LOAD ./Drivers/BSP/Components/lis2mdl/lis2mdl.o
LOAD ./Drivers/BSP/Components/lis2mdl/lis2mdl_reg.o
LOAD ./Drivers/BSP/Components/lps22hh/lps22hh.o
LOAD ./Drivers/BSP/Components/lps22hh/lps22hh_reg.o
LOAD ./Drivers/BSP/Components/lsm6dso/lsm6dso.o
LOAD ./Drivers/BSP/Components/lsm6dso/lsm6dso_reg.o
LOAD ./Drivers/BSP/Components/stts751/stts751.o
LOAD ./Drivers/BSP/Components/stts751/stts751_reg.o
LOAD ./Drivers/BSP/IKS01A3/iks01a3_env_sensors.o
LOAD ./Drivers/BSP/IKS01A3/iks01a3_env_sensors_ex.o
LOAD ./Drivers/BSP/IKS01A3/iks01a3_motion_sensors.o
LOAD ./Drivers/BSP/IKS01A3/iks01a3_motion_sensors_ex.o
LOAD ./Drivers/STM32F4xx_HAL_Driver/Src/stm32f4xx_hal.o
LOAD ./Drivers/STM32F4xx_HAL_Driver/Src/stm32f4xx_hal_cortex.o
LOAD ./Drivers/STM32F4xx_HAL_Driver/Src/stm32f4xx_hal_dma.o
LOAD ./Drivers/STM32F4xx_HAL_Driver/Src/stm32f4xx_hal_dma_ex.o
LOAD ./Drivers/STM32F4xx_HAL_Driver/Src/stm32f4xx_hal_exti.o
LOAD ./Drivers/STM32F4xx_HAL_Driver/Src/stm32f4xx_hal_flash.o
LOAD ./Drivers/STM32F4xx_HAL_Driver/Src/stm32f4xx_hal_flash_ex.o
LOAD ./Drivers/STM32F4xx_HAL_Driver/Src/stm32f4xx_hal_flash_ramfunc.o
LOAD ./Drivers/STM32F4xx_HAL_Driver/Src/stm32f4xx_hal_gpio.o
LOAD ./Drivers/STM32F4xx_HAL_Driver/Src/stm32f4xx_hal_i2c.o
LOAD ./Drivers/STM32F4xx_HAL_Driver/Src/stm32f4xx_hal_i2c_ex.o
LOAD ./Drivers/STM32F4xx_HAL_Driver/Src/stm32f4xx_hal_pwr.o
LOAD ./Drivers/STM32F4xx_HAL_Driver/Src/stm32f4xx_hal_pwr_ex.o
LOAD ./Drivers/STM32F4xx_HAL_Driver/Src/stm32f4xx_hal_rcc.o
LOAD ./Drivers/STM32F4xx_HAL_Driver/Src/stm32f4xx_hal_rcc_ex.o
LOAD ./Drivers/STM32F4xx_HAL_Driver/Src/stm32f4xx_hal_tim.o
LOAD ./Drivers/STM32F4xx_HAL_Driver/Src/stm32f4xx_hal_tim_ex.o
LOAD ./Drivers/STM32F4xx_HAL_Driver/Src/stm32f4xx_hal_uart.o
START GROUP
LOAD C:/ST/STM32CubeIDE_1.7.0/STM32CubeIDE/plugins/com.st.stm32cube.ide.mcu.externaltools.gnu-tools-for-stm32.11.3.rel1.win32_1.1.100.202309141235/tools/bin/../lib/gcc/arm-none-eabi/11.3.1/../../../../arm-none-eabi/lib/thumb/v7e-m+fp/hard\libc_nano.a
LOAD C:/ST/STM32CubeIDE_1.7.0/STM32CubeIDE/plugins/com.st.stm32cube.ide.mcu.externaltools.gnu-tools-for-stm32.11.3.rel1.win32_1.1.100.202309141235/tools/bin/../lib/gcc/arm-none-eabi/11.3.1/../../../../arm-none-eabi/lib/thumb/v7e-m+fp/hard\libm.a
END GROUP
START GROUP
LOAD C:/ST/STM32CubeIDE_1.7.0/STM32CubeIDE/plugins/com.st.stm32cube.ide.mcu.externaltools.gnu-tools-for-stm32.11.3.rel1.win32_1.1.100.202309141235/tools/bin/../lib/gcc/arm-none-eabi/11.3.1/thumb/v7e-m+fp/hard\libgcc.a
LOAD C:/ST/STM32CubeIDE_1.7.0/STM32CubeIDE/plugins/com.st.stm32cube.ide.mcu.externaltools.gnu-tools-for-stm32.11.3.rel1.win32_1.1.100.202309141235/tools/bin/../lib/gcc/arm-none-eabi/11.3.1/../../../../arm-none-eabi/lib/thumb/v7e-m+fp/hard\libc_nano.a
END GROUP
START GROUP
LOAD C:/ST/STM32CubeIDE_1.7.0/STM32CubeIDE/plugins/com.st.stm32cube.ide.mcu.externaltools.gnu-tools-for-stm32.11.3.rel1.win32_1.1.100.202309141235/tools/bin/../lib/gcc/arm-none-eabi/11.3.1/thumb/v7e-m+fp/hard\libgcc.a
LOAD C:/ST/STM32CubeIDE_1.7.0/STM32CubeIDE/plugins/com.st.stm32cube.ide.mcu.externaltools.gnu-tools-for-stm32.11.3.rel1.win32_1.1.100.202309141235/tools/bin/../lib/gcc/arm-none-eabi/11.3.1/../../../../arm-none-eabi/lib/thumb/v7e-m+fp/hard\libc_nano.a
LOAD C:/ST/STM32CubeIDE_1.7.0/STM32CubeIDE/plugins/com.st.stm32cube.ide.mcu.externaltools.gnu-tools-for-stm32.11.3.rel1.win32_1.1.100.202309141235/tools/bin/../lib/gcc/arm-none-eabi/11.3.1/../../../../arm-none-eabi/lib/thumb/v7e-m+fp/hard\libnosys.a
END GROUP
START GROUP
LOAD C:/ST/STM32CubeIDE_1.7.0/STM32CubeIDE/plugins/com.st.stm32cube.ide.mcu.externaltools.gnu-tools-for-stm32.11.3.rel1.win32_1.1.100.202309141235/tools/bin/../lib/gcc/arm-none-eabi/11.3.1/thumb/v7e-m+fp/hard\libgcc.a
LOAD C:/ST/STM32CubeIDE_1.7.0/STM32CubeIDE/plugins/com.st.stm32cube.ide.mcu.externaltools.gnu-tools-for-stm32.11.3.rel1.win32_1.1.100.202309141235/tools/bin/../lib/gcc/arm-none-eabi/11.3.1/../../../../arm-none-eabi/lib/thumb/v7e-m+fp/hard\libc_nano.a
LOAD C:/ST/STM32CubeIDE_1.7.0/STM32CubeIDE/plugins/com.st.stm32cube.ide.mcu.externaltools.gnu-tools-for-stm32.11.3.rel1.win32_1.1.100.202309141235/tools/bin/../lib/gcc/arm-none-eabi/11.3.1/../../../../arm-none-eabi/lib/thumb/v7e-m+fp/hard\libnosys.a
END GROUP
LOAD C:/ST/STM32CubeIDE_1.7.0/STM32CubeIDE/plugins/com.st.stm32cube.ide.mcu.externaltools.gnu-tools-for-stm32.11.3.rel1.win32_1.1.100.202309141235/tools/bin/../lib/gcc/arm-none-eabi/11.3.1/thumb/v7e-m+fp/hard/crtend.o
LOAD C:/ST/STM32CubeIDE_1.7.0/STM32CubeIDE/plugins/com.st.stm32cube.ide.mcu.externaltools.gnu-tools-for-stm32.11.3.rel1.win32_1.1.100.202309141235/tools/bin/../lib/gcc/arm-none-eabi/11.3.1/thumb/v7e-m+fp/hard/crtn.o
                0x0000000020018000                _estack = (ORIGIN (RAM) + LENGTH (RAM))
                0x0000000000000200                _Min_Heap_Size = 0x200
                0x0000000000000400                _Min_Stack_Size = 0x400

.isr_vector     0x0000000008000000      0x194
                0x0000000008000000                . = ALIGN (0x4)
 *(.isr_vector)
 .isr_vector    0x0000000008000000      0x194 ./Core/Startup/startup_stm32f401retx.o
                0x0000000008000000                g_pfnVectors
                0x0000000008000194                . = ALIGN (0x4)

.text           0x00000000080001a0     0x9ea8
                0x00000000080001a0                . = ALIGN (0x4)
 *(.text)
 .text          0x00000000080001a0       0x40 C:/ST/STM32CubeIDE_1.7.0/STM32CubeIDE/plugins/com.st.stm32cube.ide.mcu.externaltools.gnu-tools-for-stm32.11.3.rel1.win32_1.1.100.202309141235/tools/bin/../lib/gcc/arm-none-eabi/11.3.1/thumb/v7e-m+fp/hard/crtbegin.o
 .text          0x00000000080001e0       0x10 C:/ST/STM32CubeIDE_1.7.0/STM32CubeIDE/plugins/com.st.stm32cube.ide.mcu.externaltools.gnu-tools-for-stm32.11.3.rel1.win32_1.1.100.202309141235/tools/bin/../lib/gcc/arm-none-eabi/11.3.1/../../../../arm-none-eabi/lib/thumb/v7e-m+fp/hard\libc_nano.a(libc_a-strlen.o)
                0x00000000080001e0                strlen
 .text          0x00000000080001f0       0xa0 C:/ST/STM32CubeIDE_1.7.0/STM32CubeIDE/plugins/com.st.stm32cube.ide.mcu.externaltools.gnu-tools-for-stm32.11.3.rel1.win32_1.1.100.202309141235/tools/bin/../lib/gcc/arm-none-eabi/11.3.1/../../../../arm-none-eabi/lib/thumb/v7e-m+fp/hard\libc_nano.a(libc_a-memchr.o)
                0x00000000080001f0                memchr
 .text          0x0000000008000290       0x30 C:/ST/STM32CubeIDE_1.7.0/STM32CubeIDE/plugins/com.st.stm32cube.ide.mcu.externaltools.gnu-tools-for-stm32.11.3.rel1.win32_1.1.100.202309141235/tools/bin/../lib/gcc/arm-none-eabi/11.3.1/thumb/v7e-m+fp/hard\libgcc.a(_aeabi_uldivmod.o)
                0x0000000008000290                __aeabi_uldivmod
 .text          0x00000000080002c0      0x2c8 C:/ST/STM32CubeIDE_1.7.0/STM32CubeIDE/plugins/com.st.stm32cube.ide.mcu.externaltools.gnu-tools-for-stm32.11.3.rel1.win32_1.1.100.202309141235/tools/bin/../lib/gcc/arm-none-eabi/11.3.1/thumb/v7e-m+fp/hard\libgcc.a(_udivmoddi4.o)
                0x00000000080002c0                __udivmoddi4
 .text          0x0000000008000588        0x4 C:/ST/STM32CubeIDE_1.7.0/STM32CubeIDE/plugins/com.st.stm32cube.ide.mcu.externaltools.gnu-tools-for-stm32.11.3.rel1.win32_1.1.100.202309141235/tools/bin/../lib/gcc/arm-none-eabi/11.3.1/thumb/v7e-m+fp/hard\libgcc.a(_dvmd_tls.o)
                0x0000000008000588                __aeabi_idiv0
                0x0000000008000588                __aeabi_ldiv0
 *(.text*)
 .text.HAL_TIM_PeriodElapsedCallback
                0x000000000800058c       0x20 ./Core/Src/main.o
                0x000000000800058c                HAL_TIM_PeriodElapsedCallback
 .text.main     0x00000000080005ac      0x258 ./Core/Src/main.o
                0x00000000080005ac                main
 .text.SystemClock_Config
                0x0000000008000804       0xd8 ./Core/Src/main.o
                0x0000000008000804                SystemClock_Config
 .text.MX_TIM3_Init
                0x00000000080008dc       0x9c ./Core/Src/main.o
 .text.MX_USART2_UART_Init
                0x0000000008000978       0x54 ./Core/Src/main.o
 .text.MX_GPIO_Init
                0x00000000080009cc       0xdc ./Core/Src/main.o
 .text.Error_Handler
                0x0000000008000aa8        0xa ./Core/Src/main.o
                0x0000000008000aa8                Error_Handler
 *fill*         0x0000000008000ab2        0x2 
 .text.HAL_MspInit
                0x0000000008000ab4       0x50 ./Core/Src/stm32f4xx_hal_msp.o
                0x0000000008000ab4                HAL_MspInit
 .text.HAL_TIM_Base_MspInit
                0x0000000008000b04       0x50 ./Core/Src/stm32f4xx_hal_msp.o
                0x0000000008000b04                HAL_TIM_Base_MspInit
 .text.HAL_UART_MspInit
                0x0000000008000b54       0xa0 ./Core/Src/stm32f4xx_hal_msp.o
                0x0000000008000b54                HAL_UART_MspInit
 .text.NMI_Handler
                0x0000000008000bf4        0x6 ./Core/Src/stm32f4xx_it.o
                0x0000000008000bf4                NMI_Handler
 .text.HardFault_Handler
                0x0000000008000bfa        0x6 ./Core/Src/stm32f4xx_it.o
                0x0000000008000bfa                HardFault_Handler
 .text.MemManage_Handler
                0x0000000008000c00        0x6 ./Core/Src/stm32f4xx_it.o
                0x0000000008000c00                MemManage_Handler
 .text.BusFault_Handler
                0x0000000008000c06        0x6 ./Core/Src/stm32f4xx_it.o
                0x0000000008000c06                BusFault_Handler
 .text.UsageFault_Handler
                0x0000000008000c0c        0x6 ./Core/Src/stm32f4xx_it.o
                0x0000000008000c0c                UsageFault_Handler
 .text.SVC_Handler
                0x0000000008000c12        0xe ./Core/Src/stm32f4xx_it.o
                0x0000000008000c12                SVC_Handler
 .text.DebugMon_Handler
                0x0000000008000c20        0xe ./Core/Src/stm32f4xx_it.o
                0x0000000008000c20                DebugMon_Handler
 .text.PendSV_Handler
                0x0000000008000c2e        0xe ./Core/Src/stm32f4xx_it.o
                0x0000000008000c2e                PendSV_Handler
 .text.SysTick_Handler
                0x0000000008000c3c        0xc ./Core/Src/stm32f4xx_it.o
                0x0000000008000c3c                SysTick_Handler
 .text.TIM3_IRQHandler
                0x0000000008000c48       0x14 ./Core/Src/stm32f4xx_it.o
                0x0000000008000c48                TIM3_IRQHandler
 .text.USART2_IRQHandler
                0x0000000008000c5c       0x14 ./Core/Src/stm32f4xx_it.o
                0x0000000008000c5c                USART2_IRQHandler
 .text.BSP_I2C1_Init
                0x0000000008000c70       0x64 ./Core/Src/stm32f4xx_nucleo_bus.o
                0x0000000008000c70                BSP_I2C1_Init
 .text.BSP_I2C1_DeInit
                0x0000000008000cd4       0x50 ./Core/Src/stm32f4xx_nucleo_bus.o
                0x0000000008000cd4                BSP_I2C1_DeInit
 .text.BSP_I2C1_WriteReg
                0x0000000008000d24       0x64 ./Core/Src/stm32f4xx_nucleo_bus.o
                0x0000000008000d24                BSP_I2C1_WriteReg
 .text.BSP_I2C1_ReadReg
                0x0000000008000d88       0x64 ./Core/Src/stm32f4xx_nucleo_bus.o
                0x0000000008000d88                BSP_I2C1_ReadReg
 .text.BSP_GetTick
                0x0000000008000dec        0xe ./Core/Src/stm32f4xx_nucleo_bus.o
                0x0000000008000dec                BSP_GetTick
 *fill*         0x0000000008000dfa        0x2 
 .text.MX_I2C1_Init
                0x0000000008000dfc       0x68 ./Core/Src/stm32f4xx_nucleo_bus.o
                0x0000000008000dfc                MX_I2C1_Init
 .text.I2C1_MspInit
                0x0000000008000e64       0x94 ./Core/Src/stm32f4xx_nucleo_bus.o
 .text.I2C1_MspDeInit
                0x0000000008000ef8       0x38 ./Core/Src/stm32f4xx_nucleo_bus.o
 .text._sbrk    0x0000000008000f30       0x6c ./Core/Src/sysmem.o
                0x0000000008000f30                _sbrk
 .text.SystemInit
                0x0000000008000f9c       0x24 ./Core/Src/system_stm32f4xx.o
                0x0000000008000f9c                SystemInit
 .text.Reset_Handler
                0x0000000008000fc0       0x50 ./Core/Startup/startup_stm32f401retx.o
                0x0000000008000fc0                Reset_Handler
 .text.Default_Handler
                0x0000000008001010        0x2 ./Core/Startup/startup_stm32f401retx.o
                0x0000000008001010                RTC_Alarm_IRQHandler
                0x0000000008001010                EXTI2_IRQHandler
                0x0000000008001010                SPI4_IRQHandler
                0x0000000008001010                TIM1_CC_IRQHandler
                0x0000000008001010                DMA2_Stream5_IRQHandler
                0x0000000008001010                DMA1_Stream5_IRQHandler
                0x0000000008001010                PVD_IRQHandler
                0x0000000008001010                SDIO_IRQHandler
                0x0000000008001010                TAMP_STAMP_IRQHandler
                0x0000000008001010                EXTI3_IRQHandler
                0x0000000008001010                TIM1_UP_TIM10_IRQHandler
                0x0000000008001010                I2C3_ER_IRQHandler
                0x0000000008001010                EXTI0_IRQHandler
                0x0000000008001010                I2C2_EV_IRQHandler
                0x0000000008001010                DMA1_Stream2_IRQHandler
                0x0000000008001010                FPU_IRQHandler
                0x0000000008001010                DMA2_Stream2_IRQHandler
                0x0000000008001010                SPI1_IRQHandler
                0x0000000008001010                TIM1_BRK_TIM9_IRQHandler
                0x0000000008001010                DMA2_Stream3_IRQHandler
                0x0000000008001010                USART6_IRQHandler
                0x0000000008001010                DMA2_Stream0_IRQHandler
                0x0000000008001010                TIM4_IRQHandler
                0x0000000008001010                I2C1_EV_IRQHandler
                0x0000000008001010                DMA1_Stream6_IRQHandler
                0x0000000008001010                DMA1_Stream1_IRQHandler
                0x0000000008001010                RCC_IRQHandler
                0x0000000008001010                Default_Handler
                0x0000000008001010                EXTI15_10_IRQHandler
                0x0000000008001010                ADC_IRQHandler
                0x0000000008001010                DMA1_Stream7_IRQHandler
                0x0000000008001010                TIM5_IRQHandler
                0x0000000008001010                DMA2_Stream7_IRQHandler
                0x0000000008001010                I2C3_EV_IRQHandler
                0x0000000008001010                EXTI9_5_IRQHandler
                0x0000000008001010                RTC_WKUP_IRQHandler
                0x0000000008001010                SPI2_IRQHandler
                0x0000000008001010                DMA1_Stream0_IRQHandler
                0x0000000008001010                EXTI4_IRQHandler
                0x0000000008001010                WWDG_IRQHandler
                0x0000000008001010                TIM2_IRQHandler
                0x0000000008001010                OTG_FS_WKUP_IRQHandler
                0x0000000008001010                TIM1_TRG_COM_TIM11_IRQHandler
                0x0000000008001010                EXTI1_IRQHandler
                0x0000000008001010                I2C2_ER_IRQHandler
                0x0000000008001010                DMA2_Stream1_IRQHandler
                0x0000000008001010                FLASH_IRQHandler
                0x0000000008001010                DMA2_Stream4_IRQHandler
                0x0000000008001010                USART1_IRQHandler
                0x0000000008001010                OTG_FS_IRQHandler
                0x0000000008001010                SPI3_IRQHandler
                0x0000000008001010                DMA1_Stream4_IRQHandler
                0x0000000008001010                I2C1_ER_IRQHandler
                0x0000000008001010                DMA2_Stream6_IRQHandler
                0x0000000008001010                DMA1_Stream3_IRQHandler
 *fill*         0x0000000008001012        0x2 
 .text.LIS2DW12_RegisterBusIO
                0x0000000008001014       0xd4 ./Drivers/BSP/Components/lis2dw12/lis2dw12.o
                0x0000000008001014                LIS2DW12_RegisterBusIO
 .text.LIS2DW12_Init
                0x00000000080010e8       0xc4 ./Drivers/BSP/Components/lis2dw12/lis2dw12.o
                0x00000000080010e8                LIS2DW12_Init
 .text.LIS2DW12_DeInit
                0x00000000080011ac       0x44 ./Drivers/BSP/Components/lis2dw12/lis2dw12.o
                0x00000000080011ac                LIS2DW12_DeInit
 .text.LIS2DW12_ReadID
                0x00000000080011f0       0x2c ./Drivers/BSP/Components/lis2dw12/lis2dw12.o
                0x00000000080011f0                LIS2DW12_ReadID
 .text.LIS2DW12_GetCapabilities
                0x000000000800121c       0x5c ./Drivers/BSP/Components/lis2dw12/lis2dw12.o
                0x000000000800121c                LIS2DW12_GetCapabilities
 .text.LIS2DW12_ACC_Enable
                0x0000000008001278       0x52 ./Drivers/BSP/Components/lis2dw12/lis2dw12.o
                0x0000000008001278                LIS2DW12_ACC_Enable
 .text.LIS2DW12_ACC_Disable
                0x00000000080012ca       0x40 ./Drivers/BSP/Components/lis2dw12/lis2dw12.o
                0x00000000080012ca                LIS2DW12_ACC_Disable
 *fill*         0x000000000800130a        0x2 
 .text.LIS2DW12_ACC_GetSensitivity
                0x000000000800130c      0x150 ./Drivers/BSP/Components/lis2dw12/lis2dw12.o
                0x000000000800130c                LIS2DW12_ACC_GetSensitivity
 .text.LIS2DW12_ACC_GetOutputDataRate
                0x000000000800145c      0x2fc ./Drivers/BSP/Components/lis2dw12/lis2dw12.o
                0x000000000800145c                LIS2DW12_ACC_GetOutputDataRate
 .text.LIS2DW12_ACC_SetOutputDataRate
                0x0000000008001758       0x24 ./Drivers/BSP/Components/lis2dw12/lis2dw12.o
                0x0000000008001758                LIS2DW12_ACC_SetOutputDataRate
 .text.LIS2DW12_ACC_SetOutputDataRate_With_Mode
                0x000000000800177c       0x4c ./Drivers/BSP/Components/lis2dw12/lis2dw12.o
                0x000000000800177c                LIS2DW12_ACC_SetOutputDataRate_With_Mode
 .text.LIS2DW12_ACC_GetFullScale
                0x00000000080017c8       0x84 ./Drivers/BSP/Components/lis2dw12/lis2dw12.o
                0x00000000080017c8                LIS2DW12_ACC_GetFullScale
 .text.LIS2DW12_ACC_SetFullScale
                0x000000000800184c       0x50 ./Drivers/BSP/Components/lis2dw12/lis2dw12.o
                0x000000000800184c                LIS2DW12_ACC_SetFullScale
 .text.LIS2DW12_ACC_GetAxesRaw
                0x000000000800189c      0x104 ./Drivers/BSP/Components/lis2dw12/lis2dw12.o
                0x000000000800189c                LIS2DW12_ACC_GetAxesRaw
 .text.LIS2DW12_ACC_GetAxes
                0x00000000080019a0       0xaa ./Drivers/BSP/Components/lis2dw12/lis2dw12.o
                0x00000000080019a0                LIS2DW12_ACC_GetAxes
 .text.LIS2DW12_Write_Reg
                0x0000000008001a4a       0x36 ./Drivers/BSP/Components/lis2dw12/lis2dw12.o
                0x0000000008001a4a                LIS2DW12_Write_Reg
 .text.LIS2DW12_ACC_SetOutputDataRate_When_Enabled
                0x0000000008001a80      0x238 ./Drivers/BSP/Components/lis2dw12/lis2dw12.o
 .text.LIS2DW12_ACC_SetOutputDataRate_When_Disabled
                0x0000000008001cb8      0x124 ./Drivers/BSP/Components/lis2dw12/lis2dw12.o
 .text.ReadRegWrap
                0x0000000008001ddc       0x36 ./Drivers/BSP/Components/lis2dw12/lis2dw12.o
 .text.WriteRegWrap
                0x0000000008001e12       0x36 ./Drivers/BSP/Components/lis2dw12/lis2dw12.o
 .text.lis2dw12_read_reg
                0x0000000008001e48       0x30 ./Drivers/BSP/Components/lis2dw12/lis2dw12_reg.o
                0x0000000008001e48                lis2dw12_read_reg
 .text.lis2dw12_write_reg
                0x0000000008001e78       0x30 ./Drivers/BSP/Components/lis2dw12/lis2dw12_reg.o
                0x0000000008001e78                lis2dw12_write_reg
 .text.lis2dw12_power_mode_set
                0x0000000008001ea8       0x9c ./Drivers/BSP/Components/lis2dw12/lis2dw12_reg.o
                0x0000000008001ea8                lis2dw12_power_mode_set
 .text.lis2dw12_power_mode_get
                0x0000000008001f44      0x174 ./Drivers/BSP/Components/lis2dw12/lis2dw12_reg.o
                0x0000000008001f44                lis2dw12_power_mode_get
 .text.lis2dw12_data_rate_set
                0x00000000080020b8       0x8a ./Drivers/BSP/Components/lis2dw12/lis2dw12_reg.o
                0x00000000080020b8                lis2dw12_data_rate_set
 *fill*         0x0000000008002142        0x2 
 .text.lis2dw12_data_rate_get
                0x0000000008002144      0x194 ./Drivers/BSP/Components/lis2dw12/lis2dw12_reg.o
                0x0000000008002144                lis2dw12_data_rate_get
 .text.lis2dw12_block_data_update_set
                0x00000000080022d8       0x4c ./Drivers/BSP/Components/lis2dw12/lis2dw12_reg.o
                0x00000000080022d8                lis2dw12_block_data_update_set
 .text.lis2dw12_full_scale_set
                0x0000000008002324       0x4c ./Drivers/BSP/Components/lis2dw12/lis2dw12_reg.o
                0x0000000008002324                lis2dw12_full_scale_set
 .text.lis2dw12_full_scale_get
                0x0000000008002370       0x70 ./Drivers/BSP/Components/lis2dw12/lis2dw12_reg.o
                0x0000000008002370                lis2dw12_full_scale_get
 .text.lis2dw12_acceleration_raw_get
                0x00000000080023e0       0x96 ./Drivers/BSP/Components/lis2dw12/lis2dw12_reg.o
                0x00000000080023e0                lis2dw12_acceleration_raw_get
 .text.lis2dw12_device_id_get
                0x0000000008002476       0x22 ./Drivers/BSP/Components/lis2dw12/lis2dw12_reg.o
                0x0000000008002476                lis2dw12_device_id_get
 .text.lis2dw12_auto_increment_set
                0x0000000008002498       0x4c ./Drivers/BSP/Components/lis2dw12/lis2dw12_reg.o
                0x0000000008002498                lis2dw12_auto_increment_set
 .text.lis2dw12_fifo_mode_set
                0x00000000080024e4       0x4c ./Drivers/BSP/Components/lis2dw12/lis2dw12_reg.o
                0x00000000080024e4                lis2dw12_fifo_mode_set
 .text.LIS2MDL_RegisterBusIO
                0x0000000008002530      0x100 ./Drivers/BSP/Components/lis2mdl/lis2mdl.o
                0x0000000008002530                LIS2MDL_RegisterBusIO
 .text.LIS2MDL_Init
                0x0000000008002630      0x10c ./Drivers/BSP/Components/lis2mdl/lis2mdl.o
                0x0000000008002630                LIS2MDL_Init
 .text.LIS2MDL_DeInit
                0x000000000800273c       0x2c ./Drivers/BSP/Components/lis2mdl/lis2mdl.o
                0x000000000800273c                LIS2MDL_DeInit
 .text.LIS2MDL_ReadID
                0x0000000008002768       0x4c ./Drivers/BSP/Components/lis2mdl/lis2mdl.o
                0x0000000008002768                LIS2MDL_ReadID
 .text.LIS2MDL_GetCapabilities
                0x00000000080027b4       0x5c ./Drivers/BSP/Components/lis2mdl/lis2mdl.o
                0x00000000080027b4                LIS2MDL_GetCapabilities
 .text.LIS2MDL_MAG_Enable
                0x0000000008002810       0x84 ./Drivers/BSP/Components/lis2mdl/lis2mdl.o
                0x0000000008002810                LIS2MDL_MAG_Enable
 .text.LIS2MDL_MAG_Disable
                0x0000000008002894       0x86 ./Drivers/BSP/Components/lis2mdl/lis2mdl.o
                0x0000000008002894                LIS2MDL_MAG_Disable
 .text.LIS2MDL_MAG_GetSensitivity
                0x000000000800291a       0x20 ./Drivers/BSP/Components/lis2mdl/lis2mdl.o
                0x000000000800291a                LIS2MDL_MAG_GetSensitivity
 *fill*         0x000000000800293a        0x2 
 .text.LIS2MDL_MAG_GetOutputDataRate
                0x000000000800293c       0x8c ./Drivers/BSP/Components/lis2mdl/lis2mdl.o
                0x000000000800293c                LIS2MDL_MAG_GetOutputDataRate
 .text.LIS2MDL_MAG_SetOutputDataRate
                0x00000000080029c8       0xc8 ./Drivers/BSP/Components/lis2mdl/lis2mdl.o
                0x00000000080029c8                LIS2MDL_MAG_SetOutputDataRate
 .text.LIS2MDL_MAG_GetFullScale
                0x0000000008002a90       0x1e ./Drivers/BSP/Components/lis2mdl/lis2mdl.o
                0x0000000008002a90                LIS2MDL_MAG_GetFullScale
 .text.LIS2MDL_MAG_SetFullScale
                0x0000000008002aae       0x18 ./Drivers/BSP/Components/lis2mdl/lis2mdl.o
                0x0000000008002aae                LIS2MDL_MAG_SetFullScale
 .text.LIS2MDL_MAG_GetAxesRaw
                0x0000000008002ac6       0x48 ./Drivers/BSP/Components/lis2mdl/lis2mdl.o
                0x0000000008002ac6                LIS2MDL_MAG_GetAxesRaw
 .text.LIS2MDL_MAG_GetAxes
                0x0000000008002b0e      0x114 ./Drivers/BSP/Components/lis2mdl/lis2mdl.o
                0x0000000008002b0e                LIS2MDL_MAG_GetAxes
 .text.LIS2MDL_Write_Reg
                0x0000000008002c22       0x56 ./Drivers/BSP/Components/lis2mdl/lis2mdl.o
                0x0000000008002c22                LIS2MDL_Write_Reg
 .text.ReadMagRegWrap
                0x0000000008002c78       0x82 ./Drivers/BSP/Components/lis2mdl/lis2mdl.o
 .text.WriteMagRegWrap
                0x0000000008002cfa       0x82 ./Drivers/BSP/Components/lis2mdl/lis2mdl.o
 .text.LSM6DSOX_SENSORHUB_LIS2MDL_ReadShData
                0x0000000008002d7c      0x27e ./Drivers/BSP/Components/lis2mdl/lis2mdl.o
 .text.LSM6DSOX_SENSORHUB_LIS2MDL_WriteShData
                0x0000000008002ffa      0x23c ./Drivers/BSP/Components/lis2mdl/lis2mdl.o
 .text.lis2mdl_read_reg
                0x0000000008003236       0x30 ./Drivers/BSP/Components/lis2mdl/lis2mdl_reg.o
                0x0000000008003236                lis2mdl_read_reg
 .text.lis2mdl_write_reg
                0x0000000008003266       0x30 ./Drivers/BSP/Components/lis2mdl/lis2mdl_reg.o
                0x0000000008003266                lis2mdl_write_reg
 .text.lis2mdl_operating_mode_set
                0x0000000008003296       0x4c ./Drivers/BSP/Components/lis2mdl/lis2mdl_reg.o
                0x0000000008003296                lis2mdl_operating_mode_set
 .text.lis2mdl_data_rate_set
                0x00000000080032e2       0x4c ./Drivers/BSP/Components/lis2mdl/lis2mdl_reg.o
                0x00000000080032e2                lis2mdl_data_rate_set
 *fill*         0x000000000800332e        0x2 
 .text.lis2mdl_data_rate_get
                0x0000000008003330       0x70 ./Drivers/BSP/Components/lis2mdl/lis2mdl_reg.o
                0x0000000008003330                lis2mdl_data_rate_get
 .text.lis2mdl_block_data_update_set
                0x00000000080033a0       0x4c ./Drivers/BSP/Components/lis2mdl/lis2mdl_reg.o
                0x00000000080033a0                lis2mdl_block_data_update_set
 .text.lis2mdl_magnetic_raw_get
                0x00000000080033ec       0x96 ./Drivers/BSP/Components/lis2mdl/lis2mdl_reg.o
                0x00000000080033ec                lis2mdl_magnetic_raw_get
 .text.lis2mdl_device_id_get
                0x0000000008003482       0x22 ./Drivers/BSP/Components/lis2mdl/lis2mdl_reg.o
                0x0000000008003482                lis2mdl_device_id_get
 .text.lis2mdl_self_test_set
                0x00000000080034a4       0x4c ./Drivers/BSP/Components/lis2mdl/lis2mdl_reg.o
                0x00000000080034a4                lis2mdl_self_test_set
 .text.lis2mdl_i2c_interface_set
                0x00000000080034f0       0x4c ./Drivers/BSP/Components/lis2mdl/lis2mdl_reg.o
                0x00000000080034f0                lis2mdl_i2c_interface_set
 .text.LSM6DSO_RegisterBusIO
                0x000000000800353c       0xd4 ./Drivers/BSP/Components/lsm6dso/lsm6dso.o
                0x000000000800353c                LSM6DSO_RegisterBusIO
 .text.LSM6DSO_Init
                0x0000000008003610       0xf2 ./Drivers/BSP/Components/lsm6dso/lsm6dso.o
                0x0000000008003610                LSM6DSO_Init
 .text.LSM6DSO_DeInit
                0x0000000008003702       0x4e ./Drivers/BSP/Components/lsm6dso/lsm6dso.o
                0x0000000008003702                LSM6DSO_DeInit
 .text.LSM6DSO_ReadID
                0x0000000008003750       0x2c ./Drivers/BSP/Components/lsm6dso/lsm6dso.o
                0x0000000008003750                LSM6DSO_ReadID
 .text.LSM6DSO_GetCapabilities
                0x000000000800377c       0x5c ./Drivers/BSP/Components/lsm6dso/lsm6dso.o
                0x000000000800377c                LSM6DSO_GetCapabilities
 .text.LSM6DSO_ACC_Enable
                0x00000000080037d8       0x48 ./Drivers/BSP/Components/lsm6dso/lsm6dso.o
                0x00000000080037d8                LSM6DSO_ACC_Enable
 .text.LSM6DSO_ACC_Disable
                0x0000000008003820       0x5e ./Drivers/BSP/Components/lsm6dso/lsm6dso.o
                0x0000000008003820                LSM6DSO_ACC_Disable
 *fill*         0x000000000800387e        0x2 
 .text.LSM6DSO_ACC_GetSensitivity
                0x0000000008003880       0x8c ./Drivers/BSP/Components/lsm6dso/lsm6dso.o
                0x0000000008003880                LSM6DSO_ACC_GetSensitivity
 .text.LSM6DSO_ACC_GetOutputDataRate
                0x000000000800390c      0x108 ./Drivers/BSP/Components/lsm6dso/lsm6dso.o
                0x000000000800390c                LSM6DSO_ACC_GetOutputDataRate
 .text.LSM6DSO_ACC_SetOutputDataRate
                0x0000000008003a14       0x22 ./Drivers/BSP/Components/lsm6dso/lsm6dso.o
                0x0000000008003a14                LSM6DSO_ACC_SetOutputDataRate
 *fill*         0x0000000008003a36        0x2 
 .text.LSM6DSO_ACC_SetOutputDataRate_With_Mode
                0x0000000008003a38      0x33c ./Drivers/BSP/Components/lsm6dso/lsm6dso.o
                0x0000000008003a38                LSM6DSO_ACC_SetOutputDataRate_With_Mode
 .text.LSM6DSO_ACC_GetFullScale
                0x0000000008003d74       0x7c ./Drivers/BSP/Components/lsm6dso/lsm6dso.o
                0x0000000008003d74                LSM6DSO_ACC_GetFullScale
 .text.LSM6DSO_ACC_SetFullScale
                0x0000000008003df0       0x50 ./Drivers/BSP/Components/lsm6dso/lsm6dso.o
                0x0000000008003df0                LSM6DSO_ACC_SetFullScale
 .text.LSM6DSO_ACC_GetAxesRaw
                0x0000000008003e40       0x48 ./Drivers/BSP/Components/lsm6dso/lsm6dso.o
                0x0000000008003e40                LSM6DSO_ACC_GetAxesRaw
 .text.LSM6DSO_ACC_GetAxes
                0x0000000008003e88       0xae ./Drivers/BSP/Components/lsm6dso/lsm6dso.o
                0x0000000008003e88                LSM6DSO_ACC_GetAxes
 .text.LSM6DSO_GYRO_Enable
                0x0000000008003f36       0x48 ./Drivers/BSP/Components/lsm6dso/lsm6dso.o
                0x0000000008003f36                LSM6DSO_GYRO_Enable
 .text.LSM6DSO_GYRO_Disable
                0x0000000008003f7e       0x5e ./Drivers/BSP/Components/lsm6dso/lsm6dso.o
                0x0000000008003f7e                LSM6DSO_GYRO_Disable
 .text.LSM6DSO_GYRO_GetSensitivity
                0x0000000008003fdc       0xa4 ./Drivers/BSP/Components/lsm6dso/lsm6dso.o
                0x0000000008003fdc                LSM6DSO_GYRO_GetSensitivity
 .text.LSM6DSO_GYRO_GetOutputDataRate
                0x0000000008004080       0xf8 ./Drivers/BSP/Components/lsm6dso/lsm6dso.o
                0x0000000008004080                LSM6DSO_GYRO_GetOutputDataRate
 .text.LSM6DSO_GYRO_SetOutputDataRate
                0x0000000008004178       0x22 ./Drivers/BSP/Components/lsm6dso/lsm6dso.o
                0x0000000008004178                LSM6DSO_GYRO_SetOutputDataRate
 *fill*         0x000000000800419a        0x2 
 .text.LSM6DSO_GYRO_SetOutputDataRate_With_Mode
                0x000000000800419c      0x12c ./Drivers/BSP/Components/lsm6dso/lsm6dso.o
                0x000000000800419c                LSM6DSO_GYRO_SetOutputDataRate_With_Mode
 .text.LSM6DSO_GYRO_GetFullScale
                0x00000000080042c8       0x94 ./Drivers/BSP/Components/lsm6dso/lsm6dso.o
                0x00000000080042c8                LSM6DSO_GYRO_GetFullScale
 .text.LSM6DSO_GYRO_SetFullScale
                0x000000000800435c       0x5e ./Drivers/BSP/Components/lsm6dso/lsm6dso.o
                0x000000000800435c                LSM6DSO_GYRO_SetFullScale
 .text.LSM6DSO_GYRO_GetAxesRaw
                0x00000000080043ba       0x48 ./Drivers/BSP/Components/lsm6dso/lsm6dso.o
                0x00000000080043ba                LSM6DSO_GYRO_GetAxesRaw
 .text.LSM6DSO_GYRO_GetAxes
                0x0000000008004402       0xa8 ./Drivers/BSP/Components/lsm6dso/lsm6dso.o
                0x0000000008004402                LSM6DSO_GYRO_GetAxes
 .text.LSM6DSO_Write_Reg
                0x00000000080044aa       0x36 ./Drivers/BSP/Components/lsm6dso/lsm6dso.o
                0x00000000080044aa                LSM6DSO_Write_Reg
 .text.LSM6DSO_ACC_SetOutputDataRate_When_Enabled
                0x00000000080044e0      0x130 ./Drivers/BSP/Components/lsm6dso/lsm6dso.o
 .text.LSM6DSO_ACC_SetOutputDataRate_When_Disabled
                0x0000000008004610      0x120 ./Drivers/BSP/Components/lsm6dso/lsm6dso.o
 .text.LSM6DSO_GYRO_SetOutputDataRate_When_Enabled
                0x0000000008004730      0x118 ./Drivers/BSP/Components/lsm6dso/lsm6dso.o
 .text.LSM6DSO_GYRO_SetOutputDataRate_When_Disabled
                0x0000000008004848      0x104 ./Drivers/BSP/Components/lsm6dso/lsm6dso.o
 .text.ReadRegWrap
                0x000000000800494c       0x36 ./Drivers/BSP/Components/lsm6dso/lsm6dso.o
 .text.WriteRegWrap
                0x0000000008004982       0x36 ./Drivers/BSP/Components/lsm6dso/lsm6dso.o
 .text.lsm6dso_read_reg
                0x00000000080049b8       0x30 ./Drivers/BSP/Components/lsm6dso/lsm6dso_reg.o
                0x00000000080049b8                lsm6dso_read_reg
 .text.lsm6dso_write_reg
                0x00000000080049e8       0x30 ./Drivers/BSP/Components/lsm6dso/lsm6dso_reg.o
                0x00000000080049e8                lsm6dso_write_reg
 .text.lsm6dso_xl_full_scale_set
                0x0000000008004a18       0x4c ./Drivers/BSP/Components/lsm6dso/lsm6dso_reg.o
                0x0000000008004a18                lsm6dso_xl_full_scale_set
 .text.lsm6dso_xl_full_scale_get
                0x0000000008004a64       0x70 ./Drivers/BSP/Components/lsm6dso/lsm6dso_reg.o
                0x0000000008004a64                lsm6dso_xl_full_scale_get
 .text.lsm6dso_xl_data_rate_set
                0x0000000008004ad4      0x1f4 ./Drivers/BSP/Components/lsm6dso/lsm6dso_reg.o
                0x0000000008004ad4                lsm6dso_xl_data_rate_set
 .text.lsm6dso_xl_data_rate_get
                0x0000000008004cc8       0xd0 ./Drivers/BSP/Components/lsm6dso/lsm6dso_reg.o
                0x0000000008004cc8                lsm6dso_xl_data_rate_get
 .text.lsm6dso_gy_full_scale_set
                0x0000000008004d98       0x4c ./Drivers/BSP/Components/lsm6dso/lsm6dso_reg.o
                0x0000000008004d98                lsm6dso_gy_full_scale_set
 .text.lsm6dso_gy_full_scale_get
                0x0000000008004de4       0x84 ./Drivers/BSP/Components/lsm6dso/lsm6dso_reg.o
                0x0000000008004de4                lsm6dso_gy_full_scale_get
 .text.lsm6dso_gy_data_rate_set
                0x0000000008004e68      0x1f4 ./Drivers/BSP/Components/lsm6dso/lsm6dso_reg.o
                0x0000000008004e68                lsm6dso_gy_data_rate_set
 .text.lsm6dso_gy_data_rate_get
                0x000000000800505c       0xc4 ./Drivers/BSP/Components/lsm6dso/lsm6dso_reg.o
                0x000000000800505c                lsm6dso_gy_data_rate_get
 .text.lsm6dso_block_data_update_set
                0x0000000008005120       0x4c ./Drivers/BSP/Components/lsm6dso/lsm6dso_reg.o
                0x0000000008005120                lsm6dso_block_data_update_set
 .text.lsm6dso_angular_rate_raw_get
                0x000000000800516c       0x96 ./Drivers/BSP/Components/lsm6dso/lsm6dso_reg.o
                0x000000000800516c                lsm6dso_angular_rate_raw_get
 .text.lsm6dso_acceleration_raw_get
                0x0000000008005202       0x96 ./Drivers/BSP/Components/lsm6dso/lsm6dso_reg.o
                0x0000000008005202                lsm6dso_acceleration_raw_get
 .text.lsm6dso_mem_bank_set
                0x0000000008005298       0x3a ./Drivers/BSP/Components/lsm6dso/lsm6dso_reg.o
                0x0000000008005298                lsm6dso_mem_bank_set
 .text.lsm6dso_device_id_get
                0x00000000080052d2       0x22 ./Drivers/BSP/Components/lsm6dso/lsm6dso_reg.o
                0x00000000080052d2                lsm6dso_device_id_get
 .text.lsm6dso_auto_increment_set
                0x00000000080052f4       0x4c ./Drivers/BSP/Components/lsm6dso/lsm6dso_reg.o
                0x00000000080052f4                lsm6dso_auto_increment_set
 .text.lsm6dso_i3c_disable_set
                0x0000000008005340       0x90 ./Drivers/BSP/Components/lsm6dso/lsm6dso_reg.o
                0x0000000008005340                lsm6dso_i3c_disable_set
 .text.lsm6dso_fifo_mode_set
                0x00000000080053d0       0x4c ./Drivers/BSP/Components/lsm6dso/lsm6dso_reg.o
                0x00000000080053d0                lsm6dso_fifo_mode_set
 .text.lsm6dso_fsm_enable_get
                0x000000000800541c       0x42 ./Drivers/BSP/Components/lsm6dso/lsm6dso_reg.o
                0x000000000800541c                lsm6dso_fsm_enable_get
 *fill*         0x000000000800545e        0x2 
 .text.lsm6dso_fsm_data_rate_get
                0x0000000008005460       0x9c ./Drivers/BSP/Components/lsm6dso/lsm6dso_reg.o
                0x0000000008005460                lsm6dso_fsm_data_rate_get
 .text.IKS01A3_MOTION_SENSOR_Init
                0x00000000080054fc      0x1f8 ./Drivers/BSP/IKS01A3/iks01a3_motion_sensors.o
                0x00000000080054fc                IKS01A3_MOTION_SENSOR_Init
 .text.IKS01A3_MOTION_SENSOR_Enable
                0x00000000080056f4       0x84 ./Drivers/BSP/IKS01A3/iks01a3_motion_sensors.o
                0x00000000080056f4                IKS01A3_MOTION_SENSOR_Enable
 .text.IKS01A3_MOTION_SENSOR_GetAxes
                0x0000000008005778       0x88 ./Drivers/BSP/IKS01A3/iks01a3_motion_sensors.o
                0x0000000008005778                IKS01A3_MOTION_SENSOR_GetAxes
 .text.LSM6DSO_0_Probe
                0x0000000008005800      0x180 ./Drivers/BSP/IKS01A3/iks01a3_motion_sensors.o
 .text.LIS2DW12_0_Probe
                0x0000000008005980      0x150 ./Drivers/BSP/IKS01A3/iks01a3_motion_sensors.o
 .text.LIS2MDL_0_Probe
                0x0000000008005ad0      0x150 ./Drivers/BSP/IKS01A3/iks01a3_motion_sensors.o
 .text.HAL_Init
                0x0000000008005c20       0x44 ./Drivers/STM32F4xx_HAL_Driver/Src/stm32f4xx_hal.o
                0x0000000008005c20                HAL_Init
 .text.HAL_InitTick
                0x0000000008005c64       0x60 ./Drivers/STM32F4xx_HAL_Driver/Src/stm32f4xx_hal.o
                0x0000000008005c64                HAL_InitTick
 .text.HAL_IncTick
                0x0000000008005cc4       0x28 ./Drivers/STM32F4xx_HAL_Driver/Src/stm32f4xx_hal.o
                0x0000000008005cc4                HAL_IncTick
 .text.HAL_GetTick
                0x0000000008005cec       0x18 ./Drivers/STM32F4xx_HAL_Driver/Src/stm32f4xx_hal.o
                0x0000000008005cec                HAL_GetTick
 .text.HAL_Delay
                0x0000000008005d04       0x48 ./Drivers/STM32F4xx_HAL_Driver/Src/stm32f4xx_hal.o
                0x0000000008005d04                HAL_Delay
 .text.__NVIC_SetPriorityGrouping
                0x0000000008005d4c       0x48 ./Drivers/STM32F4xx_HAL_Driver/Src/stm32f4xx_hal_cortex.o
 .text.__NVIC_GetPriorityGrouping
                0x0000000008005d94       0x1c ./Drivers/STM32F4xx_HAL_Driver/Src/stm32f4xx_hal_cortex.o
 .text.__NVIC_EnableIRQ
                0x0000000008005db0       0x3c ./Drivers/STM32F4xx_HAL_Driver/Src/stm32f4xx_hal_cortex.o
 .text.__NVIC_SetPriority
                0x0000000008005dec       0x54 ./Drivers/STM32F4xx_HAL_Driver/Src/stm32f4xx_hal_cortex.o
 .text.NVIC_EncodePriority
                0x0000000008005e40       0x66 ./Drivers/STM32F4xx_HAL_Driver/Src/stm32f4xx_hal_cortex.o
 *fill*         0x0000000008005ea6        0x2 
 .text.SysTick_Config
                0x0000000008005ea8       0x44 ./Drivers/STM32F4xx_HAL_Driver/Src/stm32f4xx_hal_cortex.o
 .text.HAL_NVIC_SetPriorityGrouping
                0x0000000008005eec       0x16 ./Drivers/STM32F4xx_HAL_Driver/Src/stm32f4xx_hal_cortex.o
                0x0000000008005eec                HAL_NVIC_SetPriorityGrouping
 .text.HAL_NVIC_SetPriority
                0x0000000008005f02       0x38 ./Drivers/STM32F4xx_HAL_Driver/Src/stm32f4xx_hal_cortex.o
                0x0000000008005f02                HAL_NVIC_SetPriority
 .text.HAL_NVIC_EnableIRQ
                0x0000000008005f3a       0x1c ./Drivers/STM32F4xx_HAL_Driver/Src/stm32f4xx_hal_cortex.o
                0x0000000008005f3a                HAL_NVIC_EnableIRQ
 .text.HAL_SYSTICK_Config
                0x0000000008005f56       0x18 ./Drivers/STM32F4xx_HAL_Driver/Src/stm32f4xx_hal_cortex.o
                0x0000000008005f56                HAL_SYSTICK_Config
 .text.HAL_DMA_Abort
                0x0000000008005f6e       0xe0 ./Drivers/STM32F4xx_HAL_Driver/Src/stm32f4xx_hal_dma.o
                0x0000000008005f6e                HAL_DMA_Abort
 .text.HAL_DMA_Abort_IT
                0x000000000800604e       0x44 ./Drivers/STM32F4xx_HAL_Driver/Src/stm32f4xx_hal_dma.o
                0x000000000800604e                HAL_DMA_Abort_IT
 *fill*         0x0000000008006092        0x2 
 .text.HAL_GPIO_Init
                0x0000000008006094      0x308 ./Drivers/STM32F4xx_HAL_Driver/Src/stm32f4xx_hal_gpio.o
                0x0000000008006094                HAL_GPIO_Init
 .text.HAL_GPIO_DeInit
                0x000000000800639c      0x1c8 ./Drivers/STM32F4xx_HAL_Driver/Src/stm32f4xx_hal_gpio.o
                0x000000000800639c                HAL_GPIO_DeInit
 .text.HAL_GPIO_WritePin
                0x0000000008006564       0x32 ./Drivers/STM32F4xx_HAL_Driver/Src/stm32f4xx_hal_gpio.o
                0x0000000008006564                HAL_GPIO_WritePin
 *fill*         0x0000000008006596        0x2 
 .text.HAL_I2C_Init
                0x0000000008006598      0x288 ./Drivers/STM32F4xx_HAL_Driver/Src/stm32f4xx_hal_i2c.o
                0x0000000008006598                HAL_I2C_Init
 .text.HAL_I2C_DeInit
                0x0000000008006820       0x5e ./Drivers/STM32F4xx_HAL_Driver/Src/stm32f4xx_hal_i2c.o
                0x0000000008006820                HAL_I2C_DeInit
 .text.HAL_I2C_MspInit
                0x000000000800687e       0x14 ./Drivers/STM32F4xx_HAL_Driver/Src/stm32f4xx_hal_i2c.o
                0x000000000800687e                HAL_I2C_MspInit
 .text.HAL_I2C_MspDeInit
                0x0000000008006892       0x14 ./Drivers/STM32F4xx_HAL_Driver/Src/stm32f4xx_hal_i2c.o
                0x0000000008006892                HAL_I2C_MspDeInit
 *fill*         0x00000000080068a6        0x2 
 .text.HAL_I2C_Mem_Write
                0x00000000080068a8      0x1f4 ./Drivers/STM32F4xx_HAL_Driver/Src/stm32f4xx_hal_i2c.o
                0x00000000080068a8                HAL_I2C_Mem_Write
 .text.HAL_I2C_Mem_Read
                0x0000000008006a9c      0x464 ./Drivers/STM32F4xx_HAL_Driver/Src/stm32f4xx_hal_i2c.o
                0x0000000008006a9c                HAL_I2C_Mem_Read
 .text.HAL_I2C_GetState
                0x0000000008006f00       0x1c ./Drivers/STM32F4xx_HAL_Driver/Src/stm32f4xx_hal_i2c.o
                0x0000000008006f00                HAL_I2C_GetState
 .text.HAL_I2C_GetError
                0x0000000008006f1c       0x18 ./Drivers/STM32F4xx_HAL_Driver/Src/stm32f4xx_hal_i2c.o
                0x0000000008006f1c                HAL_I2C_GetError
 .text.I2C_RequestMemoryWrite
                0x0000000008006f34      0x12c ./Drivers/STM32F4xx_HAL_Driver/Src/stm32f4xx_hal_i2c.o
 .text.I2C_RequestMemoryRead
                0x0000000008007060      0x1d0 ./Drivers/STM32F4xx_HAL_Driver/Src/stm32f4xx_hal_i2c.o
 .text.I2C_WaitOnFlagUntilTimeout
                0x0000000008007230       0xf4 ./Drivers/STM32F4xx_HAL_Driver/Src/stm32f4xx_hal_i2c.o
 .text.I2C_WaitOnMasterAddressFlagUntilTimeout
                0x0000000008007324      0x140 ./Drivers/STM32F4xx_HAL_Driver/Src/stm32f4xx_hal_i2c.o
 .text.I2C_WaitOnTXEFlagUntilTimeout
                0x0000000008007464       0x90 ./Drivers/STM32F4xx_HAL_Driver/Src/stm32f4xx_hal_i2c.o
 .text.I2C_WaitOnBTFFlagUntilTimeout
                0x00000000080074f4       0x90 ./Drivers/STM32F4xx_HAL_Driver/Src/stm32f4xx_hal_i2c.o
 .text.I2C_WaitOnRXNEFlagUntilTimeout
                0x0000000008007584       0xba ./Drivers/STM32F4xx_HAL_Driver/Src/stm32f4xx_hal_i2c.o
 .text.I2C_IsAcknowledgeFailed
                0x000000000800763e       0x5e ./Drivers/STM32F4xx_HAL_Driver/Src/stm32f4xx_hal_i2c.o
 .text.HAL_RCC_OscConfig
                0x000000000800769c      0x4f0 ./Drivers/STM32F4xx_HAL_Driver/Src/stm32f4xx_hal_rcc.o
                0x000000000800769c                HAL_RCC_OscConfig
 .text.HAL_RCC_ClockConfig
                0x0000000008007b8c      0x1cc ./Drivers/STM32F4xx_HAL_Driver/Src/stm32f4xx_hal_rcc.o
                0x0000000008007b8c                HAL_RCC_ClockConfig
 .text.HAL_RCC_GetSysClockFreq
                0x0000000008007d58      0x20c ./Drivers/STM32F4xx_HAL_Driver/Src/stm32f4xx_hal_rcc.o
                0x0000000008007d58                HAL_RCC_GetSysClockFreq
 .text.HAL_RCC_GetHCLKFreq
                0x0000000008007f64       0x18 ./Drivers/STM32F4xx_HAL_Driver/Src/stm32f4xx_hal_rcc.o
                0x0000000008007f64                HAL_RCC_GetHCLKFreq
 .text.HAL_RCC_GetPCLK1Freq
                0x0000000008007f7c       0x28 ./Drivers/STM32F4xx_HAL_Driver/Src/stm32f4xx_hal_rcc.o
                0x0000000008007f7c                HAL_RCC_GetPCLK1Freq
 .text.HAL_RCC_GetPCLK2Freq
                0x0000000008007fa4       0x28 ./Drivers/STM32F4xx_HAL_Driver/Src/stm32f4xx_hal_rcc.o
                0x0000000008007fa4                HAL_RCC_GetPCLK2Freq
 .text.HAL_TIM_Base_Init
                0x0000000008007fcc       0x9e ./Drivers/STM32F4xx_HAL_Driver/Src/stm32f4xx_hal_tim.o
                0x0000000008007fcc                HAL_TIM_Base_Init
 *fill*         0x000000000800806a        0x2 
 .text.HAL_TIM_Base_Start_IT
                0x000000000800806c       0xc4 ./Drivers/STM32F4xx_HAL_Driver/Src/stm32f4xx_hal_tim.o
                0x000000000800806c                HAL_TIM_Base_Start_IT
 .text.HAL_TIM_IRQHandler
                0x0000000008008130      0x1e0 ./Drivers/STM32F4xx_HAL_Driver/Src/stm32f4xx_hal_tim.o
                0x0000000008008130                HAL_TIM_IRQHandler
 .text.HAL_TIM_ConfigClockSource
                0x0000000008008310      0x18e ./Drivers/STM32F4xx_HAL_Driver/Src/stm32f4xx_hal_tim.o
                0x0000000008008310                HAL_TIM_ConfigClockSource
 .text.HAL_TIM_OC_DelayElapsedCallback
                0x000000000800849e       0x14 ./Drivers/STM32F4xx_HAL_Driver/Src/stm32f4xx_hal_tim.o
                0x000000000800849e                HAL_TIM_OC_DelayElapsedCallback
 .text.HAL_TIM_IC_CaptureCallback
                0x00000000080084b2       0x14 ./Drivers/STM32F4xx_HAL_Driver/Src/stm32f4xx_hal_tim.o
                0x00000000080084b2                HAL_TIM_IC_CaptureCallback
 .text.HAL_TIM_PWM_PulseFinishedCallback
                0x00000000080084c6       0x14 ./Drivers/STM32F4xx_HAL_Driver/Src/stm32f4xx_hal_tim.o
                0x00000000080084c6                HAL_TIM_PWM_PulseFinishedCallback
 .text.HAL_TIM_TriggerCallback
                0x00000000080084da       0x14 ./Drivers/STM32F4xx_HAL_Driver/Src/stm32f4xx_hal_tim.o
                0x00000000080084da                HAL_TIM_TriggerCallback
 *fill*         0x00000000080084ee        0x2 
 .text.TIM_Base_SetConfig
                0x00000000080084f0      0x118 ./Drivers/STM32F4xx_HAL_Driver/Src/stm32f4xx_hal_tim.o
                0x00000000080084f0                TIM_Base_SetConfig
 .text.TIM_TI1_ConfigInputStage
                0x0000000008008608       0x5e ./Drivers/STM32F4xx_HAL_Driver/Src/stm32f4xx_hal_tim.o
 .text.TIM_TI2_ConfigInputStage
                0x0000000008008666       0x60 ./Drivers/STM32F4xx_HAL_Driver/Src/stm32f4xx_hal_tim.o
 .text.TIM_ITRx_SetConfig
                0x00000000080086c6       0x36 ./Drivers/STM32F4xx_HAL_Driver/Src/stm32f4xx_hal_tim.o
 .text.TIM_ETR_SetConfig
                0x00000000080086fc       0x40 ./Drivers/STM32F4xx_HAL_Driver/Src/stm32f4xx_hal_tim.o
                0x00000000080086fc                TIM_ETR_SetConfig
 .text.HAL_TIMEx_MasterConfigSynchronization
                0x000000000800873c       0xdc ./Drivers/STM32F4xx_HAL_Driver/Src/stm32f4xx_hal_tim_ex.o
                0x000000000800873c                HAL_TIMEx_MasterConfigSynchronization
 .text.HAL_TIMEx_CommutCallback
                0x0000000008008818       0x14 ./Drivers/STM32F4xx_HAL_Driver/Src/stm32f4xx_hal_tim_ex.o
                0x0000000008008818                HAL_TIMEx_CommutCallback
 .text.HAL_TIMEx_BreakCallback
                0x000000000800882c       0x14 ./Drivers/STM32F4xx_HAL_Driver/Src/stm32f4xx_hal_tim_ex.o
                0x000000000800882c                HAL_TIMEx_BreakCallback
 .text.HAL_UART_Init
                0x0000000008008840       0xa0 ./Drivers/STM32F4xx_HAL_Driver/Src/stm32f4xx_hal_uart.o
                0x0000000008008840                HAL_UART_Init
 .text.HAL_UART_Transmit_IT
                0x00000000080088e0       0x6c ./Drivers/STM32F4xx_HAL_Driver/Src/stm32f4xx_hal_uart.o
                0x00000000080088e0                HAL_UART_Transmit_IT
 .text.HAL_UART_IRQHandler
                0x000000000800894c      0x524 ./Drivers/STM32F4xx_HAL_Driver/Src/stm32f4xx_hal_uart.o
                0x000000000800894c                HAL_UART_IRQHandler
 .text.HAL_UART_TxCpltCallback
                0x0000000008008e70       0x14 ./Drivers/STM32F4xx_HAL_Driver/Src/stm32f4xx_hal_uart.o
                0x0000000008008e70                HAL_UART_TxCpltCallback
 .text.HAL_UART_RxCpltCallback
                0x0000000008008e84       0x14 ./Drivers/STM32F4xx_HAL_Driver/Src/stm32f4xx_hal_uart.o
                0x0000000008008e84                HAL_UART_RxCpltCallback
 .text.HAL_UART_ErrorCallback
                0x0000000008008e98       0x14 ./Drivers/STM32F4xx_HAL_Driver/Src/stm32f4xx_hal_uart.o
                0x0000000008008e98                HAL_UART_ErrorCallback
 .text.HAL_UARTEx_RxEventCallback
                0x0000000008008eac       0x18 ./Drivers/STM32F4xx_HAL_Driver/Src/stm32f4xx_hal_uart.o
                0x0000000008008eac                HAL_UARTEx_RxEventCallback
 .text.UART_EndRxTransfer
                0x0000000008008ec4       0xc6 ./Drivers/STM32F4xx_HAL_Driver/Src/stm32f4xx_hal_uart.o
 .text.UART_DMAAbortOnError
                0x0000000008008f8a       0x28 ./Drivers/STM32F4xx_HAL_Driver/Src/stm32f4xx_hal_uart.o
 .text.UART_Transmit_IT
                0x0000000008008fb2       0xa0 ./Drivers/STM32F4xx_HAL_Driver/Src/stm32f4xx_hal_uart.o
 .text.UART_EndTransmit_IT
                0x0000000008009052       0x30 ./Drivers/STM32F4xx_HAL_Driver/Src/stm32f4xx_hal_uart.o
 .text.UART_Receive_IT
                0x0000000008009082      0x17c ./Drivers/STM32F4xx_HAL_Driver/Src/stm32f4xx_hal_uart.o
 *fill*         0x00000000080091fe        0x2 
 .text.UART_SetConfig
                0x0000000008009200      0x4e8 ./Drivers/STM32F4xx_HAL_Driver/Src/stm32f4xx_hal_uart.o
 .text.sprintf  0x00000000080096e8       0x40 C:/ST/STM32CubeIDE_1.7.0/STM32CubeIDE/plugins/com.st.stm32cube.ide.mcu.externaltools.gnu-tools-for-stm32.11.3.rel1.win32_1.1.100.202309141235/tools/bin/../lib/gcc/arm-none-eabi/11.3.1/../../../../arm-none-eabi/lib/thumb/v7e-m+fp/hard\libc_nano.a(libc_a-sprintf.o)
                0x00000000080096e8                siprintf
                0x00000000080096e8                sprintf
 .text.memset   0x0000000008009728       0x10 C:/ST/STM32CubeIDE_1.7.0/STM32CubeIDE/plugins/com.st.stm32cube.ide.mcu.externaltools.gnu-tools-for-stm32.11.3.rel1.win32_1.1.100.202309141235/tools/bin/../lib/gcc/arm-none-eabi/11.3.1/../../../../arm-none-eabi/lib/thumb/v7e-m+fp/hard\libc_nano.a(libc_a-memset.o)
                0x0000000008009728                memset
 .text.__errno  0x0000000008009738        0xc C:/ST/STM32CubeIDE_1.7.0/STM32CubeIDE/plugins/com.st.stm32cube.ide.mcu.externaltools.gnu-tools-for-stm32.11.3.rel1.win32_1.1.100.202309141235/tools/bin/../lib/gcc/arm-none-eabi/11.3.1/../../../../arm-none-eabi/lib/thumb/v7e-m+fp/hard\libc_nano.a(libc_a-errno.o)
                0x0000000008009738                __errno
 .text.__libc_init_array
                0x0000000008009744       0x48 C:/ST/STM32CubeIDE_1.7.0/STM32CubeIDE/plugins/com.st.stm32cube.ide.mcu.externaltools.gnu-tools-for-stm32.11.3.rel1.win32_1.1.100.202309141235/tools/bin/../lib/gcc/arm-none-eabi/11.3.1/../../../../arm-none-eabi/lib/thumb/v7e-m+fp/hard\libc_nano.a(libc_a-init.o)
                0x0000000008009744                __libc_init_array
 .text.__retarget_lock_acquire_recursive
                0x000000000800978c        0x2 C:/ST/STM32CubeIDE_1.7.0/STM32CubeIDE/plugins/com.st.stm32cube.ide.mcu.externaltools.gnu-tools-for-stm32.11.3.rel1.win32_1.1.100.202309141235/tools/bin/../lib/gcc/arm-none-eabi/11.3.1/../../../../arm-none-eabi/lib/thumb/v7e-m+fp/hard\libc_nano.a(libc_a-lock.o)
                0x000000000800978c                __retarget_lock_acquire_recursive
 .text.__retarget_lock_release_recursive
                0x000000000800978e        0x2 C:/ST/STM32CubeIDE_1.7.0/STM32CubeIDE/plugins/com.st.stm32cube.ide.mcu.externaltools.gnu-tools-for-stm32.11.3.rel1.win32_1.1.100.202309141235/tools/bin/../lib/gcc/arm-none-eabi/11.3.1/../../../../arm-none-eabi/lib/thumb/v7e-m+fp/hard\libc_nano.a(libc_a-lock.o)
                0x000000000800978e                __retarget_lock_release_recursive
 .text._free_r  0x0000000008009790       0x98 C:/ST/STM32CubeIDE_1.7.0/STM32CubeIDE/plugins/com.st.stm32cube.ide.mcu.externaltools.gnu-tools-for-stm32.11.3.rel1.win32_1.1.100.202309141235/tools/bin/../lib/gcc/arm-none-eabi/11.3.1/../../../../arm-none-eabi/lib/thumb/v7e-m+fp/hard\libc_nano.a(libc_a-freer.o)
                0x0000000008009790                _free_r
 .text.sbrk_aligned
                0x0000000008009828       0x40 C:/ST/STM32CubeIDE_1.7.0/STM32CubeIDE/plugins/com.st.stm32cube.ide.mcu.externaltools.gnu-tools-for-stm32.11.3.rel1.win32_1.1.100.202309141235/tools/bin/../lib/gcc/arm-none-eabi/11.3.1/../../../../arm-none-eabi/lib/thumb/v7e-m+fp/hard\libc_nano.a(libc_a-mallocr.o)
 .text._malloc_r
                0x0000000008009868      0x100 C:/ST/STM32CubeIDE_1.7.0/STM32CubeIDE/plugins/com.st.stm32cube.ide.mcu.externaltools.gnu-tools-for-stm32.11.3.rel1.win32_1.1.100.202309141235/tools/bin/../lib/gcc/arm-none-eabi/11.3.1/../../../../arm-none-eabi/lib/thumb/v7e-m+fp/hard\libc_nano.a(libc_a-mallocr.o)
                0x0000000008009868                _malloc_r
 .text.__malloc_lock
                0x0000000008009968        0xc C:/ST/STM32CubeIDE_1.7.0/STM32CubeIDE/plugins/com.st.stm32cube.ide.mcu.externaltools.gnu-tools-for-stm32.11.3.rel1.win32_1.1.100.202309141235/tools/bin/../lib/gcc/arm-none-eabi/11.3.1/../../../../arm-none-eabi/lib/thumb/v7e-m+fp/hard\libc_nano.a(libc_a-mlock.o)
                0x0000000008009968                __malloc_lock
 .text.__malloc_unlock
                0x0000000008009974        0xc C:/ST/STM32CubeIDE_1.7.0/STM32CubeIDE/plugins/com.st.stm32cube.ide.mcu.externaltools.gnu-tools-for-stm32.11.3.rel1.win32_1.1.100.202309141235/tools/bin/../lib/gcc/arm-none-eabi/11.3.1/../../../../arm-none-eabi/lib/thumb/v7e-m+fp/hard\libc_nano.a(libc_a-mlock.o)
                0x0000000008009974                __malloc_unlock
 .text.__ssputs_r
                0x0000000008009980       0xb4 C:/ST/STM32CubeIDE_1.7.0/STM32CubeIDE/plugins/com.st.stm32cube.ide.mcu.externaltools.gnu-tools-for-stm32.11.3.rel1.win32_1.1.100.202309141235/tools/bin/../lib/gcc/arm-none-eabi/11.3.1/../../../../arm-none-eabi/lib/thumb/v7e-m+fp/hard\libc_nano.a(libc_a-nano-svfprintf.o)
                0x0000000008009980                __ssputs_r
 .text._svfprintf_r
                0x0000000008009a34      0x1fc C:/ST/STM32CubeIDE_1.7.0/STM32CubeIDE/plugins/com.st.stm32cube.ide.mcu.externaltools.gnu-tools-for-stm32.11.3.rel1.win32_1.1.100.202309141235/tools/bin/../lib/gcc/arm-none-eabi/11.3.1/../../../../arm-none-eabi/lib/thumb/v7e-m+fp/hard\libc_nano.a(libc_a-nano-svfprintf.o)
                0x0000000008009a34                _svfiprintf_r
                0x0000000008009a34                _svfprintf_r
 .text._printf_common
                0x0000000008009c30       0xda C:/ST/STM32CubeIDE_1.7.0/STM32CubeIDE/plugins/com.st.stm32cube.ide.mcu.externaltools.gnu-tools-for-stm32.11.3.rel1.win32_1.1.100.202309141235/tools/bin/../lib/gcc/arm-none-eabi/11.3.1/../../../../arm-none-eabi/lib/thumb/v7e-m+fp/hard\libc_nano.a(libc_a-nano-vfprintf_i.o)
                0x0000000008009c30                _printf_common
 *fill*         0x0000000008009d0a        0x2 
 .text._printf_i
                0x0000000008009d0c      0x244 C:/ST/STM32CubeIDE_1.7.0/STM32CubeIDE/plugins/com.st.stm32cube.ide.mcu.externaltools.gnu-tools-for-stm32.11.3.rel1.win32_1.1.100.202309141235/tools/bin/../lib/gcc/arm-none-eabi/11.3.1/../../../../arm-none-eabi/lib/thumb/v7e-m+fp/hard\libc_nano.a(libc_a-nano-vfprintf_i.o)
                0x0000000008009d0c                _printf_i
 .text.memmove  0x0000000008009f50       0x34 C:/ST/STM32CubeIDE_1.7.0/STM32CubeIDE/plugins/com.st.stm32cube.ide.mcu.externaltools.gnu-tools-for-stm32.11.3.rel1.win32_1.1.100.202309141235/tools/bin/../lib/gcc/arm-none-eabi/11.3.1/../../../../arm-none-eabi/lib/thumb/v7e-m+fp/hard\libc_nano.a(libc_a-memmove.o)
                0x0000000008009f50                memmove
 .text._sbrk_r  0x0000000008009f84       0x20 C:/ST/STM32CubeIDE_1.7.0/STM32CubeIDE/plugins/com.st.stm32cube.ide.mcu.externaltools.gnu-tools-for-stm32.11.3.rel1.win32_1.1.100.202309141235/tools/bin/../lib/gcc/arm-none-eabi/11.3.1/../../../../arm-none-eabi/lib/thumb/v7e-m+fp/hard\libc_nano.a(libc_a-sbrkr.o)
                0x0000000008009f84                _sbrk_r
 .text.memcpy   0x0000000008009fa4       0x1c C:/ST/STM32CubeIDE_1.7.0/STM32CubeIDE/plugins/com.st.stm32cube.ide.mcu.externaltools.gnu-tools-for-stm32.11.3.rel1.win32_1.1.100.202309141235/tools/bin/../lib/gcc/arm-none-eabi/11.3.1/../../../../arm-none-eabi/lib/thumb/v7e-m+fp/hard\libc_nano.a(libc_a-memcpy-stub.o)
                0x0000000008009fa4                memcpy
 .text._realloc_r
                0x0000000008009fc0       0x5e C:/ST/STM32CubeIDE_1.7.0/STM32CubeIDE/plugins/com.st.stm32cube.ide.mcu.externaltools.gnu-tools-for-stm32.11.3.rel1.win32_1.1.100.202309141235/tools/bin/../lib/gcc/arm-none-eabi/11.3.1/../../../../arm-none-eabi/lib/thumb/v7e-m+fp/hard\libc_nano.a(libc_a-reallocr.o)
                0x0000000008009fc0                _realloc_r
 .text._malloc_usable_size_r
                0x000000000800a01e       0x10 C:/ST/STM32CubeIDE_1.7.0/STM32CubeIDE/plugins/com.st.stm32cube.ide.mcu.externaltools.gnu-tools-for-stm32.11.3.rel1.win32_1.1.100.202309141235/tools/bin/../lib/gcc/arm-none-eabi/11.3.1/../../../../arm-none-eabi/lib/thumb/v7e-m+fp/hard\libc_nano.a(libc_a-msizer.o)
                0x000000000800a01e                _malloc_usable_size_r
 *(.glue_7)
 .glue_7        0x000000000800a02e        0x0 linker stubs
 *(.glue_7t)
 .glue_7t       0x000000000800a02e        0x0 linker stubs
 *(.eh_frame)
 *fill*         0x000000000800a02e        0x2 
 .eh_frame      0x000000000800a030        0x0 C:/ST/STM32CubeIDE_1.7.0/STM32CubeIDE/plugins/com.st.stm32cube.ide.mcu.externaltools.gnu-tools-for-stm32.11.3.rel1.win32_1.1.100.202309141235/tools/bin/../lib/gcc/arm-none-eabi/11.3.1/thumb/v7e-m+fp/hard/crtbegin.o
 *(.init)
 .init          0x000000000800a030        0x4 C:/ST/STM32CubeIDE_1.7.0/STM32CubeIDE/plugins/com.st.stm32cube.ide.mcu.externaltools.gnu-tools-for-stm32.11.3.rel1.win32_1.1.100.202309141235/tools/bin/../lib/gcc/arm-none-eabi/11.3.1/thumb/v7e-m+fp/hard/crti.o
                0x000000000800a030                _init
 .init          0x000000000800a034        0x8 C:/ST/STM32CubeIDE_1.7.0/STM32CubeIDE/plugins/com.st.stm32cube.ide.mcu.externaltools.gnu-tools-for-stm32.11.3.rel1.win32_1.1.100.202309141235/tools/bin/../lib/gcc/arm-none-eabi/11.3.1/thumb/v7e-m+fp/hard/crtn.o
 *(.fini)
 .fini          0x000000000800a03c        0x4 C:/ST/STM32CubeIDE_1.7.0/STM32CubeIDE/plugins/com.st.stm32cube.ide.mcu.externaltools.gnu-tools-for-stm32.11.3.rel1.win32_1.1.100.202309141235/tools/bin/../lib/gcc/arm-none-eabi/11.3.1/thumb/v7e-m+fp/hard/crti.o
                0x000000000800a03c                _fini
 .fini          0x000000000800a040        0x8 C:/ST/STM32CubeIDE_1.7.0/STM32CubeIDE/plugins/com.st.stm32cube.ide.mcu.externaltools.gnu-tools-for-stm32.11.3.rel1.win32_1.1.100.202309141235/tools/bin/../lib/gcc/arm-none-eabi/11.3.1/thumb/v7e-m+fp/hard/crtn.o
                0x000000000800a048                . = ALIGN (0x4)
                0x000000000800a048                _etext = .

.vfp11_veneer   0x000000000800a048        0x0
 .vfp11_veneer  0x000000000800a048        0x0 linker stubs

.v4_bx          0x000000000800a048        0x0
 .v4_bx         0x000000000800a048        0x0 linker stubs

.iplt           0x000000000800a048        0x0
 .iplt          0x000000000800a048        0x0 C:/ST/STM32CubeIDE_1.7.0/STM32CubeIDE/plugins/com.st.stm32cube.ide.mcu.externaltools.gnu-tools-for-stm32.11.3.rel1.win32_1.1.100.202309141235/tools/bin/../lib/gcc/arm-none-eabi/11.3.1/thumb/v7e-m+fp/hard/crtbegin.o

.rodata         0x000000000800a048       0x88
                0x000000000800a048                . = ALIGN (0x4)
 *(.rodata)
 .rodata        0x000000000800a048       0x3a ./Core/Src/main.o
 *(.rodata*)
 *fill*         0x000000000800a082        0x2 
 .rodata.AHBPrescTable
                0x000000000800a084       0x10 ./Core/Src/system_stm32f4xx.o
                0x000000000800a084                AHBPrescTable
 .rodata.APBPrescTable
                0x000000000800a094        0x8 ./Core/Src/system_stm32f4xx.o
                0x000000000800a094                APBPrescTable
 .rodata._svfprintf_r.str1.1
                0x000000000800a09c       0x11 C:/ST/STM32CubeIDE_1.7.0/STM32CubeIDE/plugins/com.st.stm32cube.ide.mcu.externaltools.gnu-tools-for-stm32.11.3.rel1.win32_1.1.100.202309141235/tools/bin/../lib/gcc/arm-none-eabi/11.3.1/../../../../arm-none-eabi/lib/thumb/v7e-m+fp/hard\libc_nano.a(libc_a-nano-svfprintf.o)
 .rodata._printf_i.str1.1
                0x000000000800a0ad       0x22 C:/ST/STM32CubeIDE_1.7.0/STM32CubeIDE/plugins/com.st.stm32cube.ide.mcu.externaltools.gnu-tools-for-stm32.11.3.rel1.win32_1.1.100.202309141235/tools/bin/../lib/gcc/arm-none-eabi/11.3.1/../../../../arm-none-eabi/lib/thumb/v7e-m+fp/hard\libc_nano.a(libc_a-nano-vfprintf_i.o)
                0x000000000800a0d0                . = ALIGN (0x4)
 *fill*         0x000000000800a0cf        0x1 

.ARM.extab      0x000000000800a0d0        0x0
                0x000000000800a0d0                . = ALIGN (0x4)
 *(.ARM.extab* .gnu.linkonce.armextab.*)
                0x000000000800a0d0                . = ALIGN (0x4)

.ARM            0x000000000800a0d0        0x8
                0x000000000800a0d0                . = ALIGN (0x4)
                0x000000000800a0d0                __exidx_start = .
 *(.ARM.exidx*)
 .ARM.exidx     0x000000000800a0d0        0x8 C:/ST/STM32CubeIDE_1.7.0/STM32CubeIDE/plugins/com.st.stm32cube.ide.mcu.externaltools.gnu-tools-for-stm32.11.3.rel1.win32_1.1.100.202309141235/tools/bin/../lib/gcc/arm-none-eabi/11.3.1/thumb/v7e-m+fp/hard\libgcc.a(_udivmoddi4.o)
                0x000000000800a0d8                __exidx_end = .
                0x000000000800a0d8                . = ALIGN (0x4)

.rel.dyn        0x000000000800a0d8        0x0
 .rel.iplt      0x000000000800a0d8        0x0 C:/ST/STM32CubeIDE_1.7.0/STM32CubeIDE/plugins/com.st.stm32cube.ide.mcu.externaltools.gnu-tools-for-stm32.11.3.rel1.win32_1.1.100.202309141235/tools/bin/../lib/gcc/arm-none-eabi/11.3.1/thumb/v7e-m+fp/hard/crtbegin.o

.preinit_array  0x000000000800a0d8        0x0
                0x000000000800a0d8                . = ALIGN (0x4)
                0x000000000800a0d8                PROVIDE (__preinit_array_start = .)
 *(.preinit_array*)
                0x000000000800a0d8                PROVIDE (__preinit_array_end = .)
                0x000000000800a0d8                . = ALIGN (0x4)

.init_array     0x000000000800a0d8        0x4
                0x000000000800a0d8                . = ALIGN (0x4)
                0x000000000800a0d8                PROVIDE (__init_array_start = .)
 *(SORT_BY_NAME(.init_array.*))
 *(.init_array*)
 .init_array    0x000000000800a0d8        0x4 C:/ST/STM32CubeIDE_1.7.0/STM32CubeIDE/plugins/com.st.stm32cube.ide.mcu.externaltools.gnu-tools-for-stm32.11.3.rel1.win32_1.1.100.202309141235/tools/bin/../lib/gcc/arm-none-eabi/11.3.1/thumb/v7e-m+fp/hard/crtbegin.o
                0x000000000800a0dc                PROVIDE (__init_array_end = .)
                0x000000000800a0dc                . = ALIGN (0x4)

.fini_array     0x000000000800a0dc        0x4
                0x000000000800a0dc                . = ALIGN (0x4)
                [!provide]                        PROVIDE (__fini_array_start = .)
 *(SORT_BY_NAME(.fini_array.*))
 *(.fini_array*)
 .fini_array    0x000000000800a0dc        0x4 C:/ST/STM32CubeIDE_1.7.0/STM32CubeIDE/plugins/com.st.stm32cube.ide.mcu.externaltools.gnu-tools-for-stm32.11.3.rel1.win32_1.1.100.202309141235/tools/bin/../lib/gcc/arm-none-eabi/11.3.1/thumb/v7e-m+fp/hard/crtbegin.o
                [!provide]                        PROVIDE (__fini_array_end = .)
                0x000000000800a0e0                . = ALIGN (0x4)
                0x000000000800a0e0                _sidata = LOADADDR (.data)

.data           0x0000000020000000      0x130 load address 0x000000000800a0e0
                0x0000000020000000                . = ALIGN (0x4)
                0x0000000020000000                _sdata = .
 *(.data)
 *(.data*)
 .data.SystemCoreClock
                0x0000000020000000        0x4 ./Core/Src/system_stm32f4xx.o
                0x0000000020000000                SystemCoreClock
 .data.LIS2DW12_COMMON_Driver
                0x0000000020000004       0x10 ./Drivers/BSP/Components/lis2dw12/lis2dw12.o
                0x0000000020000004                LIS2DW12_COMMON_Driver
 .data.LIS2DW12_ACC_Driver
                0x0000000020000014       0x24 ./Drivers/BSP/Components/lis2dw12/lis2dw12.o
                0x0000000020000014                LIS2DW12_ACC_Driver
 .data.LIS2MDL_COMMON_Driver
                0x0000000020000038       0x10 ./Drivers/BSP/Components/lis2mdl/lis2mdl.o
                0x0000000020000038                LIS2MDL_COMMON_Driver
 .data.LIS2MDL_MAG_Driver
                0x0000000020000048       0x24 ./Drivers/BSP/Components/lis2mdl/lis2mdl.o
                0x0000000020000048                LIS2MDL_MAG_Driver
 .data.LSM6DSO_COMMON_Driver
                0x000000002000006c       0x10 ./Drivers/BSP/Components/lsm6dso/lsm6dso.o
                0x000000002000006c                LSM6DSO_COMMON_Driver
 .data.LSM6DSO_ACC_Driver
                0x000000002000007c       0x24 ./Drivers/BSP/Components/lsm6dso/lsm6dso.o
                0x000000002000007c                LSM6DSO_ACC_Driver
 .data.LSM6DSO_GYRO_Driver
                0x00000000200000a0       0x24 ./Drivers/BSP/Components/lsm6dso/lsm6dso.o
                0x00000000200000a0                LSM6DSO_GYRO_Driver
 .data.FunctionIndex
                0x00000000200000c4       0x14 ./Drivers/BSP/IKS01A3/iks01a3_motion_sensors.o
 .data.uwTickPrio
                0x00000000200000d8        0x4 ./Drivers/STM32F4xx_HAL_Driver/Src/stm32f4xx_hal.o
                0x00000000200000d8                uwTickPrio
 .data.uwTickFreq
                0x00000000200000dc        0x1 ./Drivers/STM32F4xx_HAL_Driver/Src/stm32f4xx_hal.o
                0x00000000200000dc                uwTickFreq
 *fill*         0x00000000200000dd        0x3 
 .data._impure_data
                0x00000000200000e0       0x4c C:/ST/STM32CubeIDE_1.7.0/STM32CubeIDE/plugins/com.st.stm32cube.ide.mcu.externaltools.gnu-tools-for-stm32.11.3.rel1.win32_1.1.100.202309141235/tools/bin/../lib/gcc/arm-none-eabi/11.3.1/../../../../arm-none-eabi/lib/thumb/v7e-m+fp/hard\libc_nano.a(libc_a-impure.o)
                0x00000000200000e0                _impure_data
 .data._impure_ptr
                0x000000002000012c        0x4 C:/ST/STM32CubeIDE_1.7.0/STM32CubeIDE/plugins/com.st.stm32cube.ide.mcu.externaltools.gnu-tools-for-stm32.11.3.rel1.win32_1.1.100.202309141235/tools/bin/../lib/gcc/arm-none-eabi/11.3.1/../../../../arm-none-eabi/lib/thumb/v7e-m+fp/hard\libc_nano.a(libc_a-impure.o)
                0x000000002000012c                _impure_ptr
 *(.RamFunc)
 *(.RamFunc*)
                0x0000000020000130                . = ALIGN (0x4)
                0x0000000020000130                _edata = .

.igot.plt       0x0000000020000130        0x0 load address 0x000000000800a210
 .igot.plt      0x0000000020000130        0x0 C:/ST/STM32CubeIDE_1.7.0/STM32CubeIDE/plugins/com.st.stm32cube.ide.mcu.externaltools.gnu-tools-for-stm32.11.3.rel1.win32_1.1.100.202309141235/tools/bin/../lib/gcc/arm-none-eabi/11.3.1/thumb/v7e-m+fp/hard/crtbegin.o
                0x0000000020000130                . = ALIGN (0x4)

.bss            0x0000000020000130      0x348 load address 0x000000000800a210
                0x0000000020000130                _sbss = .
                0x0000000020000130                __bss_start__ = _sbss
 *(.bss)
 .bss           0x0000000020000130       0x1c C:/ST/STM32CubeIDE_1.7.0/STM32CubeIDE/plugins/com.st.stm32cube.ide.mcu.externaltools.gnu-tools-for-stm32.11.3.rel1.win32_1.1.100.202309141235/tools/bin/../lib/gcc/arm-none-eabi/11.3.1/thumb/v7e-m+fp/hard/crtbegin.o
 *(.bss*)
 .bss.htim3     0x000000002000014c       0x48 ./Core/Src/main.o
                0x000000002000014c                htim3
 .bss.huart2    0x0000000020000194       0x48 ./Core/Src/main.o
                0x0000000020000194                huart2
 .bss.tim2Flag  0x00000000200001dc        0x4 ./Core/Src/main.o
                0x00000000200001dc                tim2Flag
 .bss.hi2c1     0x00000000200001e0       0x54 ./Core/Src/stm32f4xx_nucleo_bus.o
                0x00000000200001e0                hi2c1
 .bss.I2C1InitCounter
                0x0000000020000234        0x4 ./Core/Src/stm32f4xx_nucleo_bus.o
 .bss.__sbrk_heap_end
                0x0000000020000238        0x4 ./Core/Src/sysmem.o
 .bss.MotionCompObj
                0x000000002000023c        0xc ./Drivers/BSP/IKS01A3/iks01a3_motion_sensors.o
                0x000000002000023c                MotionCompObj
 .bss.MotionFuncDrv
                0x0000000020000248       0x24 ./Drivers/BSP/IKS01A3/iks01a3_motion_sensors.o
 .bss.MotionDrv
                0x000000002000026c        0xc ./Drivers/BSP/IKS01A3/iks01a3_motion_sensors.o
 .bss.MotionCtx
                0x0000000020000278        0xc ./Drivers/BSP/IKS01A3/iks01a3_motion_sensors.o
 .bss.lsm6dso_obj_0.2
                0x0000000020000284       0x38 ./Drivers/BSP/IKS01A3/iks01a3_motion_sensors.o
 .bss.lis2dw12_obj_0.1
                0x00000000200002bc       0x3c ./Drivers/BSP/IKS01A3/iks01a3_motion_sensors.o
 .bss.lis2mdl_obj_0.0
                0x00000000200002f8       0x34 ./Drivers/BSP/IKS01A3/iks01a3_motion_sensors.o
 .bss.uwTick    0x000000002000032c        0x4 ./Drivers/STM32F4xx_HAL_Driver/Src/stm32f4xx_hal.o
                0x000000002000032c                uwTick
 .bss.__sf      0x0000000020000330      0x138 C:/ST/STM32CubeIDE_1.7.0/STM32CubeIDE/plugins/com.st.stm32cube.ide.mcu.externaltools.gnu-tools-for-stm32.11.3.rel1.win32_1.1.100.202309141235/tools/bin/../lib/gcc/arm-none-eabi/11.3.1/../../../../arm-none-eabi/lib/thumb/v7e-m+fp/hard\libc_nano.a(libc_a-findfp.o)
                0x0000000020000330                __sf
 .bss.errno     0x0000000020000468        0x4 C:/ST/STM32CubeIDE_1.7.0/STM32CubeIDE/plugins/com.st.stm32cube.ide.mcu.externaltools.gnu-tools-for-stm32.11.3.rel1.win32_1.1.100.202309141235/tools/bin/../lib/gcc/arm-none-eabi/11.3.1/../../../../arm-none-eabi/lib/thumb/v7e-m+fp/hard\libc_nano.a(libc_a-reent.o)
                0x0000000020000468                errno
 .bss.__lock___malloc_recursive_mutex
                0x000000002000046c        0x1 C:/ST/STM32CubeIDE_1.7.0/STM32CubeIDE/plugins/com.st.stm32cube.ide.mcu.externaltools.gnu-tools-for-stm32.11.3.rel1.win32_1.1.100.202309141235/tools/bin/../lib/gcc/arm-none-eabi/11.3.1/../../../../arm-none-eabi/lib/thumb/v7e-m+fp/hard\libc_nano.a(libc_a-lock.o)
                0x000000002000046c                __lock___malloc_recursive_mutex
 *fill*         0x000000002000046d        0x3 
 .bss.__malloc_free_list
                0x0000000020000470        0x4 C:/ST/STM32CubeIDE_1.7.0/STM32CubeIDE/plugins/com.st.stm32cube.ide.mcu.externaltools.gnu-tools-for-stm32.11.3.rel1.win32_1.1.100.202309141235/tools/bin/../lib/gcc/arm-none-eabi/11.3.1/../../../../arm-none-eabi/lib/thumb/v7e-m+fp/hard\libc_nano.a(libc_a-mallocr.o)
                0x0000000020000470                __malloc_free_list
 .bss.__malloc_sbrk_start
                0x0000000020000474        0x4 C:/ST/STM32CubeIDE_1.7.0/STM32CubeIDE/plugins/com.st.stm32cube.ide.mcu.externaltools.gnu-tools-for-stm32.11.3.rel1.win32_1.1.100.202309141235/tools/bin/../lib/gcc/arm-none-eabi/11.3.1/../../../../arm-none-eabi/lib/thumb/v7e-m+fp/hard\libc_nano.a(libc_a-mallocr.o)
                0x0000000020000474                __malloc_sbrk_start
 *(COMMON)
                0x0000000020000478                . = ALIGN (0x4)
                0x0000000020000478                _ebss = .
                0x0000000020000478                __bss_end__ = _ebss

._user_heap_stack
                0x0000000020000478      0x600 load address 0x000000000800a210
                0x0000000020000478                . = ALIGN (0x8)
                [!provide]                        PROVIDE (end = .)
                0x0000000020000478                PROVIDE (_end = .)
                0x0000000020000678                . = (. + _Min_Heap_Size)
 *fill*         0x0000000020000478      0x200 
                0x0000000020000a78                . = (. + _Min_Stack_Size)
 *fill*         0x0000000020000678      0x400 
                0x0000000020000a78                . = ALIGN (0x8)

/DISCARD/
 libc.a(*)
 libm.a(*)
 libgcc.a(*)

.ARM.attributes
                0x0000000000000000       0x30
 *(.ARM.attributes)
 .ARM.attributes
                0x0000000000000000       0x1e C:/ST/STM32CubeIDE_1.7.0/STM32CubeIDE/plugins/com.st.stm32cube.ide.mcu.externaltools.gnu-tools-for-stm32.11.3.rel1.win32_1.1.100.202309141235/tools/bin/../lib/gcc/arm-none-eabi/11.3.1/thumb/v7e-m+fp/hard/crti.o
 .ARM.attributes
                0x000000000000001e       0x34 C:/ST/STM32CubeIDE_1.7.0/STM32CubeIDE/plugins/com.st.stm32cube.ide.mcu.externaltools.gnu-tools-for-stm32.11.3.rel1.win32_1.1.100.202309141235/tools/bin/../lib/gcc/arm-none-eabi/11.3.1/thumb/v7e-m+fp/hard/crtbegin.o
 .ARM.attributes
                0x0000000000000052       0x34 ./Core/Src/main.o
 .ARM.attributes
                0x0000000000000086       0x34 ./Core/Src/stm32f4xx_hal_msp.o
 .ARM.attributes
                0x00000000000000ba       0x34 ./Core/Src/stm32f4xx_it.o
 .ARM.attributes
                0x00000000000000ee       0x34 ./Core/Src/stm32f4xx_nucleo_bus.o
 .ARM.attributes
                0x0000000000000122       0x34 ./Core/Src/sysmem.o
 .ARM.attributes
                0x0000000000000156       0x34 ./Core/Src/system_stm32f4xx.o
 .ARM.attributes
                0x000000000000018a       0x21 ./Core/Startup/startup_stm32f401retx.o
 .ARM.attributes
                0x00000000000001ab       0x34 ./Drivers/BSP/Components/lis2dw12/lis2dw12.o
 .ARM.attributes
                0x00000000000001df       0x34 ./Drivers/BSP/Components/lis2dw12/lis2dw12_reg.o
 .ARM.attributes
                0x0000000000000213       0x34 ./Drivers/BSP/Components/lis2mdl/lis2mdl.o
 .ARM.attributes
                0x0000000000000247       0x34 ./Drivers/BSP/Components/lis2mdl/lis2mdl_reg.o
 .ARM.attributes
                0x000000000000027b       0x34 ./Drivers/BSP/Components/lsm6dso/lsm6dso.o
 .ARM.attributes
                0x00000000000002af       0x34 ./Drivers/BSP/Components/lsm6dso/lsm6dso_reg.o
 .ARM.attributes
                0x00000000000002e3       0x34 ./Drivers/BSP/IKS01A3/iks01a3_motion_sensors.o
 .ARM.attributes
                0x0000000000000317       0x34 ./Drivers/STM32F4xx_HAL_Driver/Src/stm32f4xx_hal.o
 .ARM.attributes
                0x000000000000034b       0x34 ./Drivers/STM32F4xx_HAL_Driver/Src/stm32f4xx_hal_cortex.o
 .ARM.attributes
                0x000000000000037f       0x34 ./Drivers/STM32F4xx_HAL_Driver/Src/stm32f4xx_hal_dma.o
 .ARM.attributes
                0x00000000000003b3       0x34 ./Drivers/STM32F4xx_HAL_Driver/Src/stm32f4xx_hal_gpio.o
 .ARM.attributes
                0x00000000000003e7       0x34 ./Drivers/STM32F4xx_HAL_Driver/Src/stm32f4xx_hal_i2c.o
 .ARM.attributes
                0x000000000000041b       0x34 ./Drivers/STM32F4xx_HAL_Driver/Src/stm32f4xx_hal_rcc.o
 .ARM.attributes
                0x000000000000044f       0x34 ./Drivers/STM32F4xx_HAL_Driver/Src/stm32f4xx_hal_tim.o
 .ARM.attributes
                0x0000000000000483       0x34 ./Drivers/STM32F4xx_HAL_Driver/Src/stm32f4xx_hal_tim_ex.o
 .ARM.attributes
                0x00000000000004b7       0x34 ./Drivers/STM32F4xx_HAL_Driver/Src/stm32f4xx_hal_uart.o
 .ARM.attributes
                0x00000000000004eb       0x34 C:/ST/STM32CubeIDE_1.7.0/STM32CubeIDE/plugins/com.st.stm32cube.ide.mcu.externaltools.gnu-tools-for-stm32.11.3.rel1.win32_1.1.100.202309141235/tools/bin/../lib/gcc/arm-none-eabi/11.3.1/../../../../arm-none-eabi/lib/thumb/v7e-m+fp/hard\libc_nano.a(libc_a-findfp.o)
 .ARM.attributes
                0x000000000000051f       0x34 C:/ST/STM32CubeIDE_1.7.0/STM32CubeIDE/plugins/com.st.stm32cube.ide.mcu.externaltools.gnu-tools-for-stm32.11.3.rel1.win32_1.1.100.202309141235/tools/bin/../lib/gcc/arm-none-eabi/11.3.1/../../../../arm-none-eabi/lib/thumb/v7e-m+fp/hard\libc_nano.a(libc_a-sprintf.o)
 .ARM.attributes
                0x0000000000000553       0x34 C:/ST/STM32CubeIDE_1.7.0/STM32CubeIDE/plugins/com.st.stm32cube.ide.mcu.externaltools.gnu-tools-for-stm32.11.3.rel1.win32_1.1.100.202309141235/tools/bin/../lib/gcc/arm-none-eabi/11.3.1/../../../../arm-none-eabi/lib/thumb/v7e-m+fp/hard\libc_nano.a(libc_a-memset.o)
 .ARM.attributes
                0x0000000000000587       0x34 C:/ST/STM32CubeIDE_1.7.0/STM32CubeIDE/plugins/com.st.stm32cube.ide.mcu.externaltools.gnu-tools-for-stm32.11.3.rel1.win32_1.1.100.202309141235/tools/bin/../lib/gcc/arm-none-eabi/11.3.1/../../../../arm-none-eabi/lib/thumb/v7e-m+fp/hard\libc_nano.a(libc_a-reent.o)
 .ARM.attributes
                0x00000000000005bb       0x34 C:/ST/STM32CubeIDE_1.7.0/STM32CubeIDE/plugins/com.st.stm32cube.ide.mcu.externaltools.gnu-tools-for-stm32.11.3.rel1.win32_1.1.100.202309141235/tools/bin/../lib/gcc/arm-none-eabi/11.3.1/../../../../arm-none-eabi/lib/thumb/v7e-m+fp/hard\libc_nano.a(libc_a-impure.o)
 .ARM.attributes
                0x00000000000005ef       0x34 C:/ST/STM32CubeIDE_1.7.0/STM32CubeIDE/plugins/com.st.stm32cube.ide.mcu.externaltools.gnu-tools-for-stm32.11.3.rel1.win32_1.1.100.202309141235/tools/bin/../lib/gcc/arm-none-eabi/11.3.1/../../../../arm-none-eabi/lib/thumb/v7e-m+fp/hard\libc_nano.a(libc_a-errno.o)
 .ARM.attributes
                0x0000000000000623       0x34 C:/ST/STM32CubeIDE_1.7.0/STM32CubeIDE/plugins/com.st.stm32cube.ide.mcu.externaltools.gnu-tools-for-stm32.11.3.rel1.win32_1.1.100.202309141235/tools/bin/../lib/gcc/arm-none-eabi/11.3.1/../../../../arm-none-eabi/lib/thumb/v7e-m+fp/hard\libc_nano.a(libc_a-init.o)
 .ARM.attributes
                0x0000000000000657       0x34 C:/ST/STM32CubeIDE_1.7.0/STM32CubeIDE/plugins/com.st.stm32cube.ide.mcu.externaltools.gnu-tools-for-stm32.11.3.rel1.win32_1.1.100.202309141235/tools/bin/../lib/gcc/arm-none-eabi/11.3.1/../../../../arm-none-eabi/lib/thumb/v7e-m+fp/hard\libc_nano.a(libc_a-lock.o)
 .ARM.attributes
                0x000000000000068b       0x17 C:/ST/STM32CubeIDE_1.7.0/STM32CubeIDE/plugins/com.st.stm32cube.ide.mcu.externaltools.gnu-tools-for-stm32.11.3.rel1.win32_1.1.100.202309141235/tools/bin/../lib/gcc/arm-none-eabi/11.3.1/../../../../arm-none-eabi/lib/thumb/v7e-m+fp/hard\libc_nano.a(libc_a-strlen.o)
 .ARM.attributes
                0x00000000000006a2       0x34 C:/ST/STM32CubeIDE_1.7.0/STM32CubeIDE/plugins/com.st.stm32cube.ide.mcu.externaltools.gnu-tools-for-stm32.11.3.rel1.win32_1.1.100.202309141235/tools/bin/../lib/gcc/arm-none-eabi/11.3.1/../../../../arm-none-eabi/lib/thumb/v7e-m+fp/hard\libc_nano.a(libc_a-freer.o)
 .ARM.attributes
                0x00000000000006d6       0x34 C:/ST/STM32CubeIDE_1.7.0/STM32CubeIDE/plugins/com.st.stm32cube.ide.mcu.externaltools.gnu-tools-for-stm32.11.3.rel1.win32_1.1.100.202309141235/tools/bin/../lib/gcc/arm-none-eabi/11.3.1/../../../../arm-none-eabi/lib/thumb/v7e-m+fp/hard\libc_nano.a(libc_a-mallocr.o)
 .ARM.attributes
                0x000000000000070a       0x34 C:/ST/STM32CubeIDE_1.7.0/STM32CubeIDE/plugins/com.st.stm32cube.ide.mcu.externaltools.gnu-tools-for-stm32.11.3.rel1.win32_1.1.100.202309141235/tools/bin/../lib/gcc/arm-none-eabi/11.3.1/../../../../arm-none-eabi/lib/thumb/v7e-m+fp/hard\libc_nano.a(libc_a-mlock.o)
 .ARM.attributes
                0x000000000000073e       0x34 C:/ST/STM32CubeIDE_1.7.0/STM32CubeIDE/plugins/com.st.stm32cube.ide.mcu.externaltools.gnu-tools-for-stm32.11.3.rel1.win32_1.1.100.202309141235/tools/bin/../lib/gcc/arm-none-eabi/11.3.1/../../../../arm-none-eabi/lib/thumb/v7e-m+fp/hard\libc_nano.a(libc_a-nano-svfprintf.o)
 .ARM.attributes
                0x0000000000000772       0x34 C:/ST/STM32CubeIDE_1.7.0/STM32CubeIDE/plugins/com.st.stm32cube.ide.mcu.externaltools.gnu-tools-for-stm32.11.3.rel1.win32_1.1.100.202309141235/tools/bin/../lib/gcc/arm-none-eabi/11.3.1/../../../../arm-none-eabi/lib/thumb/v7e-m+fp/hard\libc_nano.a(libc_a-nano-vfprintf_i.o)
 .ARM.attributes
                0x00000000000007a6       0x34 C:/ST/STM32CubeIDE_1.7.0/STM32CubeIDE/plugins/com.st.stm32cube.ide.mcu.externaltools.gnu-tools-for-stm32.11.3.rel1.win32_1.1.100.202309141235/tools/bin/../lib/gcc/arm-none-eabi/11.3.1/../../../../arm-none-eabi/lib/thumb/v7e-m+fp/hard\libc_nano.a(libc_a-memmove.o)
 .ARM.attributes
                0x00000000000007da       0x34 C:/ST/STM32CubeIDE_1.7.0/STM32CubeIDE/plugins/com.st.stm32cube.ide.mcu.externaltools.gnu-tools-for-stm32.11.3.rel1.win32_1.1.100.202309141235/tools/bin/../lib/gcc/arm-none-eabi/11.3.1/../../../../arm-none-eabi/lib/thumb/v7e-m+fp/hard\libc_nano.a(libc_a-sbrkr.o)
 .ARM.attributes
                0x000000000000080e       0x1c C:/ST/STM32CubeIDE_1.7.0/STM32CubeIDE/plugins/com.st.stm32cube.ide.mcu.externaltools.gnu-tools-for-stm32.11.3.rel1.win32_1.1.100.202309141235/tools/bin/../lib/gcc/arm-none-eabi/11.3.1/../../../../arm-none-eabi/lib/thumb/v7e-m+fp/hard\libc_nano.a(libc_a-memchr.o)
 .ARM.attributes
                0x000000000000082a       0x34 C:/ST/STM32CubeIDE_1.7.0/STM32CubeIDE/plugins/com.st.stm32cube.ide.mcu.externaltools.gnu-tools-for-stm32.11.3.rel1.win32_1.1.100.202309141235/tools/bin/../lib/gcc/arm-none-eabi/11.3.1/../../../../arm-none-eabi/lib/thumb/v7e-m+fp/hard\libc_nano.a(libc_a-memcpy-stub.o)
 .ARM.attributes
                0x000000000000085e       0x34 C:/ST/STM32CubeIDE_1.7.0/STM32CubeIDE/plugins/com.st.stm32cube.ide.mcu.externaltools.gnu-tools-for-stm32.11.3.rel1.win32_1.1.100.202309141235/tools/bin/../lib/gcc/arm-none-eabi/11.3.1/../../../../arm-none-eabi/lib/thumb/v7e-m+fp/hard\libc_nano.a(libc_a-reallocr.o)
 .ARM.attributes
                0x0000000000000892       0x34 C:/ST/STM32CubeIDE_1.7.0/STM32CubeIDE/plugins/com.st.stm32cube.ide.mcu.externaltools.gnu-tools-for-stm32.11.3.rel1.win32_1.1.100.202309141235/tools/bin/../lib/gcc/arm-none-eabi/11.3.1/../../../../arm-none-eabi/lib/thumb/v7e-m+fp/hard\libc_nano.a(libc_a-msizer.o)
 .ARM.attributes
                0x00000000000008c6       0x1e C:/ST/STM32CubeIDE_1.7.0/STM32CubeIDE/plugins/com.st.stm32cube.ide.mcu.externaltools.gnu-tools-for-stm32.11.3.rel1.win32_1.1.100.202309141235/tools/bin/../lib/gcc/arm-none-eabi/11.3.1/thumb/v7e-m+fp/hard\libgcc.a(_aeabi_uldivmod.o)
 .ARM.attributes
                0x00000000000008e4       0x34 C:/ST/STM32CubeIDE_1.7.0/STM32CubeIDE/plugins/com.st.stm32cube.ide.mcu.externaltools.gnu-tools-for-stm32.11.3.rel1.win32_1.1.100.202309141235/tools/bin/../lib/gcc/arm-none-eabi/11.3.1/thumb/v7e-m+fp/hard\libgcc.a(_udivmoddi4.o)
 .ARM.attributes
                0x0000000000000918       0x1e C:/ST/STM32CubeIDE_1.7.0/STM32CubeIDE/plugins/com.st.stm32cube.ide.mcu.externaltools.gnu-tools-for-stm32.11.3.rel1.win32_1.1.100.202309141235/tools/bin/../lib/gcc/arm-none-eabi/11.3.1/thumb/v7e-m+fp/hard\libgcc.a(_dvmd_tls.o)
 .ARM.attributes
                0x0000000000000936       0x1e C:/ST/STM32CubeIDE_1.7.0/STM32CubeIDE/plugins/com.st.stm32cube.ide.mcu.externaltools.gnu-tools-for-stm32.11.3.rel1.win32_1.1.100.202309141235/tools/bin/../lib/gcc/arm-none-eabi/11.3.1/thumb/v7e-m+fp/hard/crtn.o
OUTPUT(lab05_ex3.elf elf32-littlearm)
LOAD linker stubs
LOAD C:/ST/STM32CubeIDE_1.7.0/STM32CubeIDE/plugins/com.st.stm32cube.ide.mcu.externaltools.gnu-tools-for-stm32.11.3.rel1.win32_1.1.100.202309141235/tools/bin/../lib/gcc/arm-none-eabi/11.3.1/../../../../arm-none-eabi/lib/thumb/v7e-m+fp/hard\libc.a
LOAD C:/ST/STM32CubeIDE_1.7.0/STM32CubeIDE/plugins/com.st.stm32cube.ide.mcu.externaltools.gnu-tools-for-stm32.11.3.rel1.win32_1.1.100.202309141235/tools/bin/../lib/gcc/arm-none-eabi/11.3.1/../../../../arm-none-eabi/lib/thumb/v7e-m+fp/hard\libm.a
LOAD C:/ST/STM32CubeIDE_1.7.0/STM32CubeIDE/plugins/com.st.stm32cube.ide.mcu.externaltools.gnu-tools-for-stm32.11.3.rel1.win32_1.1.100.202309141235/tools/bin/../lib/gcc/arm-none-eabi/11.3.1/thumb/v7e-m+fp/hard\libgcc.a

.comment        0x0000000000000000       0x43
 .comment       0x0000000000000000       0x43 C:/ST/STM32CubeIDE_1.7.0/STM32CubeIDE/plugins/com.st.stm32cube.ide.mcu.externaltools.gnu-tools-for-stm32.11.3.rel1.win32_1.1.100.202309141235/tools/bin/../lib/gcc/arm-none-eabi/11.3.1/thumb/v7e-m+fp/hard/crtbegin.o
                                         0x44 (size before relaxing)
 .comment       0x0000000000000043       0x44 ./Core/Src/main.o
 .comment       0x0000000000000043       0x44 ./Core/Src/stm32f4xx_hal_msp.o
 .comment       0x0000000000000043       0x44 ./Core/Src/stm32f4xx_it.o
 .comment       0x0000000000000043       0x44 ./Core/Src/stm32f4xx_nucleo_bus.o
 .comment       0x0000000000000043       0x44 ./Core/Src/sysmem.o
 .comment       0x0000000000000043       0x44 ./Core/Src/system_stm32f4xx.o
 .comment       0x0000000000000043       0x44 ./Drivers/BSP/Components/lis2dw12/lis2dw12.o
 .comment       0x0000000000000043       0x44 ./Drivers/BSP/Components/lis2dw12/lis2dw12_reg.o
 .comment       0x0000000000000043       0x44 ./Drivers/BSP/Components/lis2mdl/lis2mdl.o
 .comment       0x0000000000000043       0x44 ./Drivers/BSP/Components/lis2mdl/lis2mdl_reg.o
 .comment       0x0000000000000043       0x44 ./Drivers/BSP/Components/lsm6dso/lsm6dso.o
 .comment       0x0000000000000043       0x44 ./Drivers/BSP/Components/lsm6dso/lsm6dso_reg.o
 .comment       0x0000000000000043       0x44 ./Drivers/BSP/IKS01A3/iks01a3_motion_sensors.o
 .comment       0x0000000000000043       0x44 ./Drivers/STM32F4xx_HAL_Driver/Src/stm32f4xx_hal.o
 .comment       0x0000000000000043       0x44 ./Drivers/STM32F4xx_HAL_Driver/Src/stm32f4xx_hal_cortex.o
 .comment       0x0000000000000043       0x44 ./Drivers/STM32F4xx_HAL_Driver/Src/stm32f4xx_hal_dma.o
 .comment       0x0000000000000043       0x44 ./Drivers/STM32F4xx_HAL_Driver/Src/stm32f4xx_hal_gpio.o
 .comment       0x0000000000000043       0x44 ./Drivers/STM32F4xx_HAL_Driver/Src/stm32f4xx_hal_i2c.o
 .comment       0x0000000000000043       0x44 ./Drivers/STM32F4xx_HAL_Driver/Src/stm32f4xx_hal_rcc.o
 .comment       0x0000000000000043       0x44 ./Drivers/STM32F4xx_HAL_Driver/Src/stm32f4xx_hal_tim.o
 .comment       0x0000000000000043       0x44 ./Drivers/STM32F4xx_HAL_Driver/Src/stm32f4xx_hal_tim_ex.o
 .comment       0x0000000000000043       0x44 ./Drivers/STM32F4xx_HAL_Driver/Src/stm32f4xx_hal_uart.o

.debug_info     0x0000000000000000    0x2b613
 .debug_info    0x0000000000000000     0x12d6 ./Core/Src/main.o
 .debug_info    0x00000000000012d6      0xee0 ./Core/Src/stm32f4xx_hal_msp.o
 .debug_info    0x00000000000021b6      0x999 ./Core/Src/stm32f4xx_it.o
 .debug_info    0x0000000000002b4f      0xdfa ./Core/Src/stm32f4xx_nucleo_bus.o
 .debug_info    0x0000000000003949      0x168 ./Core/Src/sysmem.o
 .debug_info    0x0000000000003ab1      0x53e ./Core/Src/system_stm32f4xx.o
 .debug_info    0x0000000000003fef       0x23 ./Core/Startup/startup_stm32f401retx.o
 .debug_info    0x0000000000004012     0x1c21 ./Drivers/BSP/Components/lis2dw12/lis2dw12.o
 .debug_info    0x0000000000005c33     0x3439 ./Drivers/BSP/Components/lis2dw12/lis2dw12_reg.o
 .debug_info    0x000000000000906c     0x1300 ./Drivers/BSP/Components/lis2mdl/lis2mdl.o
 .debug_info    0x000000000000a36c     0x1656 ./Drivers/BSP/Components/lis2mdl/lis2mdl_reg.o
 .debug_info    0x000000000000b9c2     0x69ae ./Drivers/BSP/Components/lsm6dso/lsm6dso.o
 .debug_info    0x0000000000012370     0xb85e ./Drivers/BSP/Components/lsm6dso/lsm6dso_reg.o
 .debug_info    0x000000000001dbce     0x1a11 ./Drivers/BSP/IKS01A3/iks01a3_motion_sensors.o
 .debug_info    0x000000000001f5df      0x8bb ./Drivers/STM32F4xx_HAL_Driver/Src/stm32f4xx_hal.o
 .debug_info    0x000000000001fe9a      0xcc1 ./Drivers/STM32F4xx_HAL_Driver/Src/stm32f4xx_hal_cortex.o
 .debug_info    0x0000000000020b5b      0x8e6 ./Drivers/STM32F4xx_HAL_Driver/Src/stm32f4xx_hal_dma.o
 .debug_info    0x0000000000021441      0x6f9 ./Drivers/STM32F4xx_HAL_Driver/Src/stm32f4xx_hal_gpio.o
 .debug_info    0x0000000000021b3a     0x2426 ./Drivers/STM32F4xx_HAL_Driver/Src/stm32f4xx_hal_i2c.o
 .debug_info    0x0000000000023f60      0x8f3 ./Drivers/STM32F4xx_HAL_Driver/Src/stm32f4xx_hal_rcc.o
 .debug_info    0x0000000000024853     0x2996 ./Drivers/STM32F4xx_HAL_Driver/Src/stm32f4xx_hal_tim.o
 .debug_info    0x00000000000271e9     0x14d4 ./Drivers/STM32F4xx_HAL_Driver/Src/stm32f4xx_hal_tim_ex.o
 .debug_info    0x00000000000286bd     0x2f56 ./Drivers/STM32F4xx_HAL_Driver/Src/stm32f4xx_hal_uart.o

.debug_abbrev   0x0000000000000000     0x34ba
 .debug_abbrev  0x0000000000000000      0x2df ./Core/Src/main.o
 .debug_abbrev  0x00000000000002df      0x1de ./Core/Src/stm32f4xx_hal_msp.o
 .debug_abbrev  0x00000000000004bd      0x1af ./Core/Src/stm32f4xx_it.o
 .debug_abbrev  0x000000000000066c      0x2b5 ./Core/Src/stm32f4xx_nucleo_bus.o
 .debug_abbrev  0x0000000000000921       0xbc ./Core/Src/sysmem.o
 .debug_abbrev  0x00000000000009dd      0x11a ./Core/Src/system_stm32f4xx.o
 .debug_abbrev  0x0000000000000af7       0x12 ./Core/Startup/startup_stm32f401retx.o
 .debug_abbrev  0x0000000000000b09      0x309 ./Drivers/BSP/Components/lis2dw12/lis2dw12.o
 .debug_abbrev  0x0000000000000e12      0x24e ./Drivers/BSP/Components/lis2dw12/lis2dw12_reg.o
 .debug_abbrev  0x0000000000001060      0x2bb ./Drivers/BSP/Components/lis2mdl/lis2mdl.o
 .debug_abbrev  0x000000000000131b      0x23d ./Drivers/BSP/Components/lis2mdl/lis2mdl_reg.o
 .debug_abbrev  0x0000000000001558      0x34c ./Drivers/BSP/Components/lsm6dso/lsm6dso.o
 .debug_abbrev  0x00000000000018a4      0x285 ./Drivers/BSP/Components/lsm6dso/lsm6dso_reg.o
 .debug_abbrev  0x0000000000001b29      0x27d ./Drivers/BSP/IKS01A3/iks01a3_motion_sensors.o
 .debug_abbrev  0x0000000000001da6      0x24b ./Drivers/STM32F4xx_HAL_Driver/Src/stm32f4xx_hal.o
 .debug_abbrev  0x0000000000001ff1      0x328 ./Drivers/STM32F4xx_HAL_Driver/Src/stm32f4xx_hal_cortex.o
 .debug_abbrev  0x0000000000002319      0x221 ./Drivers/STM32F4xx_HAL_Driver/Src/stm32f4xx_hal_dma.o
 .debug_abbrev  0x000000000000253a      0x1d3 ./Drivers/STM32F4xx_HAL_Driver/Src/stm32f4xx_hal_gpio.o
 .debug_abbrev  0x000000000000270d      0x2bc ./Drivers/STM32F4xx_HAL_Driver/Src/stm32f4xx_hal_i2c.o
 .debug_abbrev  0x00000000000029c9      0x2b5 ./Drivers/STM32F4xx_HAL_Driver/Src/stm32f4xx_hal_rcc.o
 .debug_abbrev  0x0000000000002c7e      0x28b ./Drivers/STM32F4xx_HAL_Driver/Src/stm32f4xx_hal_tim.o
 .debug_abbrev  0x0000000000002f09      0x296 ./Drivers/STM32F4xx_HAL_Driver/Src/stm32f4xx_hal_tim_ex.o
 .debug_abbrev  0x000000000000319f      0x31b ./Drivers/STM32F4xx_HAL_Driver/Src/stm32f4xx_hal_uart.o

.debug_aranges  0x0000000000000000     0x2518
 .debug_aranges
                0x0000000000000000       0x50 ./Core/Src/main.o
 .debug_aranges
                0x0000000000000050       0x40 ./Core/Src/stm32f4xx_hal_msp.o
 .debug_aranges
                0x0000000000000090       0x70 ./Core/Src/stm32f4xx_it.o
 .debug_aranges
                0x0000000000000100       0x80 ./Core/Src/stm32f4xx_nucleo_bus.o